Archive member included because of file (symbol)

c:/dave-3.1.10/arm-gcc/bin/../lib/gcc/arm-none-eabi/4.7.4/armv7e-m\libgcc.a(_arm_addsubdf3.o)
                              Main.o (__aeabi_dadd)
c:/dave-3.1.10/arm-gcc/bin/../lib/gcc/arm-none-eabi/4.7.4/armv7e-m\libgcc.a(_arm_cmpdf2.o)
                              Main.o (__aeabi_dcmplt)
c:/dave-3.1.10/arm-gcc/bin/../lib/gcc/arm-none-eabi/4.7.4/../../../../arm-none-eabi/lib/armv7e-m\libg.a(lib_a-init.o)
                              Startup/startup_XMC4500.o (__libc_init_array)
c:/dave-3.1.10/arm-gcc/bin/../lib/gcc/arm-none-eabi/4.7.4/../../../../arm-none-eabi/lib/armv7e-m\libg.a(lib_a-memcpy.o)
                              Main.o (memcpy)
c:/dave-3.1.10/arm-gcc/bin/../lib/gcc/arm-none-eabi/4.7.4/../../../../arm-none-eabi/lib/armv7e-m\libg.a(lib_a-sprintf.o)
                              Main.o (sprintf)
c:/dave-3.1.10/arm-gcc/bin/../lib/gcc/arm-none-eabi/4.7.4/../../../../arm-none-eabi/lib/armv7e-m\libg.a(lib_a-strlen.o)
                              Main.o (strlen)
c:/dave-3.1.10/arm-gcc/bin/../lib/gcc/arm-none-eabi/4.7.4/../../../../arm-none-eabi/lib/armv7e-m\libg.a(lib_a-svfprintf.o)
                              c:/dave-3.1.10/arm-gcc/bin/../lib/gcc/arm-none-eabi/4.7.4/../../../../arm-none-eabi/lib/armv7e-m\libg.a(lib_a-sprintf.o) (_svfprintf_r)
c:/dave-3.1.10/arm-gcc/bin/../lib/gcc/arm-none-eabi/4.7.4/../../../../arm-none-eabi/lib/armv7e-m\libg.a(lib_a-dtoa.o)
                              c:/dave-3.1.10/arm-gcc/bin/../lib/gcc/arm-none-eabi/4.7.4/../../../../arm-none-eabi/lib/armv7e-m\libg.a(lib_a-svfprintf.o) (_dtoa_r)
c:/dave-3.1.10/arm-gcc/bin/../lib/gcc/arm-none-eabi/4.7.4/../../../../arm-none-eabi/lib/armv7e-m\libg.a(lib_a-impure.o)
                              c:/dave-3.1.10/arm-gcc/bin/../lib/gcc/arm-none-eabi/4.7.4/../../../../arm-none-eabi/lib/armv7e-m\libg.a(lib_a-sprintf.o) (_impure_ptr)
c:/dave-3.1.10/arm-gcc/bin/../lib/gcc/arm-none-eabi/4.7.4/../../../../arm-none-eabi/lib/armv7e-m\libg.a(lib_a-locale.o)
                              c:/dave-3.1.10/arm-gcc/bin/../lib/gcc/arm-none-eabi/4.7.4/../../../../arm-none-eabi/lib/armv7e-m\libg.a(lib_a-svfprintf.o) (_localeconv_r)
c:/dave-3.1.10/arm-gcc/bin/../lib/gcc/arm-none-eabi/4.7.4/../../../../arm-none-eabi/lib/armv7e-m\libg.a(lib_a-mallocr.o)
                              c:/dave-3.1.10/arm-gcc/bin/../lib/gcc/arm-none-eabi/4.7.4/../../../../arm-none-eabi/lib/armv7e-m\libg.a(lib_a-svfprintf.o) (_malloc_r)
c:/dave-3.1.10/arm-gcc/bin/../lib/gcc/arm-none-eabi/4.7.4/../../../../arm-none-eabi/lib/armv7e-m\libg.a(lib_a-memchr.o)
                              c:/dave-3.1.10/arm-gcc/bin/../lib/gcc/arm-none-eabi/4.7.4/../../../../arm-none-eabi/lib/armv7e-m\libg.a(lib_a-svfprintf.o) (memchr)
c:/dave-3.1.10/arm-gcc/bin/../lib/gcc/arm-none-eabi/4.7.4/../../../../arm-none-eabi/lib/armv7e-m\libg.a(lib_a-mlock.o)
                              c:/dave-3.1.10/arm-gcc/bin/../lib/gcc/arm-none-eabi/4.7.4/../../../../arm-none-eabi/lib/armv7e-m\libg.a(lib_a-mallocr.o) (__malloc_lock)
c:/dave-3.1.10/arm-gcc/bin/../lib/gcc/arm-none-eabi/4.7.4/../../../../arm-none-eabi/lib/armv7e-m\libg.a(lib_a-mprec.o)
                              c:/dave-3.1.10/arm-gcc/bin/../lib/gcc/arm-none-eabi/4.7.4/../../../../arm-none-eabi/lib/armv7e-m\libg.a(lib_a-dtoa.o) (_Balloc)
c:/dave-3.1.10/arm-gcc/bin/../lib/gcc/arm-none-eabi/4.7.4/../../../../arm-none-eabi/lib/armv7e-m\libg.a(lib_a-s_fpclassify.o)
                              c:/dave-3.1.10/arm-gcc/bin/../lib/gcc/arm-none-eabi/4.7.4/../../../../arm-none-eabi/lib/armv7e-m\libg.a(lib_a-svfprintf.o) (__fpclassifyd)
c:/dave-3.1.10/arm-gcc/bin/../lib/gcc/arm-none-eabi/4.7.4/../../../../arm-none-eabi/lib/armv7e-m\libg.a(lib_a-sbrkr.o)
                              c:/dave-3.1.10/arm-gcc/bin/../lib/gcc/arm-none-eabi/4.7.4/../../../../arm-none-eabi/lib/armv7e-m\libg.a(lib_a-mallocr.o) (_sbrk_r)
c:/dave-3.1.10/arm-gcc/bin/../lib/gcc/arm-none-eabi/4.7.4/../../../../arm-none-eabi/lib/armv7e-m\libg.a(lib_a-strcmp.o)
                              c:/dave-3.1.10/arm-gcc/bin/../lib/gcc/arm-none-eabi/4.7.4/../../../../arm-none-eabi/lib/armv7e-m\libg.a(lib_a-locale.o) (strcmp)
c:/dave-3.1.10/arm-gcc/bin/../lib/gcc/arm-none-eabi/4.7.4/../../../../arm-none-eabi/lib/armv7e-m\libg.a(lib_a-svfiprintf.o)
                              c:/dave-3.1.10/arm-gcc/bin/../lib/gcc/arm-none-eabi/4.7.4/../../../../arm-none-eabi/lib/armv7e-m\libg.a(lib_a-svfprintf.o) (__ssprint_r)
c:/dave-3.1.10/arm-gcc/bin/../lib/gcc/arm-none-eabi/4.7.4/../../../../arm-none-eabi/lib/armv7e-m\libg.a(lib_a-callocr.o)
                              c:/dave-3.1.10/arm-gcc/bin/../lib/gcc/arm-none-eabi/4.7.4/../../../../arm-none-eabi/lib/armv7e-m\libg.a(lib_a-mprec.o) (_calloc_r)
c:/dave-3.1.10/arm-gcc/bin/../lib/gcc/arm-none-eabi/4.7.4/../../../../arm-none-eabi/lib/armv7e-m\libg.a(lib_a-freer.o)
[...]
Memory Configuration

Name             Origin             Length             Attributes
FLASH_1_cached   0x08000000         0x00100000         xr
FLASH_1_uncached 0x0c000000         0x00100000         xr
PSRAM_1          0x10000000         0x00010000         !xr
DSRAM_1_system   0x20000000         0x00010000         !xr
DSRAM_2_comm     0x30000000         0x00008000         !xr
*default*        0x00000000         0xffffffff

Linker script and memory map

LOAD Main.o
LOAD Timer.o
LOAD Startup/startup_XMC4500.o
LOAD Startup/system_XMC4500.o
LOAD Lib/System_LibcStubs.o
LOAD Dave/Generated/src/UART001/UART001.o
LOAD Dave/Generated/src/UART001/UART001_Conf.o
LOAD Dave/Generated/src/SYSTM001/SYSTM001.o
LOAD Dave/Generated/src/RESET001/RESET001.o
LOAD Dave/Generated/src/NVIC002/NVIC002.o
LOAD Dave/Generated/src/NVIC002/NVIC002_Conf.o
LOAD Dave/Generated/src/LIBS/CCU8PWMLIB.o
LOAD Dave/Generated/src/LIBS/MOTORLIB.o
LOAD Dave/Generated/src/IO004/IO004.o
LOAD Dave/Generated/src/IO004/IO004_Conf.o
LOAD Dave/Generated/src/DAVESupport/DAVE3.o
LOAD Dave/Generated/src/DAVESupport/MULTIPLEXER.o
LOAD Dave/Generated/src/CLK001/CLK001.o
LOAD Dave/Generated/src/CANGLOBAL/CANGLOBAL.o
LOAD Dave/Generated/src/CAN001/CAN001.o
LOAD Dave/Generated/src/CAN001/CAN001_Conf.o
START GROUP
LOAD c:/dave-3.1.10/arm-gcc/bin/../lib/gcc/arm-none-eabi/4.7.4/armv7e-m\libgcc.a
LOAD c:/dave-3.1.10/arm-gcc/bin/../lib/gcc/arm-none-eabi/4.7.4/../../../../arm-none-eabi/lib/armv7e-m\libg.a
LOAD c:/dave-3.1.10/arm-gcc/bin/../lib/gcc/arm-none-eabi/4.7.4/../../../../arm-none-eabi/lib/armv7e-m\libc.a
END GROUP
                0x00000800                stack_size = 0x800

.text           0x08000000     0xcaa8 load address 0x0c000000
                0x08000000                sText = .
 *(.Xmc4500.reset)
 .Xmc4500.reset
                0x08000000      0x21c Startup/startup_XMC4500.o
                0x08000000                __Xmc4500_interrupt_vector_cortex_m
                0x08000200                __Xmc4500_reset_cortex_m
 *(.Xmc4500.postreset)
 .Xmc4500.postreset
                0x0800021c       0x94 Startup/startup_XMC4500.o
 *(.XmcStartup)
 .XmcStartup    0x080002b0        0x4 Startup/startup_XMC4500.o
 *(.text .text.* .gnu.linkonce.t.*)
 .text          0x080002b4        0x0 Main.o
 .text.main     0x080002b4      0x1fc Main.o
                0x080002b4                main
 .text.CAN0_1_IRQHandler
                0x080004b0      0x2fc Main.o
                0x080004b0                CAN0_1_IRQHandler
 *fill*         0x080007ac        0x4 00
 .text.delay    0x080007b0       0x58 Main.o
                0x080007b0                delay
 .text.StoreData
                0x08000808      0x65c Main.o
                0x08000808                StoreData
 .text.PrintData
                0x08000e64      0x2b8 Main.o
                0x08000e64                PrintData
 .text.TimerInt
                0x0800111c       0xfc Main.o
                0x0800111c                TimerInt
 .text.Get_PID  0x08001218      0x140 Main.o
                0x08001218                Get_PID
 .text.TimerWaitISR
                0x08001358       0x40 Main.o
                0x08001358                TimerWaitISR
 .text.print_Uart
                0x08001398       0x40 Main.o
                0x08001398                print_Uart
 .text.is_pid_supported
                0x080013d8      0x11c Main.o
                0x080013d8                is_pid_supported
 .text          0x080014f4        0x0 Timer.o
 .text          0x080014f4      0x82c Startup/startup_XMC4500.o
                0x080014f4                NMI_Handler
                0x080014f6                NMI_Handler_Veneer
                0x08001504                HardFault_Handler
                0x08001506                HardFault_Handler_Veneer
                0x08001514                MemManage_Handler
                0x08001516                MemManage_Handler_Veneer
                0x08001524                BusFault_Handler
                0x08001526                BusFault_Handler_Veneer
                0x08001534                UsageFault_Handler
                0x08001536                UsageFault_Handler_Veneer
                0x08001544                SVC_Handler
                0x08001546                SVC_Handler_Veneer
                0x08001554                DebugMon_Handler
                0x08001556                DebugMon_Handler_Veneer
                0x08001564                PendSV_Handler
                0x08001566                PendSV_Handler_Veneer
                0x08001576                SysTick_Handler_Veneer
                0x08001584                SCU_0_IRQHandler
                0x08001586                SCU_0_IRQHandler_Veneer
                0x08001594                ERU0_0_IRQHandler
                0x08001596                ERU0_0_IRQHandler_Veneer
                0x080015a4                ERU0_1_IRQHandler
                0x080015a6                ERU0_1_IRQHandler_Veneer
                0x080015b4                ERU0_2_IRQHandler
                0x080015b6                ERU0_2_IRQHandler_Veneer
                0x080015c4                ERU0_3_IRQHandler
                0x080015c6                ERU0_3_IRQHandler_Veneer
                0x080015d4                ERU1_0_IRQHandler
                0x080015d6                ERU1_0_IRQHandler_Veneer
                0x080015e4                ERU1_1_IRQHandler
                0x080015e6                ERU1_1_IRQHandler_Veneer
                0x080015f4                ERU1_2_IRQHandler
                0x080015f6                ERU1_2_IRQHandler_Veneer
                0x08001604                ERU1_3_IRQHandler
                0x08001606                ERU1_3_IRQHandler_Veneer
                0x08001614                PMU0_0_IRQHandler
                0x08001616                PMU0_0_IRQHandler_Veneer
                0x08001624                VADC0_C0_0_IRQHandler
                0x08001626                VADC0_C0_0_IRQHandler_Veneer
                0x08001634                VADC0_C0_1_IRQHandler
                0x08001636                VADC0_C0_1_IRQHandler_Veneer
                0x08001644                VADC0_C0_2_IRQHandler
                0x08001646                VADC0_C0_2_IRQHandler_Veneer
                0x08001654                VADC0_C0_3_IRQHandler
                0x08001656                VADC0_C0_3_IRQHandler_Veneer
                0x08001664                VADC0_G0_0_IRQHandler
                0x08001666                VADC0_G0_0_IRQHandler_Veneer
                0x08001674                VADC0_G0_1_IRQHandler
                0x08001676                VADC0_G0_1_IRQHandler_Veneer
                0x08001684                VADC0_G0_2_IRQHandler
                0x08001686                VADC0_G0_2_IRQHandler_Veneer
                0x08001694                VADC0_G0_3_IRQHandler
                0x08001696                VADC0_G0_3_IRQHandler_Veneer
                0x080016a4                VADC0_G1_0_IRQHandler
                0x080016a6                VADC0_G1_0_IRQHandler_Veneer
                0x080016b4                VADC0_G1_1_IRQHandler
                0x080016b6                VADC0_G1_1_IRQHandler_Veneer
                0x080016c4                VADC0_G1_2_IRQHandler
                0x080016c6                VADC0_G1_2_IRQHandler_Veneer
                0x080016d4                VADC0_G1_3_IRQHandler
                0x080016d6                VADC0_G1_3_IRQHandler_Veneer
                0x080016e4                VADC0_G2_0_IRQHandler
                0x080016e6                VADC0_G2_0_IRQHandler_Veneer
                0x080016f4                VADC0_G2_1_IRQHandler
                0x080016f6                VADC0_G2_1_IRQHandler_Veneer
                0x08001704                VADC0_G2_2_IRQHandler
                0x08001706                VADC0_G2_2_IRQHandler_Veneer
                0x08001714                VADC0_G2_3_IRQHandler
                0x08001716                VADC0_G2_3_IRQHandler_Veneer
                0x08001724                VADC0_G3_0_IRQHandler
                0x08001726                VADC0_G3_0_IRQHandler_Veneer
                0x08001734                VADC0_G3_1_IRQHandler
                0x08001736                VADC0_G3_1_IRQHandler_Veneer
                0x08001744                VADC0_G3_2_IRQHandler
                0x08001746                VADC0_G3_2_IRQHandler_Veneer
                0x08001754                VADC0_G3_3_IRQHandler
                0x08001756                VADC0_G3_3_IRQHandler_Veneer
                0x08001764                DSD0_0_IRQHandler
                0x08001766                DSD0_0_IRQHandler_Veneer
                0x08001774                DSD0_1_IRQHandler
                0x08001776                DSD0_1_IRQHandler_Veneer
                0x08001784                DSD0_2_IRQHandler
                0x08001786                DSD0_2_IRQHandler_Veneer
                0x08001794                DSD0_3_IRQHandler
                0x08001796                DSD0_3_IRQHandler_Veneer
                0x080017a4                DSD0_4_IRQHandler
                0x080017a6                DSD0_4_IRQHandler_Veneer
                0x080017b4                DSD0_5_IRQHandler
                0x080017b6                DSD0_5_IRQHandler_Veneer
                0x080017c4                DSD0_6_IRQHandler
                0x080017c6                DSD0_6_IRQHandler_Veneer
                0x080017d4                DSD0_7_IRQHandler
                0x080017d6                DSD0_7_IRQHandler_Veneer
                0x080017e4                DAC0_0_IRQHandler
                0x080017e6                DAC0_0_IRQHandler_Veneer
                0x080017f4                DAC0_1_IRQHandler
                0x080017f6                DAC0_1_IRQHandler_Veneer
                0x08001804                CCU40_0_IRQHandler
                0x08001806                CCU40_0_IRQHandler_Veneer
                0x08001814                CCU40_1_IRQHandler
                0x08001816                CCU40_1_IRQHandler_Veneer
                0x08001824                CCU40_2_IRQHandler
                0x08001826                CCU40_2_IRQHandler_Veneer
                0x08001834                CCU40_3_IRQHandler
                0x08001836                CCU40_3_IRQHandler_Veneer
                0x08001844                CCU41_0_IRQHandler
                0x08001846                CCU41_0_IRQHandler_Veneer
                0x08001852                CCU41_1_IRQHandler
                0x08001854                CCU41_1_IRQHandler_Veneer
                0x08001860                CCU41_2_IRQHandler
                0x08001862                CCU41_2_IRQHandler_Veneer
                0x0800186e                CCU41_3_IRQHandler
                0x08001870                CCU41_3_IRQHandler_Veneer
                0x0800187c                CCU42_0_IRQHandler
                0x0800187e                CCU42_0_IRQHandler_Veneer
                0x0800188a                CCU42_1_IRQHandler
                0x0800188c                CCU42_1_IRQHandler_Veneer
                0x08001898                CCU42_2_IRQHandler
                0x0800189a                CCU42_2_IRQHandler_Veneer
                0x080018a6                CCU42_3_IRQHandler
                0x080018a8                CCU42_3_IRQHandler_Veneer
                0x080018b4                CCU43_0_IRQHandler
                0x080018b6                CCU43_0_IRQHandler_Veneer
                0x080018c2                CCU43_1_IRQHandler
                0x080018c4                CCU43_1_IRQHandler_Veneer
                0x080018d0                CCU43_2_IRQHandler
                0x080018d2                CCU43_2_IRQHandler_Veneer
                0x080018de                CCU43_3_IRQHandler
                0x080018e0                CCU43_3_IRQHandler_Veneer
                0x080018ec                CCU80_0_IRQHandler
                0x080018ee                CCU80_0_IRQHandler_Veneer
                0x080018fa                CCU80_1_IRQHandler
                0x080018fc                CCU80_1_IRQHandler_Veneer
                0x08001908                CCU80_2_IRQHandler
                0x0800190a                CCU80_2_IRQHandler_Veneer
                0x08001916                CCU80_3_IRQHandler
                0x08001918                CCU80_3_IRQHandler_Veneer
                0x08001924                CCU81_0_IRQHandler
                0x08001926                CCU81_0_IRQHandler_Veneer
                0x08001932                CCU81_1_IRQHandler
                0x08001934                CCU81_1_IRQHandler_Veneer
                0x08001940                CCU81_2_IRQHandler
                0x08001942                CCU81_2_IRQHandler_Veneer
                0x0800194e                CCU81_3_IRQHandler
                0x08001950                CCU81_3_IRQHandler_Veneer
                0x0800195c                POSIF0_0_IRQHandler
                0x0800195e                POSIF0_0_IRQHandler_Veneer
                0x0800196a                POSIF0_1_IRQHandler
                0x0800196c                POSIF0_1_IRQHandler_Veneer
                0x08001978                POSIF1_0_IRQHandler
                0x0800197a                POSIF1_0_IRQHandler_Veneer
                0x08001986                POSIF1_1_IRQHandler
                0x08001988                POSIF1_1_IRQHandler_Veneer
                0x08001994                CAN0_0_IRQHandler
                0x08001996                CAN0_0_IRQHandler_Veneer
                0x080019a4                CAN0_1_IRQHandler_Veneer
                0x080019b0                CAN0_2_IRQHandler
                0x080019b2                CAN0_2_IRQHandler_Veneer
                0x080019be                CAN0_3_IRQHandler
                0x080019c0                CAN0_3_IRQHandler_Veneer
                0x080019cc                CAN0_4_IRQHandler
                0x080019ce                CAN0_4_IRQHandler_Veneer
                0x080019da                CAN0_5_IRQHandler
                0x080019dc                CAN0_5_IRQHandler_Veneer
                0x080019e8                CAN0_6_IRQHandler
                0x080019ea                CAN0_6_IRQHandler_Veneer
                0x080019f6                CAN0_7_IRQHandler
                0x080019f8                CAN0_7_IRQHandler_Veneer
                0x08001a04                USIC0_0_IRQHandler
                0x08001a06                USIC0_0_IRQHandler_Veneer
                0x08001a12                USIC0_1_IRQHandler
                0x08001a14                USIC0_1_IRQHandler_Veneer
                0x08001a20                USIC0_2_IRQHandler
                0x08001a22                USIC0_2_IRQHandler_Veneer
                0x08001a2e                USIC0_3_IRQHandler
                0x08001a30                USIC0_3_IRQHandler_Veneer
                0x08001a3c                USIC0_4_IRQHandler
                0x08001a3e                USIC0_4_IRQHandler_Veneer
                0x08001a4a                USIC0_5_IRQHandler
                0x08001a4c                USIC0_5_IRQHandler_Veneer
                0x08001a58                USIC1_0_IRQHandler
                0x08001a5a                USIC1_0_IRQHandler_Veneer
                0x08001a66                USIC1_1_IRQHandler
                0x08001a68                USIC1_1_IRQHandler_Veneer
                0x08001a74                USIC1_2_IRQHandler
                0x08001a76                USIC1_2_IRQHandler_Veneer
                0x08001a82                USIC1_3_IRQHandler
                0x08001a84                USIC1_3_IRQHandler_Veneer
                0x08001a90                USIC1_4_IRQHandler
                0x08001a92                USIC1_4_IRQHandler_Veneer
                0x08001a9e                USIC1_5_IRQHandler
                0x08001aa0                USIC1_5_IRQHandler_Veneer
                0x08001aac                USIC2_0_IRQHandler
                0x08001aae                USIC2_0_IRQHandler_Veneer
                0x08001aba                USIC2_1_IRQHandler
                0x08001abc                USIC2_1_IRQHandler_Veneer
                0x08001ac8                USIC2_2_IRQHandler
                0x08001aca                USIC2_2_IRQHandler_Veneer
                0x08001ad6                USIC2_3_IRQHandler
                0x08001ad8                USIC2_3_IRQHandler_Veneer
                0x08001ae4                USIC2_4_IRQHandler
                0x08001ae6                USIC2_4_IRQHandler_Veneer
                0x08001af2                USIC2_5_IRQHandler
                0x08001af4                USIC2_5_IRQHandler_Veneer
                0x08001b00                LEDTS0_0_IRQHandler
                0x08001b02                LEDTS0_0_IRQHandler_Veneer
                0x08001b0e                FCE0_0_IRQHandler
                0x08001b10                FCE0_0_IRQHandler_Veneer
                0x08001b1c                GPDMA0_0_IRQHandler
                0x08001b1e                GPDMA0_0_IRQHandler_Veneer
                0x08001b2a                SDMMC0_0_IRQHandler
                0x08001b2c                SDMMC0_0_IRQHandler_Veneer
                0x08001b38                USB0_0_IRQHandler
                0x08001b3a                USB0_0_IRQHandler_Veneer
                0x08001b46                ETH0_0_IRQHandler
                0x08001b48                ETH0_0_IRQHandler_Veneer
                0x08001b54                GPDMA1_0_IRQHandler
                0x08001b56                GPDMA1_0_IRQHandler_Veneer
 .text          0x08001d20        0x0 Startup/system_XMC4500.o
 .text.SystemInit
                0x08001d20       0x9c Startup/system_XMC4500.o
                0x08001d20                SystemInit
 .text.SystemCoreClockUpdate
                0x08001dbc      0x148 Startup/system_XMC4500.o
                0x08001dbc                SystemCoreClockUpdate
 .text.SystemClockSetup
                0x08001f04      0x4cc Startup/system_XMC4500.o
 .text          0x080023d0        0x0 Lib/System_LibcStubs.o
 .text._open    0x080023d0       0x1c Lib/System_LibcStubs.o
                0x080023d0                _open
 .text._lseek   0x080023ec       0x1c Lib/System_LibcStubs.o
                0x080023ec                _lseek
 .text._read    0x08002408       0x1c Lib/System_LibcStubs.o
                0x08002408                _read
 .text._write   0x08002424       0x1c Lib/System_LibcStubs.o
                0x08002424                _write
 .text._close   0x08002440       0x10 Lib/System_LibcStubs.o
                0x08002440                _close
 .text._fstat   0x08002450       0x28 Lib/System_LibcStubs.o
                0x08002450                _fstat
 .text._link    0x08002478       0x28 Lib/System_LibcStubs.o
                0x08002478                _link
 .text._unlink  0x080024a0       0x18 Lib/System_LibcStubs.o
                0x080024a0                _unlink
 .text._sbrk    0x080024b8       0xa0 Lib/System_LibcStubs.o
                0x080024b8                _sbrk
 .text._times   0x08002558       0x18 Lib/System_LibcStubs.o
                0x08002558                _times
 .text._wait    0x08002570       0x18 Lib/System_LibcStubs.o
                0x08002570                _wait
 .text._kill    0x08002588       0x1c Lib/System_LibcStubs.o
                0x08002588                _kill
 .text._fork    0x080025a4       0x10 Lib/System_LibcStubs.o
                0x080025a4                _fork
 .text._getpid  0x080025b4       0x10 Lib/System_LibcStubs.o
                0x080025b4                _getpid
 .text._exit    0x080025c4        0xc Lib/System_LibcStubs.o
                0x080025c4                _exit
 .text._init    0x080025d0        0xc Lib/System_LibcStubs.o
                0x080025d0                _init
 .text._isatty  0x080025dc       0x18 Lib/System_LibcStubs.o
                0x080025dc                _isatty
 .text          0x080025f4        0x0 Dave/Generated/src/UART001/UART001.o
 .text.UART001_lInit
                0x080025f4      0x1a8 Dave/Generated/src/UART001/UART001.o
                0x080025f4                UART001_lInit
 .text.UART001_lConfigTXPin
                0x0800279c       0xfc Dave/Generated/src/UART001/UART001.o
                0x0800279c                UART001_lConfigTXPin
 .text.UART001_labsRealType
                0x08002898       0x38 Dave/Generated/src/UART001/UART001.o
                0x08002898                UART001_labsRealType
 .text.UART001_lConfigureBaudRate
                0x080028d0      0x4e8 Dave/Generated/src/UART001/UART001.o
                0x080028d0                UART001_lConfigureBaudRate
 .text.UART001_Init
                0x08002db8       0x68 Dave/Generated/src/UART001/UART001.o
                0x08002db8                UART001_Init
 .text.UART001_DeInit
                0x08002e20       0x14 Dave/Generated/src/UART001/UART001.o
                0x08002e20                UART001_DeInit
 .text.UART001_Configure
                0x08002e34      0x114 Dave/Generated/src/UART001/UART001.o
                0x08002e34                UART001_Configure
 .text.UART001_ReadDataMultiple
                0x08002f48       0x80 Dave/Generated/src/UART001/UART001.o
                0x08002f48                UART001_ReadDataMultiple
 .text.UART001_ReadDataBytes
                0x08002fc8       0x80 Dave/Generated/src/UART001/UART001.o
                0x08002fc8                UART001_ReadDataBytes
 .text.UART001_WriteDataMultiple
                0x08003048       0x90 Dave/Generated/src/UART001/UART001.o
                0x08003048                UART001_WriteDataMultiple
 .text.UART001_WriteDataBytes
                0x080030d8       0x90 Dave/Generated/src/UART001/UART001.o
                0x080030d8                UART001_WriteDataBytes
 .text.UART001_GetFlagStatus
                0x08003168       0x98 Dave/Generated/src/UART001/UART001.o
                0x08003168                UART001_GetFlagStatus
 .text.UART001_ClearFlag
                0x08003200       0x78 Dave/Generated/src/UART001/UART001.o
                0x08003200                UART001_ClearFlag
 .text          0x08003278        0x0 Dave/Generated/src/UART001/UART001_Conf.o
 .text          0x08003278        0x0 Dave/Generated/src/SYSTM001/SYSTM001.o
 .text.NVIC_GetPriorityGrouping
                0x08003278       0x20 Dave/Generated/src/SYSTM001/SYSTM001.o
 .text.NVIC_SetPriority
                0x08003298       0x5c Dave/Generated/src/SYSTM001/SYSTM001.o
 .text.NVIC_EncodePriority
                0x080032f4       0x78 Dave/Generated/src/SYSTM001/SYSTM001.o
 .text.SysTick_Config
                0x0800336c       0x64 Dave/Generated/src/SYSTM001/SYSTM001.o
 .text.SYSTM001_lInsertTimerList
                0x080033d0      0x214 Dave/Generated/src/SYSTM001/SYSTM001.o
 .text.SYSTM001_lRemoveTimerList
                0x080035e4       0xd8 Dave/Generated/src/SYSTM001/SYSTM001.o
 .text.SYSTM001_lTimerHandler
                0x080036bc       0x94 Dave/Generated/src/SYSTM001/SYSTM001.o
 .text.SysTick_Handler
                0x08003750       0x5c Dave/Generated/src/SYSTM001/SYSTM001.o
                0x08003750                SysTick_Handler
 .text.SYSTM001_Init
                0x080037ac       0x64 Dave/Generated/src/SYSTM001/SYSTM001.o
                0x080037ac                SYSTM001_Init
 .text.SYSTM001_CreateTimer
                0x08003810      0x1a0 Dave/Generated/src/SYSTM001/SYSTM001.o
                0x08003810                SYSTM001_CreateTimer
 .text.SYSTM001_StartTimer
                0x080039b0       0xb4 Dave/Generated/src/SYSTM001/SYSTM001.o
                0x080039b0                SYSTM001_StartTimer
 .text.SYSTM001_StopTimer
                0x08003a64       0x90 Dave/Generated/src/SYSTM001/SYSTM001.o
                0x08003a64                SYSTM001_StopTimer
 .text.SYSTM001_DeleteTimer
                0x08003af4       0x9c Dave/Generated/src/SYSTM001/SYSTM001.o
                0x08003af4                SYSTM001_DeleteTimer
 .text.SYSTM001_GetTime
                0x08003b90       0x18 Dave/Generated/src/SYSTM001/SYSTM001.o
                0x08003b90                SYSTM001_GetTime
 .text.SYSTM001_GetSysTickCount
                0x08003ba8       0x28 Dave/Generated/src/SYSTM001/SYSTM001.o
                0x08003ba8                SYSTM001_GetSysTickCount
 .text          0x08003bd0        0x0 Dave/Generated/src/RESET001/RESET001.o
 .text.RESET001_AssertReset
                0x08003bd0       0x54 Dave/Generated/src/RESET001/RESET001.o
                0x08003bd0                RESET001_AssertReset
 .text.RESET001_DeassertReset
                0x08003c24       0x54 Dave/Generated/src/RESET001/RESET001.o
                0x08003c24                RESET001_DeassertReset
 .text.RESET001_GetResetInfo
                0x08003c78       0x2c Dave/Generated/src/RESET001/RESET001.o
                0x08003c78                RESET001_GetResetInfo
 .text.RESET001_GetStatus
                0x08003ca4       0x7c Dave/Generated/src/RESET001/RESET001.o
                0x08003ca4                RESET001_GetStatus
 .text.RESET001_ClearResetInfo
                0x08003d20       0x28 Dave/Generated/src/RESET001/RESET001.o
                0x08003d20                RESET001_ClearResetInfo
 .text          0x08003d48        0x0 Dave/Generated/src/NVIC002/NVIC002.o
 .text.NVIC_GetPriorityGrouping
                0x08003d48       0x20 Dave/Generated/src/NVIC002/NVIC002.o
 .text.NVIC_EnableIRQ
                0x08003d68       0x38 Dave/Generated/src/NVIC002/NVIC002.o
 .text.NVIC_SetPriority
                0x08003da0       0x5c Dave/Generated/src/NVIC002/NVIC002.o
 .text.NVIC_EncodePriority
                0x08003dfc       0x78 Dave/Generated/src/NVIC002/NVIC002.o
 .text.NVIC002_EnableIRQ
                0x08003e74       0x20 Dave/Generated/src/NVIC002/NVIC002.o
 .text.NVIC002_Init
                0x08003e94       0x38 Dave/Generated/src/NVIC002/NVIC002.o
                0x08003e94                NVIC002_Init
 .text.NVIC002_lInit
                0x08003ecc       0x4c Dave/Generated/src/NVIC002/NVIC002.o
 .text          0x08003f18        0x0 Dave/Generated/src/NVIC002/NVIC002_Conf.o
 .text          0x08003f18        0x0 Dave/Generated/src/LIBS/CCU8PWMLIB.o
 .text          0x08003f18        0x0 Dave/Generated/src/LIBS/MOTORLIB.o
 .text          0x08003f18        0x0 Dave/Generated/src/IO004/IO004.o
 .text.IO004_Init
                0x08003f18      0x18c Dave/Generated/src/IO004/IO004.o
                0x08003f18                IO004_Init
 .text.IO004_DisableOutputDriver
                0x080040a4      0x17c Dave/Generated/src/IO004/IO004.o
                0x080040a4                IO004_DisableOutputDriver
 .text.IO004_EnableOutputDriver
                0x08004220      0x17c Dave/Generated/src/IO004/IO004.o
                0x08004220                IO004_EnableOutputDriver
 .text          0x0800439c        0x0 Dave/Generated/src/IO004/IO004_Conf.o
 .text          0x0800439c        0x0 Dave/Generated/src/DAVESupport/DAVE3.o
 .text.NVIC_SetPriorityGrouping
                0x0800439c       0x50 Dave/Generated/src/DAVESupport/DAVE3.o
 .text.DAVE_Init
                0x080043ec       0x30 Dave/Generated/src/DAVESupport/DAVE3.o
                0x080043ec                DAVE_Init
 .text.SystemInit_DAVE3
                0x0800441c        0xc Dave/Generated/src/DAVESupport/DAVE3.o
                0x0800441c                SystemInit_DAVE3
 .text          0x08004428        0x0 Dave/Generated/src/DAVESupport/MULTIPLEXER.o
 .text.DAVE_MUX_Init
                0x08004428      0x1c8 Dave/Generated/src/DAVESupport/MULTIPLEXER.o
                0x08004428                DAVE_MUX_Init
 .text.DAVE_MUX_PreInit
                0x080045f0        0xc Dave/Generated/src/DAVESupport/MULTIPLEXER.o
                0x080045f0                DAVE_MUX_PreInit
 .text          0x080045fc        0x0 Dave/Generated/src/CLK001/CLK001.o
 .text.CLK001_Delay
                0x080045fc       0x34 Dave/Generated/src/CLK001/CLK001.o
 .text.CLK001_SysClk_Valid
                0x08004630       0x38 Dave/Generated/src/CLK001/CLK001.o
 .text.CLK001_BackupClkTrim
                0x08004668       0x94 Dave/Generated/src/CLK001/CLK001.o
 .text.CLK001_SetMainPLLClkSrc
                0x080046fc       0xf0 Dave/Generated/src/CLK001/CLK001.o
 .text.CLK001_ConfigMainPLL
                0x080047ec      0x15c Dave/Generated/src/CLK001/CLK001.o
 .text.CLK001_FreqStepupMainPLL
                0x08004948      0x164 Dave/Generated/src/CLK001/CLK001.o
 .text.CLK001_SysClk_Init
                0x08004aac       0x50 Dave/Generated/src/CLK001/CLK001.o
 .text.CLK001_Init
                0x08004afc       0x30 Dave/Generated/src/CLK001/CLK001.o
                0x08004afc                CLK001_Init
 .text.AllowPLLInitByStartup
                0x08004b2c       0x10 Dave/Generated/src/CLK001/CLK001.o
                0x08004b2c                AllowPLLInitByStartup
 .text          0x08004b3c        0x0 Dave/Generated/src/CANGLOBAL/CANGLOBAL.o
 .text.CANGLOBAL_Init
                0x08004b3c       0x9c Dave/Generated/src/CANGLOBAL/CANGLOBAL.o
                0x08004b3c                CANGLOBAL_Init
 .text          0x08004bd8        0x0 Dave/Generated/src/CAN001/CAN001.o
 .text.CAN001_lAllocateMOtoNodeList
                0x08004bd8       0x50 Dave/Generated/src/CAN001/CAN001.o
 .text.CAN001_lDeallocateMsgObj
                0x08004c28       0x5c Dave/Generated/src/CAN001/CAN001.o
 .text.CAN001_lConfigMORegs
                0x08004c84      0x1bc Dave/Generated/src/CAN001/CAN001.o
 .text.CAN001_lNodeInit
                0x08004e40       0xf0 Dave/Generated/src/CAN001/CAN001.o
 .text.CAN001_Init
                0x08004f30       0x84 Dave/Generated/src/CAN001/CAN001.o
                0x08004f30                CAN001_Init
 .text.CAN001_NodeDeInit
                0x08004fb4      0x100 Dave/Generated/src/CAN001/CAN001.o
                0x08004fb4                CAN001_NodeDeInit
 .text.CAN001_ConfigMsgObj
                0x080050b4       0xb0 Dave/Generated/src/CAN001/CAN001.o
                0x080050b4                CAN001_ConfigMsgObj
 .text.CAN001_SendDataFrame
                0x08005164       0x98 Dave/Generated/src/CAN001/CAN001.o
                0x08005164                CAN001_SendDataFrame
 .text.CAN001_SendRemoteFrame
                0x080051fc       0x98 Dave/Generated/src/CAN001/CAN001.o
                0x080051fc                CAN001_SendRemoteFrame
 .text.CAN001_ReadMsgObj
                0x08005294      0x204 Dave/Generated/src/CAN001/CAN001.o
                0x08005294                CAN001_ReadMsgObj
 .text.CAN001_UpdateMODataRegisters
                0x08005498      0x160 Dave/Generated/src/CAN001/CAN001.o
                0x08005498                CAN001_UpdateMODataRegisters
 .text.CAN001_GetMOFlagStatus
                0x080055f8       0x60 Dave/Generated/src/CAN001/CAN001.o
                0x080055f8                CAN001_GetMOFlagStatus
 .text.CAN001_GetNodeFlagStatus
                0x08005658       0x40 Dave/Generated/src/CAN001/CAN001.o
                0x08005658                CAN001_GetNodeFlagStatus
 .text.CAN001_GetMOPndRegisterBitStatus
                0x08005698       0x58 Dave/Generated/src/CAN001/CAN001.o
                0x08005698                CAN001_GetMOPndRegisterBitStatus
 .text.CAN001_ClearMOFlagStatus
                0x080056f0       0x6c Dave/Generated/src/CAN001/CAN001.o
                0x080056f0                CAN001_ClearMOFlagStatus
 .text.CAN001_ClearNodeFlagStatus
                0x0800575c       0x30 Dave/Generated/src/CAN001/CAN001.o
                0x0800575c                CAN001_ClearNodeFlagStatus
 .text.CAN001_ClearMOPndRegisterBit
                0x0800578c       0x78 Dave/Generated/src/CAN001/CAN001.o
                0x0800578c                CAN001_ClearMOPndRegisterBit
 .text          0x08005804        0x0 Dave/Generated/src/CAN001/CAN001_Conf.o
 .text          0x08005804      0x370 c:/dave-3.1.10/arm-gcc/bin/../lib/gcc/arm-none-eabi/4.7.4/armv7e-m\libgcc.a(_arm_addsubdf3.o)
                0x08005804                __aeabi_drsub
                0x0800580c                __aeabi_dsub
                0x0800580c                __subdf3
                0x08005810                __aeabi_dadd
                0x08005810                __adddf3
                0x08005a88                __floatunsidf
                0x08005a88                __aeabi_ui2d
                0x08005aa8                __floatsidf
                0x08005aa8                __aeabi_i2d
                0x08005acc                __aeabi_f2d
                0x08005acc                __extendsfdf2
                0x08005b08                __floatundidf
                0x08005b08                __aeabi_ul2d
                0x08005b18                __floatdidf
                0x08005b18                __aeabi_l2d
 .text          0x08005b74      0x110 c:/dave-3.1.10/arm-gcc/bin/../lib/gcc/arm-none-eabi/4.7.4/armv7e-m\libgcc.a(_arm_cmpdf2.o)
                0x08005b74                __gtdf2
                0x08005b74                __gedf2
                0x08005b7c                __ltdf2
                0x08005b7c                __ledf2
                0x08005b84                __nedf2
                0x08005b84                __eqdf2
                0x08005b84                __cmpdf2
                0x08005c00                __aeabi_cdrcmple
                0x08005c10                __aeabi_cdcmpeq
                0x08005c10                __aeabi_cdcmple
                0x08005c20                __aeabi_dcmpeq
                0x08005c34                __aeabi_dcmplt
                0x08005c48                __aeabi_dcmple
                0x08005c5c                __aeabi_dcmpge
                0x08005c70                __aeabi_dcmpgt
 .text          0x08005c84        0x0 c:/dave-3.1.10/arm-gcc/bin/../lib/gcc/arm-none-eabi/4.7.4/../../../../arm-none-eabi/lib/armv7e-m\libg.a(lib_a-init.o)
 .text.__libc_init_array
                0x08005c84       0x94 c:/dave-3.1.10/arm-gcc/bin/../lib/gcc/arm-none-eabi/4.7.4/../../../../arm-none-eabi/lib/armv7e-m\libg.a(lib_a-init.o)
                0x08005c84                __libc_init_array
 .text          0x08005d18        0x0 c:/dave-3.1.10/arm-gcc/bin/../lib/gcc/arm-none-eabi/4.7.4/../../../../arm-none-eabi/lib/armv7e-m\libg.a(lib_a-memcpy.o)
 .text.memcpy   0x08005d18      0x144 c:/dave-3.1.10/arm-gcc/bin/../lib/gcc/arm-none-eabi/4.7.4/../../../../arm-none-eabi/lib/armv7e-m\libg.a(lib_a-memcpy.o)
                0x08005d18                memcpy
 .text          0x08005e5c        0x0 c:/dave-3.1.10/arm-gcc/bin/../lib/gcc/arm-none-eabi/4.7.4/../../../../arm-none-eabi/lib/armv7e-m\libg.a(lib_a-sprintf.o)
 .text._sprintf_r
                0x08005e5c       0x44 c:/dave-3.1.10/arm-gcc/bin/../lib/gcc/arm-none-eabi/4.7.4/../../../../arm-none-eabi/lib/armv7e-m\libg.a(lib_a-sprintf.o)
                0x08005e5c                _sprintf_r
 .text.sprintf  0x08005ea0       0x50 c:/dave-3.1.10/arm-gcc/bin/../lib/gcc/arm-none-eabi/4.7.4/../../../../arm-none-eabi/lib/armv7e-m\libg.a(lib_a-sprintf.o)
                0x08005ea0                sprintf
 .text          0x08005ef0        0x0 c:/dave-3.1.10/arm-gcc/bin/../lib/gcc/arm-none-eabi/4.7.4/../../../../arm-none-eabi/lib/armv7e-m\libg.a(lib_a-strlen.o)
 .text.strlen   0x08005ef0       0x60 c:/dave-3.1.10/arm-gcc/bin/../lib/gcc/arm-none-eabi/4.7.4/../../../../arm-none-eabi/lib/armv7e-m\libg.a(lib_a-strlen.o)
                0x08005ef0                strlen
 .text          0x08005f50        0x0 c:/dave-3.1.10/arm-gcc/bin/../lib/gcc/arm-none-eabi/4.7.4/../../../../arm-none-eabi/lib/armv7e-m\libg.a(lib_a-svfprintf.o)
 .text._svfprintf_r
                0x08005f50     0x1adc c:/dave-3.1.10/arm-gcc/bin/../lib/gcc/arm-none-eabi/4.7.4/../../../../arm-none-eabi/lib/armv7e-m\libg.a(lib_a-svfprintf.o)
                0x08005f50                _svfprintf_r
 .text          0x08007a2c        0x0 c:/dave-3.1.10/arm-gcc/bin/../lib/gcc/arm-none-eabi/4.7.4/../../../../arm-none-eabi/lib/armv7e-m\libg.a(lib_a-dtoa.o)
 .text.quorem   0x08007a2c      0x2ec c:/dave-3.1.10/arm-gcc/bin/../lib/gcc/arm-none-eabi/4.7.4/../../../../arm-none-eabi/lib/armv7e-m\libg.a(lib_a-dtoa.o)
 .text._dtoa_r  0x08007d18     0x1258 c:/dave-3.1.10/arm-gcc/bin/../lib/gcc/arm-none-eabi/4.7.4/../../../../arm-none-eabi/lib/armv7e-m\libg.a(lib_a-dtoa.o)
                0x08007d18                _dtoa_r
 .text          0x08008f70        0x0 c:/dave-3.1.10/arm-gcc/bin/../lib/gcc/arm-none-eabi/4.7.4/../../../../arm-none-eabi/lib/armv7e-m\libg.a(lib_a-impure.o)
 .text          0x08008f70        0x0 c:/dave-3.1.10/arm-gcc/bin/../lib/gcc/arm-none-eabi/4.7.4/../../../../arm-none-eabi/lib/armv7e-m\libg.a(lib_a-locale.o)
 .text._setlocale_r
                0x08008f70       0x40 c:/dave-3.1.10/arm-gcc/bin/../lib/gcc/arm-none-eabi/4.7.4/../../../../arm-none-eabi/lib/armv7e-m\libg.a(lib_a-locale.o)
                0x08008f70                _setlocale_r
 .text.__locale_charset
                0x08008fb0        0xc c:/dave-3.1.10/arm-gcc/bin/../lib/gcc/arm-none-eabi/4.7.4/../../../../arm-none-eabi/lib/armv7e-m\libg.a(lib_a-locale.o)
                0x08008fb0                __locale_charset
 .text.__locale_mb_cur_max
                0x08008fbc        0xc c:/dave-3.1.10/arm-gcc/bin/../lib/gcc/arm-none-eabi/4.7.4/../../../../arm-none-eabi/lib/armv7e-m\libg.a(lib_a-locale.o)
                0x08008fbc                __locale_mb_cur_max
 .text.__locale_msgcharset
                0x08008fc8        0xc c:/dave-3.1.10/arm-gcc/bin/../lib/gcc/arm-none-eabi/4.7.4/../../../../arm-none-eabi/lib/armv7e-m\libg.a(lib_a-locale.o)
                0x08008fc8                __locale_msgcharset
 .text.__locale_cjk_lang
                0x08008fd4        0x4 c:/dave-3.1.10/arm-gcc/bin/../lib/gcc/arm-none-eabi/4.7.4/../../../../arm-none-eabi/lib/armv7e-m\libg.a(lib_a-locale.o)
                0x08008fd4                __locale_cjk_lang
 .text._localeconv_r
                0x08008fd8        0xc c:/dave-3.1.10/arm-gcc/bin/../lib/gcc/arm-none-eabi/4.7.4/../../../../arm-none-eabi/lib/armv7e-m\libg.a(lib_a-locale.o)
                0x08008fd8                _localeconv_r
 .text.setlocale
                0x08008fe4       0x18 c:/dave-3.1.10/arm-gcc/bin/../lib/gcc/arm-none-eabi/4.7.4/../../../../arm-none-eabi/lib/armv7e-m\libg.a(lib_a-locale.o)
                0x08008fe4                setlocale
 .text.localeconv
                0x08008ffc        0xc c:/dave-3.1.10/arm-gcc/bin/../lib/gcc/arm-none-eabi/4.7.4/../../../../arm-none-eabi/lib/armv7e-m\libg.a(lib_a-locale.o)
                0x08008ffc                localeconv
 .text          0x08009008        0x0 c:/dave-3.1.10/arm-gcc/bin/../lib/gcc/arm-none-eabi/4.7.4/../../../../arm-none-eabi/lib/armv7e-m\libg.a(lib_a-mallocr.o)
 .text._malloc_r
                0x08009008      0x55c c:/dave-3.1.10/arm-gcc/bin/../lib/gcc/arm-none-eabi/4.7.4/../../../../arm-none-eabi/lib/armv7e-m\libg.a(lib_a-mallocr.o)
                0x08009008                _malloc_r
 .text          0x08009564        0x0 c:/dave-3.1.10/arm-gcc/bin/../lib/gcc/arm-none-eabi/4.7.4/../../../../arm-none-eabi/lib/armv7e-m\libg.a(lib_a-memchr.o)
 .text.memchr   0x08009564      0x140 c:/dave-3.1.10/arm-gcc/bin/../lib/gcc/arm-none-eabi/4.7.4/../../../../arm-none-eabi/lib/armv7e-m\libg.a(lib_a-memchr.o)
                0x08009564                memchr
 .text          0x080096a4        0x0 c:/dave-3.1.10/arm-gcc/bin/../lib/gcc/arm-none-eabi/4.7.4/../../../../arm-none-eabi/lib/armv7e-m\libg.a(lib_a-mlock.o)
 .text.__malloc_lock
                0x080096a4        0x4 c:/dave-3.1.10/arm-gcc/bin/../lib/gcc/arm-none-eabi/4.7.4/../../../../arm-none-eabi/lib/armv7e-m\libg.a(lib_a-mlock.o)
                0x080096a4                __malloc_lock
 .text.__malloc_unlock
                0x080096a8        0x4 c:/dave-3.1.10/arm-gcc/bin/../lib/gcc/arm-none-eabi/4.7.4/../../../../arm-none-eabi/lib/armv7e-m\libg.a(lib_a-mlock.o)
                0x080096a8                __malloc_unlock
 .text          0x080096ac        0x0 c:/dave-3.1.10/arm-gcc/bin/../lib/gcc/arm-none-eabi/4.7.4/../../../../arm-none-eabi/lib/armv7e-m\libg.a(lib_a-mprec.o)
 .text._Balloc  0x080096ac       0x4c c:/dave-3.1.10/arm-gcc/bin/../lib/gcc/arm-none-eabi/4.7.4/../../../../arm-none-eabi/lib/armv7e-m\libg.a(lib_a-mprec.o)
                0x080096ac                _Balloc
 .text._Bfree   0x080096f8       0x14 c:/dave-3.1.10/arm-gcc/bin/../lib/gcc/arm-none-eabi/4.7.4/../../../../arm-none-eabi/lib/armv7e-m\libg.a(lib_a-mprec.o)
                0x080096f8                _Bfree
 .text.__multadd
                0x0800970c       0xf8 c:/dave-3.1.10/arm-gcc/bin/../lib/gcc/arm-none-eabi/4.7.4/../../../../arm-none-eabi/lib/armv7e-m\libg.a(lib_a-mprec.o)
                0x0800970c                __multadd
 .text.__s2b    0x08009804      0x140 c:/dave-3.1.10/arm-gcc/bin/../lib/gcc/arm-none-eabi/4.7.4/../../../../arm-none-eabi/lib/armv7e-m\libg.a(lib_a-mprec.o)
                0x08009804                __s2b
 .text.__hi0bits
                0x08009944       0x3c c:/dave-3.1.10/arm-gcc/bin/../lib/gcc/arm-none-eabi/4.7.4/../../../../arm-none-eabi/lib/armv7e-m\libg.a(lib_a-mprec.o)
                0x08009944                __hi0bits
 .text.__lo0bits
                0x08009980       0x5c c:/dave-3.1.10/arm-gcc/bin/../lib/gcc/arm-none-eabi/4.7.4/../../../../arm-none-eabi/lib/armv7e-m\libg.a(lib_a-mprec.o)
                0x08009980                __lo0bits
 .text.__i2b    0x080099dc       0x14 c:/dave-3.1.10/arm-gcc/bin/../lib/gcc/arm-none-eabi/4.7.4/../../../../arm-none-eabi/lib/armv7e-m\libg.a(lib_a-mprec.o)
                0x080099dc                __i2b
 .text.__multiply
                0x080099f0      0x2d0 c:/dave-3.1.10/arm-gcc/bin/../lib/gcc/arm-none-eabi/4.7.4/../../../../arm-none-eabi/lib/armv7e-m\libg.a(lib_a-mprec.o)
                0x080099f0                __multiply
 .text.__pow5mult
                0x08009cc0       0x94 c:/dave-3.1.10/arm-gcc/bin/../lib/gcc/arm-none-eabi/4.7.4/../../../../arm-none-eabi/lib/armv7e-m\libg.a(lib_a-mprec.o)
                0x08009cc0                __pow5mult
 .text.__lshift
                0x08009d54      0x188 c:/dave-3.1.10/arm-gcc/bin/../lib/gcc/arm-none-eabi/4.7.4/../../../../arm-none-eabi/lib/armv7e-m\libg.a(lib_a-mprec.o)
                0x08009d54                __lshift
 .text.__mcmp   0x08009edc       0x5c c:/dave-3.1.10/arm-gcc/bin/../lib/gcc/arm-none-eabi/4.7.4/../../../../arm-none-eabi/lib/armv7e-m\libg.a(lib_a-mprec.o)
                0x08009edc                __mcmp
 .text.__mdiff  0x08009f38      0x20c c:/dave-3.1.10/arm-gcc/bin/../lib/gcc/arm-none-eabi/4.7.4/../../../../arm-none-eabi/lib/armv7e-m\libg.a(lib_a-mprec.o)
                0x08009f38                __mdiff
 .text.__ulp    0x0800a144       0x44 c:/dave-3.1.10/arm-gcc/bin/../lib/gcc/arm-none-eabi/4.7.4/../../../../arm-none-eabi/lib/armv7e-m\libg.a(lib_a-mprec.o)
                0x0800a144                __ulp
 .text.__b2d    0x0800a188       0xbc c:/dave-3.1.10/arm-gcc/bin/../lib/gcc/arm-none-eabi/4.7.4/../../../../arm-none-eabi/lib/armv7e-m\libg.a(lib_a-mprec.o)
                0x0800a188                __b2d
 .text.__d2b    0x0800a244       0xc0 c:/dave-3.1.10/arm-gcc/bin/../lib/gcc/arm-none-eabi/4.7.4/../../../../arm-none-eabi/lib/armv7e-m\libg.a(lib_a-mprec.o)
                0x0800a244                __d2b
 .text.__ratio  0x0800a304       0x54 c:/dave-3.1.10/arm-gcc/bin/../lib/gcc/arm-none-eabi/4.7.4/../../../../arm-none-eabi/lib/armv7e-m\libg.a(lib_a-mprec.o)
                0x0800a304                __ratio
 .text._mprec_log10
                0x0800a358       0x68 c:/dave-3.1.10/arm-gcc/bin/../lib/gcc/arm-none-eabi/4.7.4/../../../../arm-none-eabi/lib/armv7e-m\libg.a(lib_a-mprec.o)
                0x0800a358                _mprec_log10
 .text.__copybits
                0x0800a3c0       0xa4 c:/dave-3.1.10/arm-gcc/bin/../lib/gcc/arm-none-eabi/4.7.4/../../../../arm-none-eabi/lib/armv7e-m\libg.a(lib_a-mprec.o)
                0x0800a3c0                __copybits
 .text.__any_on
                0x0800a464       0x74 c:/dave-3.1.10/arm-gcc/bin/../lib/gcc/arm-none-eabi/4.7.4/../../../../arm-none-eabi/lib/armv7e-m\libg.a(lib_a-mprec.o)
                0x0800a464                __any_on
 .text          0x0800a4d8        0x0 c:/dave-3.1.10/arm-gcc/bin/../lib/gcc/arm-none-eabi/4.7.4/../../../../arm-none-eabi/lib/armv7e-m\libg.a(lib_a-s_fpclassify.o)
 .text.__fpclassifyd
                0x0800a4d8       0x68 c:/dave-3.1.10/arm-gcc/bin/../lib/gcc/arm-none-eabi/4.7.4/../../../../arm-none-eabi/lib/armv7e-m\libg.a(lib_a-s_fpclassify.o)
                0x0800a4d8                __fpclassifyd
 .text          0x0800a540        0x0 c:/dave-3.1.10/arm-gcc/bin/../lib/gcc/arm-none-eabi/4.7.4/../../../../arm-none-eabi/lib/armv7e-m\libg.a(lib_a-sbrkr.o)
 .text._sbrk_r  0x0800a540       0x24 c:/dave-3.1.10/arm-gcc/bin/../lib/gcc/arm-none-eabi/4.7.4/../../../../arm-none-eabi/lib/armv7e-m\libg.a(lib_a-sbrkr.o)
                0x0800a540                _sbrk_r
 .text          0x0800a564        0x0 c:/dave-3.1.10/arm-gcc/bin/../lib/gcc/arm-none-eabi/4.7.4/../../../../arm-none-eabi/lib/armv7e-m\libg.a(lib_a-strcmp.o)
 .text.strcmp   0x0800a564       0x80 c:/dave-3.1.10/arm-gcc/bin/../lib/gcc/arm-none-eabi/4.7.4/../../../../arm-none-eabi/lib/armv7e-m\libg.a(lib_a-strcmp.o)
                0x0800a564                strcmp
 .text.strcmp_unaligned
                0x0800a5e4      0x15c c:/dave-3.1.10/arm-gcc/bin/../lib/gcc/arm-none-eabi/4.7.4/../../../../arm-none-eabi/lib/armv7e-m\libg.a(lib_a-strcmp.o)
 .text          0x0800a740        0x0 c:/dave-3.1.10/arm-gcc/bin/../lib/gcc/arm-none-eabi/4.7.4/../../../../arm-none-eabi/lib/armv7e-m\libg.a(lib_a-svfiprintf.o)
 .text.__ssprint_r
                0x0800a740      0x100 c:/dave-3.1.10/arm-gcc/bin/../lib/gcc/arm-none-eabi/4.7.4/../../../../arm-none-eabi/lib/armv7e-m\libg.a(lib_a-svfiprintf.o)
                0x0800a740                __ssprint_r
 .text._svfiprintf_r
                0x0800a840      0xde0 c:/dave-3.1.10/arm-gcc/bin/../lib/gcc/arm-none-eabi/4.7.4/../../../../arm-none-eabi/lib/armv7e-m\libg.a(lib_a-svfiprintf.o)
                0x0800a840                _svfiprintf_r
 .text          0x0800b620        0x0 c:/dave-3.1.10/arm-gcc/bin/../lib/gcc/arm-none-eabi/4.7.4/../../../../arm-none-eabi/lib/armv7e-m\libg.a(lib_a-callocr.o)
 .text._calloc_r
                0x0800b620       0x60 c:/dave-3.1.10/arm-gcc/bin/../lib/gcc/arm-none-eabi/4.7.4/../../../../arm-none-eabi/lib/armv7e-m\libg.a(lib_a-callocr.o)
                0x0800b620                _calloc_r
 .text          0x0800b680        0x0 c:/dave-3.1.10/arm-gcc/bin/../lib/gcc/arm-none-eabi/4.7.4/../../../../arm-none-eabi/lib/armv7e-m\libg.a(lib_a-freer.o)
 .text._malloc_trim_r
                0x0800b680       0x98 c:/dave-3.1.10/arm-gcc/bin/../lib/gcc/arm-none-eabi/4.7.4/../../../../arm-none-eabi/lib/armv7e-m\libg.a(lib_a-freer.o)
                0x0800b680                _malloc_trim_r
 .text._free_r  0x0800b718      0x194 c:/dave-3.1.10/arm-gcc/bin/../lib/gcc/arm-none-eabi/4.7.4/../../../../arm-none-eabi/lib/armv7e-m\libg.a(lib_a-freer.o)
                0x0800b718                _free_r
 .text          0x0800b8ac        0x0 c:/dave-3.1.10/arm-gcc/bin/../lib/gcc/arm-none-eabi/4.7.4/../../../../arm-none-eabi/lib/armv7e-m\libg.a(lib_a-memmove.o)
 .text.memmove  0x0800b8ac      0x198 c:/dave-3.1.10/arm-gcc/bin/../lib/gcc/arm-none-eabi/4.7.4/../../../../arm-none-eabi/lib/armv7e-m\libg.a(lib_a-memmove.o)
                0x0800b8ac                memmove
 .text          0x0800ba44        0x0 c:/dave-3.1.10/arm-gcc/bin/../lib/gcc/arm-none-eabi/4.7.4/../../../../arm-none-eabi/lib/armv7e-m\libg.a(lib_a-memset.o)
 .text.memset   0x0800ba44      0x12c c:/dave-3.1.10/arm-gcc/bin/../lib/gcc/arm-none-eabi/4.7.4/../../../../arm-none-eabi/lib/armv7e-m\libg.a(lib_a-memset.o)
                0x0800ba44                memset
 .text          0x0800bb70        0x0 c:/dave-3.1.10/arm-gcc/bin/../lib/gcc/arm-none-eabi/4.7.4/../../../../arm-none-eabi/lib/armv7e-m\libg.a(lib_a-reallocr.o)
 .text._realloc_r
                0x0800bb70      0x3dc c:/dave-3.1.10/arm-gcc/bin/../lib/gcc/arm-none-eabi/4.7.4/../../../../arm-none-eabi/lib/armv7e-m\libg.a(lib_a-reallocr.o)
                0x0800bb70                _realloc_r
 .text          0x0800bf4c        0x0 c:/dave-3.1.10/arm-gcc/bin/../lib/gcc/arm-none-eabi/4.7.4/../../../../arm-none-eabi/lib/armv7e-m\libg.a(lib_a-reent.o)
 .text.cleanup_glue
                0x0800bf4c       0x1c c:/dave-3.1.10/arm-gcc/bin/../lib/gcc/arm-none-eabi/4.7.4/../../../../arm-none-eabi/lib/armv7e-m\libg.a(lib_a-reent.o)
                0x0800bf4c                cleanup_glue
 .text._reclaim_reent
                0x0800bf68       0x8c c:/dave-3.1.10/arm-gcc/bin/../lib/gcc/arm-none-eabi/4.7.4/../../../../arm-none-eabi/lib/armv7e-m\libg.a(lib_a-reent.o)
                0x0800bf68                _reclaim_reent
 .text._wrapup_reent
                0x0800bff4       0x74 c:/dave-3.1.10/arm-gcc/bin/../lib/gcc/arm-none-eabi/4.7.4/../../../../arm-none-eabi/lib/armv7e-m\libg.a(lib_a-reent.o)
                0x0800bff4                _wrapup_reent
 .text          0x0800c068      0x424 c:/dave-3.1.10/arm-gcc/bin/../lib/gcc/arm-none-eabi/4.7.4/armv7e-m\libgcc.a(_arm_muldivdf3.o)
                0x0800c068                __aeabi_dmul
                0x0800c068                __muldf3
                0x0800c2bc                __divdf3
                0x0800c2bc                __aeabi_ddiv
 .text          0x0800c48c       0x50 c:/dave-3.1.10/arm-gcc/bin/../lib/gcc/arm-none-eabi/4.7.4/armv7e-m\libgcc.a(_arm_fixdfsi.o)
                0x0800c48c                __aeabi_d2iz
                0x0800c48c                __fixdfsi
 .text          0x0800c4dc       0x2c c:/dave-3.1.10/arm-gcc/bin/../lib/gcc/arm-none-eabi/4.7.4/armv7e-m\libgcc.a(_aeabi_uldivmod.o)
                0x0800c4dc                __aeabi_uldivmod
 .text          0x0800c508       0x58 c:/dave-3.1.10/arm-gcc/bin/../lib/gcc/arm-none-eabi/4.7.4/armv7e-m\libgcc.a(bpabi.o)
                0x0800c508                __gnu_ldivmod_helper
                0x0800c534                __gnu_uldivmod_helper
 .text          0x0800c560        0x4 c:/dave-3.1.10/arm-gcc/bin/../lib/gcc/arm-none-eabi/4.7.4/armv7e-m\libgcc.a(_dvmd_tls.o)
                0x0800c560                __aeabi_idiv0
                0x0800c560                __aeabi_ldiv0
 .text          0x0800c564      0x2bc c:/dave-3.1.10/arm-gcc/bin/../lib/gcc/arm-none-eabi/4.7.4/armv7e-m\libgcc.a(_divdi3.o)
                0x0800c564                __divdi3
 .text          0x0800c820      0x288 c:/dave-3.1.10/arm-gcc/bin/../lib/gcc/arm-none-eabi/4.7.4/armv7e-m\libgcc.a(_udivdi3.o)
                0x0800c820                __udivdi3
 *(.glue*)
 .glue_7        0x00000000        0x0 linker stubs
 .glue_7t       0x00000000        0x0 linker stubs
 *(.v4*)
 .v4_bx         0x00000000        0x0 linker stubs
 *(.vfp11_veneer)
 .vfp11_veneer  0x00000000        0x0 linker stubs
 *(.init)
                0x0800caa8                __preinit_array_start = .
 *(.preinit_array)
                0x0800caa8                __preinit_array_end = .
                0x0800caa8                __init_array_start = .
 *(SORT(.init_array.*))
 *(.init_array)
                0x0800caa8                __init_array_end = .
 *crtbegin.o(.ctors)
 *(EXCLUDE_FILE(*crtend.o) .ctors)
 *(SORT(.ctors.*))
 *crtend.o(.ctors)
 *(.fini)
                0x0800caa8                __fini_array_start = .
 *(.fini_array)
 *(SORT(.fini_array.*))
                0x0800caa8                __fini_array_end = .
 *crtbegin.o(.dtors)
 *(EXCLUDE_FILE(*crtend.o) .dtors)
 *(SORT(.dtors.*))
 *crtend.o(.dtors)
                0x0800caa8                __extab_start = .
 *(.ARM.extab* .gnu.linkonce.armextab.*)
 .ARM.extab.Xmc4500.reset
                0x0800caa8        0x0 Startup/startup_XMC4500.o
 .ARM.extab.Xmc4500.postreset
                0x0800caa8        0x0 Startup/startup_XMC4500.o
 .ARM.extab     0x0800caa8        0x0 c:/dave-3.1.10/arm-gcc/bin/../lib/gcc/arm-none-eabi/4.7.4/armv7e-m\libgcc.a(_divdi3.o)
 .ARM.extab     0x0800caa8        0x0 c:/dave-3.1.10/arm-gcc/bin/../lib/gcc/arm-none-eabi/4.7.4/armv7e-m\libgcc.a(_udivdi3.o)
                0x0800caa8                . = ALIGN (0x4)
                0x0800caa8                __extab_end = ABSOLUTE (.)

.iplt           0x0800caa8        0x0 load address 0x0c00caa8
 .iplt          0x00000000        0x0 Main.o

.ARM.exidx      0x0800caa8       0x10 load address 0x0c00caa8
                0x0800caa8                __exidx_start = .
 *(.ARM.exidx* .gnu.linkonce.armexidx.*)
 .ARM.exidx.Xmc4500.reset
                0x0800caa8        0x8 Startup/startup_XMC4500.o
 .ARM.exidx.Xmc4500.postreset
                0x0800cab0        0x8 Startup/startup_XMC4500.o
 .ARM.exidx     0x0800cab8        0x0 c:/dave-3.1.10/arm-gcc/bin/../lib/gcc/arm-none-eabi/4.7.4/armv7e-m\libgcc.a(_divdi3.o)
                                  0x8 (size before relaxing)
 .ARM.exidx     0x0800cab8        0x0 c:/dave-3.1.10/arm-gcc/bin/../lib/gcc/arm-none-eabi/4.7.4/armv7e-m\libgcc.a(_udivdi3.o)
                                  0x8 (size before relaxing)
                0x0800cab8                . = ALIGN (0x4)
                0x0800cab8                __exidx_end = ABSOLUTE (.)

.rodata         0x0800cab8      0x310 load address 0x0c00cab8
 *(.rodata .rodata.*)
 .rodata        0x0800cab8       0xd8 Main.o
 .rodata        0x0800cb90       0x34 Dave/Generated/src/UART001/UART001_Conf.o
                0x0800cb90                UART001_Handle0
 .rodata        0x0800cbc4        0x4 Dave/Generated/src/NVIC002/NVIC002_Conf.o
                0x0800cbc4                NVIC002_Handle0
 .rodata        0x0800cbc8       0x20 Dave/Generated/src/IO004/IO004_Conf.o
                0x0800cbc8                IO004_Handle0
                0x0800cbd0                IO004_Handle1
                0x0800cbd8                IO004_Handle2
                0x0800cbe0                IO004_Handle3
 .rodata        0x0800cbe8       0x10 Dave/Generated/src/CAN001/CAN001_Conf.o
                0x0800cbe8                CAN001_Handle0
 .rodata.str1.4
                0x0800cbf8       0x42 c:/dave-3.1.10/arm-gcc/bin/../lib/gcc/arm-none-eabi/4.7.4/../../../../arm-none-eabi/lib/armv7e-m\libg.a(lib_a-svfprintf.o)
                                 0x44 (size before relaxing)
 *fill*         0x0800cc3a        0x2 00
 .rodata.zeroes.6721
                0x0800cc3c       0x10 c:/dave-3.1.10/arm-gcc/bin/../lib/gcc/arm-none-eabi/4.7.4/../../../../arm-none-eabi/lib/armv7e-m\libg.a(lib_a-svfprintf.o)
 .rodata.blanks.6720
                0x0800cc4c       0x10 c:/dave-3.1.10/arm-gcc/bin/../lib/gcc/arm-none-eabi/4.7.4/../../../../arm-none-eabi/lib/armv7e-m\libg.a(lib_a-svfprintf.o)
 .rodata.str1.4
                0x0800cc5c       0x10 c:/dave-3.1.10/arm-gcc/bin/../lib/gcc/arm-none-eabi/4.7.4/../../../../arm-none-eabi/lib/armv7e-m\libg.a(lib_a-dtoa.o)
                                 0x14 (size before relaxing)
 .rodata.str1.4
                0x0800cc6c        0x2 c:/dave-3.1.10/arm-gcc/bin/../lib/gcc/arm-none-eabi/4.7.4/../../../../arm-none-eabi/lib/armv7e-m\libg.a(lib_a-impure.o)
                                  0x4 (size before relaxing)
 *fill*         0x0800cc6e        0x2 00
 .rodata._global_impure_ptr
                0x0800cc70        0x4 c:/dave-3.1.10/arm-gcc/bin/../lib/gcc/arm-none-eabi/4.7.4/../../../../arm-none-eabi/lib/armv7e-m\libg.a(lib_a-impure.o)
                0x0800cc70                _global_impure_ptr
 .rodata.str1.4
                0x0800cc74        0xc c:/dave-3.1.10/arm-gcc/bin/../lib/gcc/arm-none-eabi/4.7.4/../../../../arm-none-eabi/lib/armv7e-m\libg.a(lib_a-locale.o)
                                 0x14 (size before relaxing)
 .rodata.p05.5242
                0x0800cc80        0xc c:/dave-3.1.10/arm-gcc/bin/../lib/gcc/arm-none-eabi/4.7.4/../../../../arm-none-eabi/lib/armv7e-m\libg.a(lib_a-mprec.o)
 *fill*         0x0800cc8c        0x4 00
 .rodata.__mprec_tens
                0x0800cc90       0xc8 c:/dave-3.1.10/arm-gcc/bin/../lib/gcc/arm-none-eabi/4.7.4/../../../../arm-none-eabi/lib/armv7e-m\libg.a(lib_a-mprec.o)
                0x0800cc90                __mprec_tens
 .rodata.__mprec_bigtens
                0x0800cd58       0x28 c:/dave-3.1.10/arm-gcc/bin/../lib/gcc/arm-none-eabi/4.7.4/../../../../arm-none-eabi/lib/armv7e-m\libg.a(lib_a-mprec.o)
                0x0800cd58                __mprec_bigtens
 .rodata.__mprec_tinytens
                0x0800cd80       0x28 c:/dave-3.1.10/arm-gcc/bin/../lib/gcc/arm-none-eabi/4.7.4/../../../../arm-none-eabi/lib/armv7e-m\libg.a(lib_a-mprec.o)
                0x0800cd80                __mprec_tinytens
 .rodata.zeroes.6665
                0x0800cda8       0x10 c:/dave-3.1.10/arm-gcc/bin/../lib/gcc/arm-none-eabi/4.7.4/../../../../arm-none-eabi/lib/armv7e-m\libg.a(lib_a-svfiprintf.o)
 .rodata.str1.4
                0x00000000       0x30 c:/dave-3.1.10/arm-gcc/bin/../lib/gcc/arm-none-eabi/4.7.4/../../../../arm-none-eabi/lib/armv7e-m\libg.a(lib_a-svfiprintf.o)
 .rodata.blanks.6664
                0x0800cdb8       0x10 c:/dave-3.1.10/arm-gcc/bin/../lib/gcc/arm-none-eabi/4.7.4/../../../../arm-none-eabi/lib/armv7e-m\libg.a(lib_a-svfiprintf.o)
 *(.gnu.linkonce.r*)

.rel.dyn        0x0800cdc8        0x0 load address 0x0c00cdc8
 .rel.iplt      0x00000000        0x0 Main.o
                0x0800cdd0                . = ALIGN (0x10)
                0x0c00cdd0                eROData = (. | 0x4000000)

Stack           0x20000000      0x800
                0x20000800                . = (. + stack_size)
 *fill*         0x20000000      0x800 00
                0x20000800                __Xmc4500_stack = .

Communication_Buffers
 *DMA_Descriptors.o(COMMON)

USB_RAM

.bss            0x20000800      0x694
                0x20000800                __Xmc4500_sBSS = .
 *(.bss)
 .bss           0x20000800       0x18 Main.o
                0x20000800                Timer_Wait_Expired
                0x20000801                Timer_Flag
                0x20000802                Timer_Flag_1sec
                0x20000803                time_secs
                0x20000804                Engine_RPM
                0x20000808                Vehicle_Speed
                0x2000080c                Fuel_Level
                0x20000810                VIN_Flag
                0x20000811                CAN_Rx_Flag
                0x20000812                CAN_Tx_FLAG
                0x20000813                CAN_RX_Pkt_Count
                0x20000814                temp
 .bss           0x20000818        0x0 Timer.o
 .bss           0x20000818        0x0 Startup/startup_XMC4500.o
 .bss           0x20000818        0x0 Startup/system_XMC4500.o
 .bss           0x20000818        0xc Lib/System_LibcStubs.o
                0x20000818                __dso_handle
 .bss           0x20000824        0x0 Dave/Generated/src/UART001/UART001.o
 .bss           0x20000824        0x0 Dave/Generated/src/UART001/UART001_Conf.o
 .bss           0x20000824        0xc Dave/Generated/src/SYSTM001/SYSTM001.o
                0x20000824                TimerList
                0x20000828                TimerTracker
                0x2000082c                SysTickCount
 .bss           0x20000830        0x0 Dave/Generated/src/RESET001/RESET001.o
 .bss           0x20000830        0x0 Dave/Generated/src/NVIC002/NVIC002.o
 .bss           0x20000830        0x0 Dave/Generated/src/NVIC002/NVIC002_Conf.o
 .bss           0x20000830        0x0 Dave/Generated/src/LIBS/CCU8PWMLIB.o
 .bss           0x20000830        0x0 Dave/Generated/src/LIBS/MOTORLIB.o
 .bss           0x20000830        0x0 Dave/Generated/src/IO004/IO004.o
 .bss           0x20000830        0x0 Dave/Generated/src/IO004/IO004_Conf.o
 .bss           0x20000830        0x0 Dave/Generated/src/DAVESupport/DAVE3.o
 .bss           0x20000830        0x0 Dave/Generated/src/DAVESupport/MULTIPLEXER.o
 .bss           0x20000830        0x8 Dave/Generated/src/CLK001/CLK001.o
 .bss           0x20000838        0x1 Dave/Generated/src/CANGLOBAL/CANGLOBAL.o
 .bss           0x20000839        0x0 Dave/Generated/src/CAN001/CAN001.o
 .bss           0x20000839        0x0 Dave/Generated/src/CAN001/CAN001_Conf.o
 .bss           0x20000839        0x0 c:/dave-3.1.10/arm-gcc/bin/../lib/gcc/arm-none-eabi/4.7.4/armv7e-m\libgcc.a(_arm_addsubdf3.o)
 .bss           0x20000839        0x0 c:/dave-3.1.10/arm-gcc/bin/../lib/gcc/arm-none-eabi/4.7.4/armv7e-m\libgcc.a(_arm_cmpdf2.o)
 .bss           0x20000839        0x0 c:/dave-3.1.10/arm-gcc/bin/../lib/gcc/arm-none-eabi/4.7.4/../../../../arm-none-eabi/lib/armv7e-m\libg.a(lib_a-init.o)
 .bss           0x20000839        0x0 c:/dave-3.1.10/arm-gcc/bin/../lib/gcc/arm-none-eabi/4.7.4/../../../../arm-none-eabi/lib/armv7e-m\libg.a(lib_a-memcpy.o)
 .bss           0x20000839        0x0 c:/dave-3.1.10/arm-gcc/bin/../lib/gcc/arm-none-eabi/4.7.4/../../../../arm-none-eabi/lib/armv7e-m\libg.a(lib_a-sprintf.o)
 .bss           0x20000839        0x0 c:/dave-3.1.10/arm-gcc/bin/../lib/gcc/arm-none-eabi/4.7.4/../../../../arm-none-eabi/lib/armv7e-m\libg.a(lib_a-strlen.o)
 .bss           0x20000839        0x0 c:/dave-3.1.10/arm-gcc/bin/../lib/gcc/arm-none-eabi/4.7.4/../../../../arm-none-eabi/lib/armv7e-m\libg.a(lib_a-svfprintf.o)
 .bss           0x20000839        0x0 c:/dave-3.1.10/arm-gcc/bin/../lib/gcc/arm-none-eabi/4.7.4/../../../../arm-none-eabi/lib/armv7e-m\libg.a(lib_a-dtoa.o)
 .bss           0x20000839        0x0 c:/dave-3.1.10/arm-gcc/bin/../lib/gcc/arm-none-eabi/4.7.4/../../../../arm-none-eabi/lib/armv7e-m\libg.a(lib_a-impure.o)
 .bss           0x20000839        0x0 c:/dave-3.1.10/arm-gcc/bin/../lib/gcc/arm-none-eabi/4.7.4/../../../../arm-none-eabi/lib/armv7e-m\libg.a(lib_a-locale.o)
 .bss           0x20000839        0x0 c:/dave-3.1.10/arm-gcc/bin/../lib/gcc/arm-none-eabi/4.7.4/../../../../arm-none-eabi/lib/armv7e-m\libg.a(lib_a-mallocr.o)
 .bss           0x20000839        0x0 c:/dave-3.1.10/arm-gcc/bin/../lib/gcc/arm-none-eabi/4.7.4/../../../../arm-none-eabi/lib/armv7e-m\libg.a(lib_a-memchr.o)
 .bss           0x20000839        0x0 c:/dave-3.1.10/arm-gcc/bin/../lib/gcc/arm-none-eabi/4.7.4/../../../../arm-none-eabi/lib/armv7e-m\libg.a(lib_a-mlock.o)
 .bss           0x20000839        0x0 c:/dave-3.1.10/arm-gcc/bin/../lib/gcc/arm-none-eabi/4.7.4/../../../../arm-none-eabi/lib/armv7e-m\libg.a(lib_a-mprec.o)
 .bss           0x20000839        0x0 c:/dave-3.1.10/arm-gcc/bin/../lib/gcc/arm-none-eabi/4.7.4/../../../../arm-none-eabi/lib/armv7e-m\libg.a(lib_a-s_fpclassify.o)
 .bss           0x20000839        0x0 c:/dave-3.1.10/arm-gcc/bin/../lib/gcc/arm-none-eabi/4.7.4/../../../../arm-none-eabi/lib/armv7e-m\libg.a(lib_a-sbrkr.o)
 .bss           0x20000839        0x0 c:/dave-3.1.10/arm-gcc/bin/../lib/gcc/arm-none-eabi/4.7.4/../../../../arm-none-eabi/lib/armv7e-m\libg.a(lib_a-strcmp.o)
 .bss           0x20000839        0x0 c:/dave-3.1.10/arm-gcc/bin/../lib/gcc/arm-none-eabi/4.7.4/../../../../arm-none-eabi/lib/armv7e-m\libg.a(lib_a-svfiprintf.o)
 .bss           0x20000839        0x0 c:/dave-3.1.10/arm-gcc/bin/../lib/gcc/arm-none-eabi/4.7.4/../../../../arm-none-eabi/lib/armv7e-m\libg.a(lib_a-callocr.o)
 .bss           0x20000839        0x0 c:/dave-3.1.10/arm-gcc/bin/../lib/gcc/arm-none-eabi/4.7.4/../../../../arm-none-eabi/lib/armv7e-m\libg.a(lib_a-freer.o)
 .bss           0x20000839        0x0 c:/dave-3.1.10/arm-gcc/bin/../lib/gcc/arm-none-eabi/4.7.4/../../../../arm-none-eabi/lib/armv7e-m\libg.a(lib_a-memmove.o)
 .bss           0x20000839        0x0 c:/dave-3.1.10/arm-gcc/bin/../lib/gcc/arm-none-eabi/4.7.4/../../../../arm-none-eabi/lib/armv7e-m\libg.a(lib_a-memset.o)
 .bss           0x20000839        0x0 c:/dave-3.1.10/arm-gcc/bin/../lib/gcc/arm-none-eabi/4.7.4/../../../../arm-none-eabi/lib/armv7e-m\libg.a(lib_a-reallocr.o)
 .bss           0x20000839        0x0 c:/dave-3.1.10/arm-gcc/bin/../lib/gcc/arm-none-eabi/4.7.4/../../../../arm-none-eabi/lib/armv7e-m\libg.a(lib_a-reent.o)
 .bss           0x20000839        0x0 c:/dave-3.1.10/arm-gcc/bin/../lib/gcc/arm-none-eabi/4.7.4/armv7e-m\libgcc.a(_arm_muldivdf3.o)
 .bss           0x20000839        0x0 c:/dave-3.1.10/arm-gcc/bin/../lib/gcc/arm-none-eabi/4.7.4/armv7e-m\libgcc.a(_arm_fixdfsi.o)
 .bss           0x20000839        0x0 c:/dave-3.1.10/arm-gcc/bin/../lib/gcc/arm-none-eabi/4.7.4/armv7e-m\libgcc.a(_aeabi_uldivmod.o)
 .bss           0x20000839        0x0 c:/dave-3.1.10/arm-gcc/bin/../lib/gcc/arm-none-eabi/4.7.4/armv7e-m\libgcc.a(bpabi.o)
 .bss           0x20000839        0x0 c:/dave-3.1.10/arm-gcc/bin/../lib/gcc/arm-none-eabi/4.7.4/armv7e-m\libgcc.a(_dvmd_tls.o)
 .bss           0x20000839        0x0 c:/dave-3.1.10/arm-gcc/bin/../lib/gcc/arm-none-eabi/4.7.4/armv7e-m\libgcc.a(_divdi3.o)
 .bss           0x20000839        0x0 c:/dave-3.1.10/arm-gcc/bin/../lib/gcc/arm-none-eabi/4.7.4/armv7e-m\libgcc.a(_udivdi3.o)
 *(.bss*)
 *fill*         0x20000839        0x3 00
 .bss._PathLocale
                0x2000083c        0x4 c:/dave-3.1.10/arm-gcc/bin/../lib/gcc/arm-none-eabi/4.7.4/../../../../arm-none-eabi/lib/armv7e-m\libg.a(lib_a-locale.o)
                0x2000083c                _PathLocale
 .bss.__nlocale_changed
                0x20000840        0x4 c:/dave-3.1.10/arm-gcc/bin/../lib/gcc/arm-none-eabi/4.7.4/../../../../arm-none-eabi/lib/armv7e-m\libg.a(lib_a-locale.o)
                0x20000840                __nlocale_changed
 .bss.__mlocale_changed
                0x20000844        0x4 c:/dave-3.1.10/arm-gcc/bin/../lib/gcc/arm-none-eabi/4.7.4/../../../../arm-none-eabi/lib/armv7e-m\libg.a(lib_a-locale.o)
                0x20000844                __mlocale_changed
 .bss.__malloc_max_total_mem
                0x20000848        0x4 c:/dave-3.1.10/arm-gcc/bin/../lib/gcc/arm-none-eabi/4.7.4/../../../../arm-none-eabi/lib/armv7e-m\libg.a(lib_a-mallocr.o)
                0x20000848                __malloc_max_total_mem
 .bss.__malloc_max_sbrked_mem
                0x2000084c        0x4 c:/dave-3.1.10/arm-gcc/bin/../lib/gcc/arm-none-eabi/4.7.4/../../../../arm-none-eabi/lib/armv7e-m\libg.a(lib_a-mallocr.o)
                0x2000084c                __malloc_max_sbrked_mem
 .bss.__malloc_top_pad
                0x20000850        0x4 c:/dave-3.1.10/arm-gcc/bin/../lib/gcc/arm-none-eabi/4.7.4/../../../../arm-none-eabi/lib/armv7e-m\libg.a(lib_a-mallocr.o)
                0x20000850                __malloc_top_pad
 .bss.__malloc_current_mallinfo
                0x20000854       0x28 c:/dave-3.1.10/arm-gcc/bin/../lib/gcc/arm-none-eabi/4.7.4/../../../../arm-none-eabi/lib/armv7e-m\libg.a(lib_a-mallocr.o)
                0x20000854                __malloc_current_mallinfo
 *(EXCLUDE_FILE(*DMA_Descriptors.o) COMMON)
 COMMON         0x2000087c      0x214 Main.o
                0x2000087c                Timer_WaitId
                0x20000880                PID_Val
                0x20000884                CanRecMsgObj
                0x20000914                CanTxMsgObj
                0x2000092c                Data_Len
                0x20000930                can_uart_buffer
                0x20000964                Sniffer_Buffer
                0x20000982                MODE_Val
                0x20000984                TimerId1Sec
                0x20000988                ECU_Test
                0x20000a88                ECU_Val
                0x20000a8c                TimerId
 COMMON         0x20000a90      0x400 Dave/Generated/src/SYSTM001/SYSTM001.o
                0x20000a90                TimerTbl
 COMMON         0x20000e90        0x4 c:/dave-3.1.10/arm-gcc/bin/../lib/gcc/arm-none-eabi/4.7.4/../../../../arm-none-eabi/lib/armv7e-m\libg.a(lib_a-reent.o)
                0x20000e90                errno
 *(.gnu.linkonce.b*)
                0x20000e94                __Xmc4500_eBSS = ALIGN (0x4)
                0x00000694                __Xmc4500_BSS_Size = (__Xmc4500_eBSS - __Xmc4500_sBSS)

.data           0x20000ea0     0x1340 load address 0x0c00cdd0
                0x20000ea0                __Xmc4500_sData = .
 *(.data)
 .data          0x20000ea0      0xa48 Main.o
                0x20000ea0                PID_Desc
                0x200017a0                obd_std_strings
                0x2000184c                pid_reslen
                0x2000189c                Data_Control_Frame
                0x200018a4                Data
                0x200018ac                data_uart
                0x200018bc                can_uart_error
                0x200018e0                data_uart_end
 .data          0x200018e8        0x0 Timer.o
 .data          0x200018e8        0x0 Startup/startup_XMC4500.o
 .data          0x200018e8        0x4 Startup/system_XMC4500.o
                0x200018e8                SystemCoreClock
 .data          0x200018ec        0x0 Lib/System_LibcStubs.o
 .data          0x200018ec        0x0 Dave/Generated/src/UART001/UART001.o
 .data          0x200018ec        0x4 Dave/Generated/src/UART001/UART001_Conf.o
                0x200018ec                UART001_HandleArray
 .data          0x200018f0        0x0 Dave/Generated/src/SYSTM001/SYSTM001.o
 .data          0x200018f0        0x0 Dave/Generated/src/RESET001/RESET001.o
 .data          0x200018f0        0x0 Dave/Generated/src/NVIC002/NVIC002.o
 .data          0x200018f0        0x4 Dave/Generated/src/NVIC002/NVIC002_Conf.o
                0x200018f0                NVIC002_HandleArray
 .data          0x200018f4        0x0 Dave/Generated/src/LIBS/CCU8PWMLIB.o
 .data          0x200018f4        0x0 Dave/Generated/src/LIBS/MOTORLIB.o
 .data          0x200018f4        0x0 Dave/Generated/src/IO004/IO004.o
 .data          0x200018f4        0x0 Dave/Generated/src/IO004/IO004_Conf.o
 .data          0x200018f4        0x0 Dave/Generated/src/DAVESupport/DAVE3.o
 .data          0x200018f4        0x0 Dave/Generated/src/DAVESupport/MULTIPLEXER.o
 .data          0x200018f4        0x0 Dave/Generated/src/CLK001/CLK001.o
 .data          0x200018f4        0x0 Dave/Generated/src/CANGLOBAL/CANGLOBAL.o
 .data          0x200018f4        0x0 Dave/Generated/src/CAN001/CAN001.o
 .data          0x200018f4       0x30 Dave/Generated/src/CAN001/CAN001_Conf.o
                0x200018f4                CAN001_MessageHandle0_1
                0x2000190c                CAN001_MessageHandle0_2
 .data          0x20001924        0x0 c:/dave-3.1.10/arm-gcc/bin/../lib/gcc/arm-none-eabi/4.7.4/armv7e-m\libgcc.a(_arm_addsubdf3.o)
 .data          0x20001924        0x0 c:/dave-3.1.10/arm-gcc/bin/../lib/gcc/arm-none-eabi/4.7.4/armv7e-m\libgcc.a(_arm_cmpdf2.o)
 .data          0x20001924        0x0 c:/dave-3.1.10/arm-gcc/bin/../lib/gcc/arm-none-eabi/4.7.4/../../../../arm-none-eabi/lib/armv7e-m\libg.a(lib_a-init.o)
 .data          0x20001924        0x0 c:/dave-3.1.10/arm-gcc/bin/../lib/gcc/arm-none-eabi/4.7.4/../../../../arm-none-eabi/lib/armv7e-m\libg.a(lib_a-memcpy.o)
 .data          0x20001924        0x0 c:/dave-3.1.10/arm-gcc/bin/../lib/gcc/arm-none-eabi/4.7.4/../../../../arm-none-eabi/lib/armv7e-m\libg.a(lib_a-sprintf.o)
 .data          0x20001924        0x0 c:/dave-3.1.10/arm-gcc/bin/../lib/gcc/arm-none-eabi/4.7.4/../../../../arm-none-eabi/lib/armv7e-m\libg.a(lib_a-strlen.o)
 .data          0x20001924        0x0 c:/dave-3.1.10/arm-gcc/bin/../lib/gcc/arm-none-eabi/4.7.4/../../../../arm-none-eabi/lib/armv7e-m\libg.a(lib_a-svfprintf.o)
 .data          0x20001924        0x0 c:/dave-3.1.10/arm-gcc/bin/../lib/gcc/arm-none-eabi/4.7.4/../../../../arm-none-eabi/lib/armv7e-m\libg.a(lib_a-dtoa.o)
 .data          0x20001924        0x0 c:/dave-3.1.10/arm-gcc/bin/../lib/gcc/arm-none-eabi/4.7.4/../../../../arm-none-eabi/lib/armv7e-m\libg.a(lib_a-impure.o)
 .data          0x20001924        0x0 c:/dave-3.1.10/arm-gcc/bin/../lib/gcc/arm-none-eabi/4.7.4/../../../../arm-none-eabi/lib/armv7e-m\libg.a(lib_a-locale.o)
 .data          0x20001924        0x0 c:/dave-3.1.10/arm-gcc/bin/../lib/gcc/arm-none-eabi/4.7.4/../../../../arm-none-eabi/lib/armv7e-m\libg.a(lib_a-mallocr.o)
 .data          0x20001924        0x0 c:/dave-3.1.10/arm-gcc/bin/../lib/gcc/arm-none-eabi/4.7.4/../../../../arm-none-eabi/lib/armv7e-m\libg.a(lib_a-memchr.o)
 .data          0x20001924        0x0 c:/dave-3.1.10/arm-gcc/bin/../lib/gcc/arm-none-eabi/4.7.4/../../../../arm-none-eabi/lib/armv7e-m\libg.a(lib_a-mlock.o)
 .data          0x20001924        0x0 c:/dave-3.1.10/arm-gcc/bin/../lib/gcc/arm-none-eabi/4.7.4/../../../../arm-none-eabi/lib/armv7e-m\libg.a(lib_a-mprec.o)
 .data          0x20001924        0x0 c:/dave-3.1.10/arm-gcc/bin/../lib/gcc/arm-none-eabi/4.7.4/../../../../arm-none-eabi/lib/armv7e-m\libg.a(lib_a-s_fpclassify.o)
 .data          0x20001924        0x0 c:/dave-3.1.10/arm-gcc/bin/../lib/gcc/arm-none-eabi/4.7.4/../../../../arm-none-eabi/lib/armv7e-m\libg.a(lib_a-sbrkr.o)
 .data          0x20001924        0x0 c:/dave-3.1.10/arm-gcc/bin/../lib/gcc/arm-none-eabi/4.7.4/../../../../arm-none-eabi/lib/armv7e-m\libg.a(lib_a-strcmp.o)
 .data          0x20001924        0x0 c:/dave-3.1.10/arm-gcc/bin/../lib/gcc/arm-none-eabi/4.7.4/../../../../arm-none-eabi/lib/armv7e-m\libg.a(lib_a-svfiprintf.o)
 .data          0x20001924        0x0 c:/dave-3.1.10/arm-gcc/bin/../lib/gcc/arm-none-eabi/4.7.4/../../../../arm-none-eabi/lib/armv7e-m\libg.a(lib_a-callocr.o)
 .data          0x20001924        0x0 c:/dave-3.1.10/arm-gcc/bin/../lib/gcc/arm-none-eabi/4.7.4/../../../../arm-none-eabi/lib/armv7e-m\libg.a(lib_a-freer.o)
 .data          0x20001924        0x0 c:/dave-3.1.10/arm-gcc/bin/../lib/gcc/arm-none-eabi/4.7.4/../../../../arm-none-eabi/lib/armv7e-m\libg.a(lib_a-memmove.o)
 .data          0x20001924        0x0 c:/dave-3.1.10/arm-gcc/bin/../lib/gcc/arm-none-eabi/4.7.4/../../../../arm-none-eabi/lib/armv7e-m\libg.a(lib_a-memset.o)
 .data          0x20001924        0x0 c:/dave-3.1.10/arm-gcc/bin/../lib/gcc/arm-none-eabi/4.7.4/../../../../arm-none-eabi/lib/armv7e-m\libg.a(lib_a-reallocr.o)
 .data          0x20001924        0x0 c:/dave-3.1.10/arm-gcc/bin/../lib/gcc/arm-none-eabi/4.7.4/../../../../arm-none-eabi/lib/armv7e-m\libg.a(lib_a-reent.o)
 .data          0x20001924        0x0 c:/dave-3.1.10/arm-gcc/bin/../lib/gcc/arm-none-eabi/4.7.4/armv7e-m\libgcc.a(_arm_muldivdf3.o)
 .data          0x20001924        0x0 c:/dave-3.1.10/arm-gcc/bin/../lib/gcc/arm-none-eabi/4.7.4/armv7e-m\libgcc.a(_arm_fixdfsi.o)
 .data          0x20001924        0x0 c:/dave-3.1.10/arm-gcc/bin/../lib/gcc/arm-none-eabi/4.7.4/armv7e-m\libgcc.a(_aeabi_uldivmod.o)
 .data          0x20001924        0x0 c:/dave-3.1.10/arm-gcc/bin/../lib/gcc/arm-none-eabi/4.7.4/armv7e-m\libgcc.a(bpabi.o)
 .data          0x20001924        0x0 c:/dave-3.1.10/arm-gcc/bin/../lib/gcc/arm-none-eabi/4.7.4/armv7e-m\libgcc.a(_dvmd_tls.o)
 .data          0x20001924        0x0 c:/dave-3.1.10/arm-gcc/bin/../lib/gcc/arm-none-eabi/4.7.4/armv7e-m\libgcc.a(_divdi3.o)
 .data          0x20001924        0x0 c:/dave-3.1.10/arm-gcc/bin/../lib/gcc/arm-none-eabi/4.7.4/armv7e-m\libgcc.a(_udivdi3.o)
 *(.data*)
 *fill*         0x20001924        0x4 00
 .data.impure_data
                0x20001928      0x428 c:/dave-3.1.10/arm-gcc/bin/../lib/gcc/arm-none-eabi/4.7.4/../../../../arm-none-eabi/lib/armv7e-m\libg.a(lib_a-impure.o)
 .data._impure_ptr
                0x20001d50        0x4 c:/dave-3.1.10/arm-gcc/bin/../lib/gcc/arm-none-eabi/4.7.4/../../../../arm-none-eabi/lib/armv7e-m\libg.a(lib_a-impure.o)
                0x20001d50                _impure_ptr
 .data.lc_message_charset
                0x20001d54       0x20 c:/dave-3.1.10/arm-gcc/bin/../lib/gcc/arm-none-eabi/4.7.4/../../../../arm-none-eabi/lib/armv7e-m\libg.a(lib_a-locale.o)
 .data.lconv    0x20001d74       0x38 c:/dave-3.1.10/arm-gcc/bin/../lib/gcc/arm-none-eabi/4.7.4/../../../../arm-none-eabi/lib/armv7e-m\libg.a(lib_a-locale.o)
 .data.lc_ctype_charset
                0x20001dac       0x20 c:/dave-3.1.10/arm-gcc/bin/../lib/gcc/arm-none-eabi/4.7.4/../../../../arm-none-eabi/lib/armv7e-m\libg.a(lib_a-locale.o)
 .data.__mb_cur_max
                0x20001dcc        0x4 c:/dave-3.1.10/arm-gcc/bin/../lib/gcc/arm-none-eabi/4.7.4/../../../../arm-none-eabi/lib/armv7e-m\libg.a(lib_a-locale.o)
                0x20001dcc                __mb_cur_max
 .data.__malloc_av_
                0x20001dd0      0x408 c:/dave-3.1.10/arm-gcc/bin/../lib/gcc/arm-none-eabi/4.7.4/../../../../arm-none-eabi/lib/armv7e-m\libg.a(lib_a-mallocr.o)
                0x20001dd0                __malloc_av_
 .data.__malloc_trim_threshold
                0x200021d8        0x4 c:/dave-3.1.10/arm-gcc/bin/../lib/gcc/arm-none-eabi/4.7.4/../../../../arm-none-eabi/lib/armv7e-m\libg.a(lib_a-mallocr.o)
                0x200021d8                __malloc_trim_threshold
 .data.__malloc_sbrk_base
                0x200021dc        0x4 c:/dave-3.1.10/arm-gcc/bin/../lib/gcc/arm-none-eabi/4.7.4/../../../../arm-none-eabi/lib/armv7e-m\libg.a(lib_a-mallocr.o)
                0x200021dc                __malloc_sbrk_base
 *(*.data)
 *(.gnu.linkonce.d*)
                0x200021e0                __Xmc4500_eData = ALIGN (0x4)
                0x00001340                __Xmc4500_Data_Size = (__Xmc4500_eData - __Xmc4500_sData)
                0x200021e0                __Xmc4500_heap_start = ALIGN (0x8)
                0x20010000                __Xmc4500_heap_end = (ORIGIN (DSRAM_1_system) + 0x10000)
                0x200021e0                Heap_Bank1_Start = __Xmc4500_heap_start
                0x0000de20                Heap_Bank1_Size = (__Xmc4500_heap_end - __Xmc4500_heap_start)
                0x20010000                Heap_Bank1_End = ABSOLUTE (__Xmc4500_heap_end)

.igot.plt       0x200021e0        0x0 load address 0x0c00e110
 .igot.plt      0x00000000        0x0 Main.o

DSRAM2_Heap     0x30000000        0x0
                0x30000000                Heap_Bank2_Start = .
                0x00008000                Heap_Bank2_Size = (0x8000 - (Heap_Bank2_Start - ORIGIN (DSRAM_2_comm)))

PSRAM_Heap      0x10000000        0x0
                0x10000000                Heap_Bank3_Start = .
                0x00010000                Heap_Bank3_Size = (0x10000 - (Heap_Bank3_Start - ORIGIN (PSRAM_1)))

/DISCARD/
 *(.comment)

.stab
 *(.stab)

.stabstr
 *(.stabstr)

.debug
 *(.debug)

.line
 *(.line)

.debug_srcinfo
 *(.debug_srcinfo)

.debug_sfnames
 *(.debug_sfnames)

.debug_aranges  0x00000000      0x560
 *(.debug_aranges)
 .debug_aranges
                0x00000000       0x68 Main.o
 .debug_aranges
                0x00000068       0x18 Timer.o
 .debug_aranges
                0x00000080       0x38 Startup/startup_XMC4500.o
 .debug_aranges
                0x000000b8       0x30 Startup/system_XMC4500.o
 .debug_aranges
                0x000000e8       0xa0 Lib/System_LibcStubs.o
 .debug_aranges
                0x00000188       0x80 Dave/Generated/src/UART001/UART001.o
 .debug_aranges
                0x00000208       0x18 Dave/Generated/src/UART001/UART001_Conf.o
 .debug_aranges
                0x00000220       0x90 Dave/Generated/src/SYSTM001/SYSTM001.o
 .debug_aranges
                0x000002b0       0x40 Dave/Generated/src/RESET001/RESET001.o
 .debug_aranges
                0x000002f0       0x50 Dave/Generated/src/NVIC002/NVIC002.o
 .debug_aranges
                0x00000340       0x18 Dave/Generated/src/NVIC002/NVIC002_Conf.o
 .debug_aranges
                0x00000358       0x18 Dave/Generated/src/LIBS/CCU8PWMLIB.o
 .debug_aranges
                0x00000370       0x18 Dave/Generated/src/LIBS/MOTORLIB.o
 .debug_aranges
                0x00000388       0x30 Dave/Generated/src/IO004/IO004.o
 .debug_aranges
                0x000003b8       0x18 Dave/Generated/src/IO004/IO004_Conf.o
 .debug_aranges
                0x000003d0       0x30 Dave/Generated/src/DAVESupport/DAVE3.o
 .debug_aranges
                0x00000400       0x28 Dave/Generated/src/DAVESupport/MULTIPLEXER.o
 .debug_aranges
                0x00000428       0x60 Dave/Generated/src/CLK001/CLK001.o
 .debug_aranges
                0x00000488       0x20 Dave/Generated/src/CANGLOBAL/CANGLOBAL.o
 .debug_aranges
                0x000004a8       0xa0 Dave/Generated/src/CAN001/CAN001.o
 .debug_aranges
                0x00000548       0x18 Dave/Generated/src/CAN001/CAN001_Conf.o

.debug_pubnames
 *(.debug_pubnames)

.debug_pubtypes
 *(.debug_pubtypes)

.debug_info     0x00000000     0x8405
 *(.debug_info .gnu.linkonce.wi.*)
 .debug_info    0x00000000     0x1397 Main.o
 .debug_info    0x00001397       0x21 Timer.o
 .debug_info    0x000013b8       0x6f Startup/startup_XMC4500.o
 .debug_info    0x00001427      0xaf0 Startup/system_XMC4500.o
 .debug_info    0x00001f17      0x65f Lib/System_LibcStubs.o
 .debug_info    0x00002576      0xfc2 Dave/Generated/src/UART001/UART001.o
 .debug_info    0x00003538      0x805 Dave/Generated/src/UART001/UART001_Conf.o
 .debug_info    0x00003d3d      0xc2e Dave/Generated/src/SYSTM001/SYSTM001.o
 .debug_info    0x0000496b      0x47c Dave/Generated/src/RESET001/RESET001.o
 .debug_info    0x00004de7      0x884 Dave/Generated/src/NVIC002/NVIC002.o
 .debug_info    0x0000566b      0x127 Dave/Generated/src/NVIC002/NVIC002_Conf.o
 .debug_info    0x00005792       0x94 Dave/Generated/src/LIBS/CCU8PWMLIB.o
 .debug_info    0x00005826       0x94 Dave/Generated/src/LIBS/MOTORLIB.o
 .debug_info    0x000058ba      0x3c6 Dave/Generated/src/IO004/IO004.o
 .debug_info    0x00005c80      0x2bc Dave/Generated/src/IO004/IO004_Conf.o
 .debug_info    0x00005f3c      0x2e9 Dave/Generated/src/DAVESupport/DAVE3.o
 .debug_info    0x00006225      0x805 Dave/Generated/src/DAVESupport/MULTIPLEXER.o
 .debug_info    0x00006a2a      0x689 Dave/Generated/src/CLK001/CLK001.o
 .debug_info    0x000070b3      0x33a Dave/Generated/src/CANGLOBAL/CANGLOBAL.o
 .debug_info    0x000073ed      0xd05 Dave/Generated/src/CAN001/CAN001.o
 .debug_info    0x000080f2      0x313 Dave/Generated/src/CAN001/CAN001_Conf.o

.debug_abbrev   0x00000000     0x183c
 *(.debug_abbrev)
 .debug_abbrev  0x00000000      0x26d Main.o
 .debug_abbrev  0x0000026d       0x13 Timer.o
 .debug_abbrev  0x00000280       0x12 Startup/startup_XMC4500.o
 .debug_abbrev  0x00000292      0x154 Startup/system_XMC4500.o
 .debug_abbrev  0x000003e6      0x149 Lib/System_LibcStubs.o
 .debug_abbrev  0x0000052f      0x203 Dave/Generated/src/UART001/UART001.o
 .debug_abbrev  0x00000732      0x12c Dave/Generated/src/UART001/UART001_Conf.o
 .debug_abbrev  0x0000085e      0x26b Dave/Generated/src/SYSTM001/SYSTM001.o
 .debug_abbrev  0x00000ac9      0x122 Dave/Generated/src/RESET001/RESET001.o
 .debug_abbrev  0x00000beb      0x1c1 Dave/Generated/src/NVIC002/NVIC002.o
 .debug_abbrev  0x00000dac       0x9f Dave/Generated/src/NVIC002/NVIC002_Conf.o
 .debug_abbrev  0x00000e4b       0x4e Dave/Generated/src/LIBS/CCU8PWMLIB.o
 .debug_abbrev  0x00000e99       0x4e Dave/Generated/src/LIBS/MOTORLIB.o
 .debug_abbrev  0x00000ee7      0x129 Dave/Generated/src/IO004/IO004.o
 .debug_abbrev  0x00001010       0xbb Dave/Generated/src/IO004/IO004_Conf.o
 .debug_abbrev  0x000010cb       0xf3 Dave/Generated/src/DAVESupport/DAVE3.o
 .debug_abbrev  0x000011be      0x123 Dave/Generated/src/DAVESupport/MULTIPLEXER.o
 .debug_abbrev  0x000012e1      0x186 Dave/Generated/src/CLK001/CLK001.o
 .debug_abbrev  0x00001467       0xe6 Dave/Generated/src/CANGLOBAL/CANGLOBAL.o
 .debug_abbrev  0x0000154d      0x20f Dave/Generated/src/CAN001/CAN001.o
 .debug_abbrev  0x0000175c       0xe0 Dave/Generated/src/CAN001/CAN001_Conf.o

.debug_line     0x00000000     0x9444
 *(.debug_line)
 .debug_line    0x00000000      0xc2b Main.o
 .debug_line    0x00000c2b       0x2b Timer.o
 .debug_line    0x00000c56      0x19d Startup/startup_XMC4500.o
 .debug_line    0x00000df3      0x3b7 Startup/system_XMC4500.o
 .debug_line    0x000011aa      0x3c1 Lib/System_LibcStubs.o
 .debug_line    0x0000156b      0x6be Dave/Generated/src/UART001/UART001.o
 .debug_line    0x00001c29      0x3d4 Dave/Generated/src/UART001/UART001_Conf.o
 .debug_line    0x00001ffd      0xb77 Dave/Generated/src/SYSTM001/SYSTM001.o
 .debug_line    0x00002b74      0x41e Dave/Generated/src/RESET001/RESET001.o
 .debug_line    0x00002f92      0x433 Dave/Generated/src/NVIC002/NVIC002.o
 .debug_line    0x000033c5      0x373 Dave/Generated/src/NVIC002/NVIC002_Conf.o
 .debug_line    0x00003738      0x9a1 Dave/Generated/src/LIBS/CCU8PWMLIB.o
 .debug_line    0x000040d9      0x99d Dave/Generated/src/LIBS/MOTORLIB.o
 .debug_line    0x00004a76      0xa00 Dave/Generated/src/IO004/IO004.o
 .debug_line    0x00005476      0x968 Dave/Generated/src/IO004/IO004_Conf.o
 .debug_line    0x00005dde      0x940 Dave/Generated/src/DAVESupport/DAVE3.o
 .debug_line    0x0000671e      0x939 Dave/Generated/src/DAVESupport/MULTIPLEXER.o
 .debug_line    0x00007057      0x4af Dave/Generated/src/CLK001/CLK001.o
 .debug_line    0x00007506      0x98a Dave/Generated/src/CANGLOBAL/CANGLOBAL.o
 .debug_line    0x00007e90      0xc4a Dave/Generated/src/CAN001/CAN001.o
 .debug_line    0x00008ada      0x96a Dave/Generated/src/CAN001/CAN001_Conf.o

.debug_frame    0x00000000     0x14e8
 *(.debug_frame)
 .debug_frame   0x00000000      0x164 Main.o
 .debug_frame   0x00000164       0x6c Startup/system_XMC4500.o
 .debug_frame   0x000001d0      0x1ec Lib/System_LibcStubs.o
 .debug_frame   0x000003bc      0x190 Dave/Generated/src/UART001/UART001.o
 .debug_frame   0x0000054c      0x1d0 Dave/Generated/src/SYSTM001/SYSTM001.o
 .debug_frame   0x0000071c       0x9c Dave/Generated/src/RESET001/RESET001.o
 .debug_frame   0x000007b8       0xe4 Dave/Generated/src/NVIC002/NVIC002.o
 .debug_frame   0x0000089c       0x64 Dave/Generated/src/IO004/IO004.o
 .debug_frame   0x00000900       0x64 Dave/Generated/src/DAVESupport/DAVE3.o
 .debug_frame   0x00000964       0x48 Dave/Generated/src/DAVESupport/MULTIPLEXER.o
 .debug_frame   0x000009ac      0x120 Dave/Generated/src/CLK001/CLK001.o
 .debug_frame   0x00000acc       0x2c Dave/Generated/src/CANGLOBAL/CANGLOBAL.o
 .debug_frame   0x00000af8      0x1f8 Dave/Generated/src/CAN001/CAN001.o
 .debug_frame   0x00000cf0       0x30 c:/dave-3.1.10/arm-gcc/bin/../lib/gcc/arm-none-eabi/4.7.4/../../../../arm-none-eabi/lib/armv7e-m\libg.a(lib_a-init.o)
 .debug_frame   0x00000d20       0x30 c:/dave-3.1.10/arm-gcc/bin/../lib/gcc/arm-none-eabi/4.7.4/../../../../arm-none-eabi/lib/armv7e-m\libg.a(lib_a-memcpy.o)
 .debug_frame   0x00000d50       0x60 c:/dave-3.1.10/arm-gcc/bin/../lib/gcc/arm-none-eabi/4.7.4/../../../../arm-none-eabi/lib/armv7e-m\libg.a(lib_a-sprintf.o)
 .debug_frame   0x00000db0       0x20 c:/dave-3.1.10/arm-gcc/bin/../lib/gcc/arm-none-eabi/4.7.4/../../../../arm-none-eabi/lib/armv7e-m\libg.a(lib_a-strlen.o)
 .debug_frame   0x00000dd0       0x3c c:/dave-3.1.10/arm-gcc/bin/../lib/gcc/arm-none-eabi/4.7.4/../../../../arm-none-eabi/lib/armv7e-m\libg.a(lib_a-svfprintf.o)
 .debug_frame   0x00000e0c       0x64 c:/dave-3.1.10/arm-gcc/bin/../lib/gcc/arm-none-eabi/4.7.4/../../../../arm-none-eabi/lib/armv7e-m\libg.a(lib_a-dtoa.o)
 .debug_frame   0x00000e70       0xa0 c:/dave-3.1.10/arm-gcc/bin/../lib/gcc/arm-none-eabi/4.7.4/../../../../arm-none-eabi/lib/armv7e-m\libg.a(lib_a-locale.o)
 .debug_frame   0x00000f10       0x38 c:/dave-3.1.10/arm-gcc/bin/../lib/gcc/arm-none-eabi/4.7.4/../../../../arm-none-eabi/lib/armv7e-m\libg.a(lib_a-mallocr.o)
 .debug_frame   0x00000f48       0x2c c:/dave-3.1.10/arm-gcc/bin/../lib/gcc/arm-none-eabi/4.7.4/../../../../arm-none-eabi/lib/armv7e-m\libg.a(lib_a-memchr.o)
 .debug_frame   0x00000f74       0x30 c:/dave-3.1.10/arm-gcc/bin/../lib/gcc/arm-none-eabi/4.7.4/../../../../arm-none-eabi/lib/armv7e-m\libg.a(lib_a-mlock.o)
 .debug_frame   0x00000fa4      0x234 c:/dave-3.1.10/arm-gcc/bin/../lib/gcc/arm-none-eabi/4.7.4/../../../../arm-none-eabi/lib/armv7e-m\libg.a(lib_a-mprec.o)
 .debug_frame   0x000011d8       0x20 c:/dave-3.1.10/arm-gcc/bin/../lib/gcc/arm-none-eabi/4.7.4/../../../../arm-none-eabi/lib/armv7e-m\libg.a(lib_a-s_fpclassify.o)
 .debug_frame   0x000011f8       0x2c c:/dave-3.1.10/arm-gcc/bin/../lib/gcc/arm-none-eabi/4.7.4/../../../../arm-none-eabi/lib/armv7e-m\libg.a(lib_a-sbrkr.o)
 .debug_frame   0x00001224       0x30 c:/dave-3.1.10/arm-gcc/bin/../lib/gcc/arm-none-eabi/4.7.4/../../../../arm-none-eabi/lib/armv7e-m\libg.a(lib_a-strcmp.o)
 .debug_frame   0x00001254       0x64 c:/dave-3.1.10/arm-gcc/bin/../lib/gcc/arm-none-eabi/4.7.4/../../../../arm-none-eabi/lib/armv7e-m\libg.a(lib_a-svfiprintf.o)
 .debug_frame   0x000012b8       0x28 c:/dave-3.1.10/arm-gcc/bin/../lib/gcc/arm-none-eabi/4.7.4/../../../../arm-none-eabi/lib/armv7e-m\libg.a(lib_a-callocr.o)
 .debug_frame   0x000012e0       0x50 c:/dave-3.1.10/arm-gcc/bin/../lib/gcc/arm-none-eabi/4.7.4/../../../../arm-none-eabi/lib/armv7e-m\libg.a(lib_a-freer.o)
 .debug_frame   0x00001330       0x30 c:/dave-3.1.10/arm-gcc/bin/../lib/gcc/arm-none-eabi/4.7.4/../../../../arm-none-eabi/lib/armv7e-m\libg.a(lib_a-memmove.o)
 .debug_frame   0x00001360       0x2c c:/dave-3.1.10/arm-gcc/bin/../lib/gcc/arm-none-eabi/4.7.4/../../../../arm-none-eabi/lib/armv7e-m\libg.a(lib_a-memset.o)
 .debug_frame   0x0000138c       0x38 c:/dave-3.1.10/arm-gcc/bin/../lib/gcc/arm-none-eabi/4.7.4/../../../../arm-none-eabi/lib/armv7e-m\libg.a(lib_a-reallocr.o)
 .debug_frame   0x000013c4       0x6c c:/dave-3.1.10/arm-gcc/bin/../lib/gcc/arm-none-eabi/4.7.4/../../../../arm-none-eabi/lib/armv7e-m\libg.a(lib_a-reent.o)
 .debug_frame   0x00001430       0x50 c:/dave-3.1.10/arm-gcc/bin/../lib/gcc/arm-none-eabi/4.7.4/armv7e-m\libgcc.a(bpabi.o)
 .debug_frame   0x00001480       0x34 c:/dave-3.1.10/arm-gcc/bin/../lib/gcc/arm-none-eabi/4.7.4/armv7e-m\libgcc.a(_divdi3.o)
 .debug_frame   0x000014b4       0x34 c:/dave-3.1.10/arm-gcc/bin/../lib/gcc/arm-none-eabi/4.7.4/armv7e-m\libgcc.a(_udivdi3.o)

.debug_str      0x00000000    0x99d6b
 *(.debug_str)
 .debug_str     0x00000000    0x9612b Main.o
                              0x96649 (size before relaxing)
 .debug_str     0x0009612b        0xb Timer.o
                               0x22a1 (size before relaxing)
 .debug_str     0x00096136      0x62d Startup/system_XMC4500.o
                              0x90469 (size before relaxing)
 .debug_str     0x00096763     0x1505 Lib/System_LibcStubs.o
                               0x5889 (size before relaxing)
 .debug_str     0x00097c68      0x7c1 Dave/Generated/src/UART001/UART001.o
                              0x9156b (size before relaxing)
 .debug_str     0x00098429       0x2d Dave/Generated/src/UART001/UART001_Conf.o
                              0x90db7 (size before relaxing)
 .debug_str     0x00098456      0xc5b Dave/Generated/src/SYSTM001/SYSTM001.o
                              0x9419f (size before relaxing)
 .debug_str     0x000990b1      0x225 Dave/Generated/src/RESET001/RESET001.o
                              0x907c8 (size before relaxing)
 .debug_str     0x000992d6       0x9b Dave/Generated/src/NVIC002/NVIC002.o
                              0x908fb (size before relaxing)
 .debug_str     0x00099371       0x3d Dave/Generated/src/NVIC002/NVIC002_Conf.o
                              0x90170 (size before relaxing)
 .debug_str     0x000993ae       0x28 Dave/Generated/src/LIBS/CCU8PWMLIB.o
                              0x933e1 (size before relaxing)
 .debug_str     0x000993d6       0x26 Dave/Generated/src/LIBS/MOTORLIB.o
                              0x933df (size before relaxing)
 .debug_str     0x000993fc      0x164 Dave/Generated/src/IO004/IO004.o
                              0x93602 (size before relaxing)
 .debug_str     0x00099560       0x29 Dave/Generated/src/IO004/IO004_Conf.o
                              0x934c9 (size before relaxing)
 .debug_str     0x00099589       0x68 Dave/Generated/src/DAVESupport/DAVE3.o
                              0x934af (size before relaxing)
 .debug_str     0x000995f1       0xbb Dave/Generated/src/DAVESupport/MULTIPLEXER.o
                              0x9361e (size before relaxing)
 .debug_str     0x000996ac      0x1a6 Dave/Generated/src/CLK001/CLK001.o
                              0x90a51 (size before relaxing)
 .debug_str     0x00099852       0x80 Dave/Generated/src/CANGLOBAL/CANGLOBAL.o
                              0x935a0 (size before relaxing)
 .debug_str     0x000998d2      0x46e Dave/Generated/src/CAN001/CAN001.o
                              0x93e84 (size before relaxing)
 .debug_str     0x00099d40       0x2b Dave/Generated/src/CAN001/CAN001_Conf.o
                              0x9357c (size before relaxing)

.debug_loc      0x00000000     0x1655
 *(.debug_loc)
 .debug_loc     0x00000000      0x233 Main.o
 .debug_loc     0x00000233       0xa8 Startup/system_XMC4500.o
 .debug_loc     0x000002db      0x388 Lib/System_LibcStubs.o
 .debug_loc     0x00000663      0x2e6 Dave/Generated/src/UART001/UART001.o
 .debug_loc     0x00000949      0x330 Dave/Generated/src/SYSTM001/SYSTM001.o
 .debug_loc     0x00000c79      0x118 Dave/Generated/src/RESET001/RESET001.o
 .debug_loc     0x00000d91      0x17c Dave/Generated/src/NVIC002/NVIC002.o
 .debug_loc     0x00000f0d       0x9c Dave/Generated/src/IO004/IO004.o
 .debug_loc     0x00000fa9       0x90 Dave/Generated/src/DAVESupport/DAVE3.o
 .debug_loc     0x00001039       0x64 Dave/Generated/src/DAVESupport/MULTIPLEXER.o
 .debug_loc     0x0000109d      0x1e0 Dave/Generated/src/CLK001/CLK001.o
 .debug_loc     0x0000127d       0x2c Dave/Generated/src/CANGLOBAL/CANGLOBAL.o
 .debug_loc     0x000012a9      0x3ac Dave/Generated/src/CAN001/CAN001.o

.debug_macinfo
 *(.debug_macinfo)

.debug_ranges   0x00000000      0x3e0
 *(.debug_ranges)
 .debug_ranges  0x00000000       0x58 Main.o
 .debug_ranges  0x00000058       0x30 Startup/startup_XMC4500.o
 .debug_ranges  0x00000088       0x20 Startup/system_XMC4500.o
 .debug_ranges  0x000000a8       0x90 Lib/System_LibcStubs.o
 .debug_ranges  0x00000138       0x70 Dave/Generated/src/UART001/UART001.o
 .debug_ranges  0x000001a8       0x80 Dave/Generated/src/SYSTM001/SYSTM001.o
 .debug_ranges  0x00000228       0x30 Dave/Generated/src/RESET001/RESET001.o
 .debug_ranges  0x00000258       0x40 Dave/Generated/src/NVIC002/NVIC002.o
 .debug_ranges  0x00000298       0x20 Dave/Generated/src/IO004/IO004.o
 .debug_ranges  0x000002b8       0x20 Dave/Generated/src/DAVESupport/DAVE3.o
 .debug_ranges  0x000002d8       0x18 Dave/Generated/src/DAVESupport/MULTIPLEXER.o
 .debug_ranges  0x000002f0       0x50 Dave/Generated/src/CLK001/CLK001.o
 .debug_ranges  0x00000340       0x10 Dave/Generated/src/CANGLOBAL/CANGLOBAL.o
 .debug_ranges  0x00000350       0x90 Dave/Generated/src/CAN001/CAN001.o

.debug_weaknames
 *(.debug_weaknames)

.debug_funcnames
 *(.debug_funcnames)

.debug_typenames
 *(.debug_typenames)

.debug_varnames
 *(.debug_varnames)

.build_attributes
                0x00000000      0x9cd
 *(.ARM.attributes)
 .ARM.attributes
                0x00000000       0x39 Main.o
 .ARM.attributes
                0x00000039       0x39 Timer.o
 .ARM.attributes