Archive member included because of file (symbol)

c:/dave-3.1.10/arm-gcc/bin/../lib/gcc/arm-none-eabi/4.7.4/armv7e-m\libgcc.a(_arm_addsubdf3.o)
                              Main.o (__aeabi_dadd)
c:/dave-3.1.10/arm-gcc/bin/../lib/gcc/arm-none-eabi/4.7.4/armv7e-m\libgcc.a(_arm_cmpdf2.o)
                              Main.o (__aeabi_dcmplt)
c:/dave-3.1.10/arm-gcc/bin/../lib/gcc/arm-none-eabi/4.7.4/../../../../arm-none-eabi/lib/armv7e-m\libg.a(lib_a-init.o)
                              Startup/startup_XMC4500.o (__libc_init_array)
c:/dave-3.1.10/arm-gcc/bin/../lib/gcc/arm-none-eabi/4.7.4/../../../../arm-none-eabi/lib/armv7e-m\libg.a(lib_a-memcpy.o)
                              Main.o (memcpy)
c:/dave-3.1.10/arm-gcc/bin/../lib/gcc/arm-none-eabi/4.7.4/../../../../arm-none-eabi/lib/armv7e-m\libg.a(lib_a-sprintf.o)
                              Main.o (sprintf)
c:/dave-3.1.10/arm-gcc/bin/../lib/gcc/arm-none-eabi/4.7.4/../../../../arm-none-eabi/lib/armv7e-m\libg.a(lib_a-strlen.o)
                              Main.o (strlen)
c:/dave-3.1.10/arm-gcc/bin/../lib/gcc/arm-none-eabi/4.7.4/../../../../arm-none-eabi/lib/armv7e-m\libg.a(lib_a-svfprintf.o)
                              c:/dave-3.1.10/arm-gcc/bin/../lib/gcc/arm-none-eabi/4.7.4/../../../../arm-none-eabi/lib/armv7e-m\libg.a(lib_a-sprintf.o) (_svfprintf_r)
c:/dave-3.1.10/arm-gcc/bin/../lib/gcc/arm-none-eabi/4.7.4/../../../../arm-none-eabi/lib/armv7e-m\libg.a(lib_a-dtoa.o)
                              c:/dave-3.1.10/arm-gcc/bin/../lib/gcc/arm-none-eabi/4.7.4/../../../../arm-none-eabi/lib/armv7e-m\libg.a(lib_a-svfprintf.o) (_dtoa_r)
c:/dave-3.1.10/arm-gcc/bin/../lib/gcc/arm-none-eabi/4.7.4/../../../../arm-none-eabi/lib/armv7e-m\libg.a(lib_a-impure.o)
                              c:/dave-3.1.10/arm-gcc/bin/../lib/gcc/arm-none-eabi/4.7.4/../../../../arm-none-eabi/lib/armv7e-m\libg.a(lib_a-sprintf.o) (_impure_ptr)
c:/dave-3.1.10/arm-gcc/bin/../lib/gcc/arm-none-eabi/4.7.4/../../../../arm-none-eabi/lib/armv7e-m\libg.a(lib_a-locale.o)
                              c:/dave-3.1.10/arm-gcc/bin/../lib/gcc/arm-none-eabi/4.7.4/../../../../arm-none-eabi/lib/armv7e-m\libg.a(lib_a-svfprintf.o) (_localeconv_r)
c:/dave-3.1.10/arm-gcc/bin/../lib/gcc/arm-none-eabi/4.7.4/../../../../arm-none-eabi/lib/armv7e-m\libg.a(lib_a-mallocr.o)
                              c:/dave-3.1.10/arm-gcc/bin/../lib/gcc/arm-none-eabi/4.7.4/../../../../arm-none-eabi/lib/armv7e-m\libg.a(lib_a-svfprintf.o) (_malloc_r)
c:/dave-3.1.10/arm-gcc/bin/../lib/gcc/arm-none-eabi/4.7.4/../../../../arm-none-eabi/lib/armv7e-m\libg.a(lib_a-memchr.o)
                              c:/dave-3.1.10/arm-gcc/bin/../lib/gcc/arm-none-eabi/4.7.4/../../../../arm-none-eabi/lib/armv7e-m\libg.a(lib_a-svfprintf.o) (memchr)
c:/dave-3.1.10/arm-gcc/bin/../lib/gcc/arm-none-eabi/4.7.4/../../../../arm-none-eabi/lib/armv7e-m\libg.a(lib_a-mlock.o)
                              c:/dave-3.1.10/arm-gcc/bin/../lib/gcc/arm-none-eabi/4.7.4/../../../../arm-none-eabi/lib/armv7e-m\libg.a(lib_a-mallocr.o) (__malloc_lock)
c:/dave-3.1.10/arm-gcc/bin/../lib/gcc/arm-none-eabi/4.7.4/../../../../arm-none-eabi/lib/armv7e-m\libg.a(lib_a-mprec.o)
                              c:/dave-3.1.10/arm-gcc/bin/../lib/gcc/arm-none-eabi/4.7.4/../../../../arm-none-eabi/lib/armv7e-m\libg.a(lib_a-dtoa.o) (_Balloc)
c:/dave-3.1.10/arm-gcc/bin/../lib/gcc/arm-none-eabi/4.7.4/../../../../arm-none-eabi/lib/armv7e-m\libg.a(lib_a-s_fpclassify.o)
                              c:/dave-3.1.10/arm-gcc/bin/../lib/gcc/arm-none-eabi/4.7.4/../../../../arm-none-eabi/lib/armv7e-m\libg.a(lib_a-svfprintf.o) (__fpclassifyd)
c:/dave-3.1.10/arm-gcc/bin/../lib/gcc/arm-none-eabi/4.7.4/../../../../arm-none-eabi/lib/armv7e-m\libg.a(lib_a-sbrkr.o)
                              c:/dave-3.1.10/arm-gcc/bin/../lib/gcc/arm-none-eabi/4.7.4/../../../../arm-none-eabi/lib/armv7e-m\libg.a(lib_a-mallocr.o) (_sbrk_r)
c:/dave-3.1.10/arm-gcc/bin/../lib/gcc/arm-none-eabi/4.7.4/../../../../arm-none-eabi/lib/armv7e-m\libg.a(lib_a-strcmp.o)
                              c:/dave-3.1.10/arm-gcc/bin/../lib/gcc/arm-none-eabi/4.7.4/../../../../arm-none-eabi/lib/armv7e-m\libg.a(lib_a-locale.o) (strcmp)
c:/dave-3.1.10/arm-gcc/bin/../lib/gcc/arm-none-eabi/4.7.4/../../../../arm-none-eabi/lib/armv7e-m\libg.a(lib_a-svfiprintf.o)
                              c:/dave-3.1.10/arm-gcc/bin/../lib/gcc/arm-none-eabi/4.7.4/../../../../arm-none-eabi/lib/armv7e-m\libg.a(lib_a-svfprintf.o) (__ssprint_r)
c:/dave-3.1.10/arm-gcc/bin/../lib/gcc/arm-none-eabi/4.7.4/../../../../arm-none-eabi/lib/armv7e-m\libg.a(lib_a-callocr.o)
                              c:/dave-3.1.10/arm-gcc/bin/../lib/gcc/arm-none-eabi/4.7.4/../../../../arm-none-eabi/lib/armv7e-m\libg.a(lib_a-mprec.o) (_calloc_r)
c:/dave-3.1.10/arm-gcc/bin/../lib/gcc/arm-none-eabi/4.7.4/../../../../arm-none-eabi/lib/armv7e-m\libg.a(lib_a-freer.o)
[...]
Memory Configuration

Name             Origin             Length             Attributes
FLASH_1_cached   0x08000000         0x00100000         xr
FLASH_1_uncached 0x0c000000         0x00100000         xr
PSRAM_1          0x10000000         0x00010000         !xr
DSRAM_1_system   0x20000000         0x00010000         !xr
DSRAM_2_comm     0x30000000         0x00008000         !xr
*default*        0x00000000         0xffffffff

Linker script and memory map

LOAD Main.o
LOAD Timer.o
LOAD Startup/startup_XMC4500.o
LOAD Startup/system_XMC4500.o
LOAD Lib/System_LibcStubs.o
LOAD Dave/Generated/src/UART001/UART001.o
LOAD Dave/Generated/src/UART001/UART001_Conf.o
LOAD Dave/Generated/src/SYSTM001/SYSTM001.o
LOAD Dave/Generated/src/RESET001/RESET001.o
LOAD Dave/Generated/src/NVIC002/NVIC002.o
LOAD Dave/Generated/src/NVIC002/NVIC002_Conf.o
LOAD Dave/Generated/src/LIBS/CCU8PWMLIB.o
LOAD Dave/Generated/src/LIBS/MOTORLIB.o
LOAD Dave/Generated/src/IO004/IO004.o
LOAD Dave/Generated/src/IO004/IO004_Conf.o
LOAD Dave/Generated/src/DAVESupport/DAVE3.o
LOAD Dave/Generated/src/DAVESupport/MULTIPLEXER.o
LOAD Dave/Generated/src/CLK001/CLK001.o
LOAD Dave/Generated/src/CANGLOBAL/CANGLOBAL.o
LOAD Dave/Generated/src/CAN001/CAN001.o
LOAD Dave/Generated/src/CAN001/CAN001_Conf.o
START GROUP
LOAD c:/dave-3.1.10/arm-gcc/bin/../lib/gcc/arm-none-eabi/4.7.4/armv7e-m\libgcc.a
LOAD c:/dave-3.1.10/arm-gcc/bin/../lib/gcc/arm-none-eabi/4.7.4/../../../../arm-none-eabi/lib/armv7e-m\libg.a
LOAD c:/dave-3.1.10/arm-gcc/bin/../lib/gcc/arm-none-eabi/4.7.4/../../../../arm-none-eabi/lib/armv7e-m\libc.a
END GROUP
                0x00000800                stack_size = 0x800

.text           0x08000000     0xd160 load address 0x0c000000
                0x08000000                sText = .
 *(.Xmc4500.reset)
 .Xmc4500.reset
                0x08000000      0x21c Startup/startup_XMC4500.o
                0x08000000                __Xmc4500_interrupt_vector_cortex_m
                0x08000200                __Xmc4500_reset_cortex_m
 *(.Xmc4500.postreset)
 .Xmc4500.postreset
                0x0800021c       0x94 Startup/startup_XMC4500.o
 *(.XmcStartup)
 .XmcStartup    0x080002b0        0x4 Startup/startup_XMC4500.o
 *(.text .text.* .gnu.linkonce.t.*)
 .text          0x080002b4        0x0 Main.o
 *fill*         0x080002b4        0x4 00
 .text.main     0x080002b8      0x718 Main.o
                0x080002b8                main
 .text.CAN0_1_IRQHandler
                0x080009d0      0x360 Main.o
                0x080009d0                CAN0_1_IRQHandler
 .text.delay    0x08000d30       0x58 Main.o
                0x08000d30                delay
 .text.StoreData
                0x08000d88      0x65c Main.o
                0x08000d88                StoreData
 .text.PrintData
                0x080013e4      0x2c8 Main.o
                0x080013e4                PrintData
 .text.TimerInt
                0x080016ac       0xfc Main.o
                0x080016ac                TimerInt
 .text.Get_PID  0x080017a8      0x184 Main.o
                0x080017a8                Get_PID
 .text.TimerWaitISR
                0x0800192c       0x40 Main.o
                0x0800192c                TimerWaitISR
 .text.print_Uart
                0x0800196c       0x50 Main.o
                0x0800196c                print_Uart
 .text.is_pid_supported
                0x080019bc      0x11c Main.o
                0x080019bc                is_pid_supported
 .text.Send_Data
                0x08001ad8       0xd0 Main.o
                0x08001ad8                Send_Data
 .text          0x08001ba8        0x0 Timer.o
 .text          0x08001ba8      0x82c Startup/startup_XMC4500.o
                0x08001ba8                NMI_Handler
                0x08001baa                NMI_Handler_Veneer
                0x08001bb8                HardFault_Handler
                0x08001bba                HardFault_Handler_Veneer
                0x08001bc8                MemManage_Handler
                0x08001bca                MemManage_Handler_Veneer
                0x08001bd8                BusFault_Handler
                0x08001bda                BusFault_Handler_Veneer
                0x08001be8                UsageFault_Handler
                0x08001bea                UsageFault_Handler_Veneer
                0x08001bf8                SVC_Handler
                0x08001bfa                SVC_Handler_Veneer
                0x08001c08                DebugMon_Handler
                0x08001c0a                DebugMon_Handler_Veneer
                0x08001c18                PendSV_Handler
                0x08001c1a                PendSV_Handler_Veneer
                0x08001c2a                SysTick_Handler_Veneer
                0x08001c38                SCU_0_IRQHandler
                0x08001c3a                SCU_0_IRQHandler_Veneer
                0x08001c48                ERU0_0_IRQHandler
                0x08001c4a                ERU0_0_IRQHandler_Veneer
                0x08001c58                ERU0_1_IRQHandler
                0x08001c5a                ERU0_1_IRQHandler_Veneer
                0x08001c68                ERU0_2_IRQHandler
                0x08001c6a                ERU0_2_IRQHandler_Veneer
                0x08001c78                ERU0_3_IRQHandler
                0x08001c7a                ERU0_3_IRQHandler_Veneer
                0x08001c88                ERU1_0_IRQHandler
                0x08001c8a                ERU1_0_IRQHandler_Veneer
                0x08001c98                ERU1_1_IRQHandler
                0x08001c9a                ERU1_1_IRQHandler_Veneer
                0x08001ca8                ERU1_2_IRQHandler
                0x08001caa                ERU1_2_IRQHandler_Veneer
                0x08001cb8                ERU1_3_IRQHandler
                0x08001cba                ERU1_3_IRQHandler_Veneer
                0x08001cc8                PMU0_0_IRQHandler
                0x08001cca                PMU0_0_IRQHandler_Veneer
                0x08001cd8                VADC0_C0_0_IRQHandler
                0x08001cda                VADC0_C0_0_IRQHandler_Veneer
                0x08001ce8                VADC0_C0_1_IRQHandler
                0x08001cea                VADC0_C0_1_IRQHandler_Veneer
                0x08001cf8                VADC0_C0_2_IRQHandler
                0x08001cfa                VADC0_C0_2_IRQHandler_Veneer
                0x08001d08                VADC0_C0_3_IRQHandler
                0x08001d0a                VADC0_C0_3_IRQHandler_Veneer
                0x08001d18                VADC0_G0_0_IRQHandler
                0x08001d1a                VADC0_G0_0_IRQHandler_Veneer
                0x08001d28                VADC0_G0_1_IRQHandler
                0x08001d2a                VADC0_G0_1_IRQHandler_Veneer
                0x08001d38                VADC0_G0_2_IRQHandler
                0x08001d3a                VADC0_G0_2_IRQHandler_Veneer
                0x08001d48                VADC0_G0_3_IRQHandler
                0x08001d4a                VADC0_G0_3_IRQHandler_Veneer
                0x08001d58                VADC0_G1_0_IRQHandler
                0x08001d5a                VADC0_G1_0_IRQHandler_Veneer
                0x08001d68                VADC0_G1_1_IRQHandler
                0x08001d6a                VADC0_G1_1_IRQHandler_Veneer
                0x08001d78                VADC0_G1_2_IRQHandler
                0x08001d7a                VADC0_G1_2_IRQHandler_Veneer
                0x08001d88                VADC0_G1_3_IRQHandler
                0x08001d8a                VADC0_G1_3_IRQHandler_Veneer
                0x08001d98                VADC0_G2_0_IRQHandler
                0x08001d9a                VADC0_G2_0_IRQHandler_Veneer
                0x08001da8                VADC0_G2_1_IRQHandler
                0x08001daa                VADC0_G2_1_IRQHandler_Veneer
                0x08001db8                VADC0_G2_2_IRQHandler
                0x08001dba                VADC0_G2_2_IRQHandler_Veneer
                0x08001dc8                VADC0_G2_3_IRQHandler
                0x08001dca                VADC0_G2_3_IRQHandler_Veneer
                0x08001dd8                VADC0_G3_0_IRQHandler
                0x08001dda                VADC0_G3_0_IRQHandler_Veneer
                0x08001de8                VADC0_G3_1_IRQHandler
                0x08001dea                VADC0_G3_1_IRQHandler_Veneer
                0x08001df8                VADC0_G3_2_IRQHandler
                0x08001dfa                VADC0_G3_2_IRQHandler_Veneer
                0x08001e08                VADC0_G3_3_IRQHandler
                0x08001e0a                VADC0_G3_3_IRQHandler_Veneer
                0x08001e18                DSD0_0_IRQHandler
                0x08001e1a                DSD0_0_IRQHandler_Veneer
                0x08001e28                DSD0_1_IRQHandler
                0x08001e2a                DSD0_1_IRQHandler_Veneer
                0x08001e38                DSD0_2_IRQHandler
                0x08001e3a                DSD0_2_IRQHandler_Veneer
                0x08001e48                DSD0_3_IRQHandler
                0x08001e4a                DSD0_3_IRQHandler_Veneer
                0x08001e58                DSD0_4_IRQHandler
                0x08001e5a                DSD0_4_IRQHandler_Veneer
                0x08001e68                DSD0_5_IRQHandler
                0x08001e6a                DSD0_5_IRQHandler_Veneer
                0x08001e78                DSD0_6_IRQHandler
                0x08001e7a                DSD0_6_IRQHandler_Veneer
                0x08001e88                DSD0_7_IRQHandler
                0x08001e8a                DSD0_7_IRQHandler_Veneer
                0x08001e98                DAC0_0_IRQHandler
                0x08001e9a                DAC0_0_IRQHandler_Veneer
                0x08001ea8                DAC0_1_IRQHandler
                0x08001eaa                DAC0_1_IRQHandler_Veneer
                0x08001eb8                CCU40_0_IRQHandler
                0x08001eba                CCU40_0_IRQHandler_Veneer
                0x08001ec8                CCU40_1_IRQHandler
                0x08001eca                CCU40_1_IRQHandler_Veneer
                0x08001ed8                CCU40_2_IRQHandler
                0x08001eda                CCU40_2_IRQHandler_Veneer
                0x08001ee8                CCU40_3_IRQHandler
                0x08001eea                CCU40_3_IRQHandler_Veneer
                0x08001ef8                CCU41_0_IRQHandler
                0x08001efa                CCU41_0_IRQHandler_Veneer
                0x08001f06                CCU41_1_IRQHandler
                0x08001f08                CCU41_1_IRQHandler_Veneer
                0x08001f14                CCU41_2_IRQHandler
                0x08001f16                CCU41_2_IRQHandler_Veneer
                0x08001f22                CCU41_3_IRQHandler
                0x08001f24                CCU41_3_IRQHandler_Veneer
                0x08001f30                CCU42_0_IRQHandler
                0x08001f32                CCU42_0_IRQHandler_Veneer
                0x08001f3e                CCU42_1_IRQHandler
                0x08001f40                CCU42_1_IRQHandler_Veneer
                0x08001f4c                CCU42_2_IRQHandler
                0x08001f4e                CCU42_2_IRQHandler_Veneer
                0x08001f5a                CCU42_3_IRQHandler
                0x08001f5c                CCU42_3_IRQHandler_Veneer
                0x08001f68                CCU43_0_IRQHandler
                0x08001f6a                CCU43_0_IRQHandler_Veneer
                0x08001f76                CCU43_1_IRQHandler
                0x08001f78                CCU43_1_IRQHandler_Veneer
                0x08001f84                CCU43_2_IRQHandler
                0x08001f86                CCU43_2_IRQHandler_Veneer
                0x08001f92                CCU43_3_IRQHandler
                0x08001f94                CCU43_3_IRQHandler_Veneer
                0x08001fa0                CCU80_0_IRQHandler
                0x08001fa2                CCU80_0_IRQHandler_Veneer
                0x08001fae                CCU80_1_IRQHandler
                0x08001fb0                CCU80_1_IRQHandler_Veneer
                0x08001fbc                CCU80_2_IRQHandler
                0x08001fbe                CCU80_2_IRQHandler_Veneer
                0x08001fca                CCU80_3_IRQHandler
                0x08001fcc                CCU80_3_IRQHandler_Veneer
                0x08001fd8                CCU81_0_IRQHandler
                0x08001fda                CCU81_0_IRQHandler_Veneer
                0x08001fe6                CCU81_1_IRQHandler
                0x08001fe8                CCU81_1_IRQHandler_Veneer
                0x08001ff4                CCU81_2_IRQHandler
                0x08001ff6                CCU81_2_IRQHandler_Veneer
                0x08002002                CCU81_3_IRQHandler
                0x08002004                CCU81_3_IRQHandler_Veneer
                0x08002010                POSIF0_0_IRQHandler
                0x08002012                POSIF0_0_IRQHandler_Veneer
                0x0800201e                POSIF0_1_IRQHandler
                0x08002020                POSIF0_1_IRQHandler_Veneer
                0x0800202c                POSIF1_0_IRQHandler
                0x0800202e                POSIF1_0_IRQHandler_Veneer
                0x0800203a                POSIF1_1_IRQHandler
                0x0800203c                POSIF1_1_IRQHandler_Veneer
                0x08002048                CAN0_0_IRQHandler
                0x0800204a                CAN0_0_IRQHandler_Veneer
                0x08002058                CAN0_1_IRQHandler_Veneer
                0x08002064                CAN0_2_IRQHandler
                0x08002066                CAN0_2_IRQHandler_Veneer
                0x08002072                CAN0_3_IRQHandler
                0x08002074                CAN0_3_IRQHandler_Veneer
                0x08002080                CAN0_4_IRQHandler
                0x08002082                CAN0_4_IRQHandler_Veneer
                0x0800208e                CAN0_5_IRQHandler
                0x08002090                CAN0_5_IRQHandler_Veneer
                0x0800209c                CAN0_6_IRQHandler
                0x0800209e                CAN0_6_IRQHandler_Veneer
                0x080020aa                CAN0_7_IRQHandler
                0x080020ac                CAN0_7_IRQHandler_Veneer
                0x080020b8                USIC0_0_IRQHandler
                0x080020ba                USIC0_0_IRQHandler_Veneer
                0x080020c6                USIC0_1_IRQHandler
                0x080020c8                USIC0_1_IRQHandler_Veneer
                0x080020d4                USIC0_2_IRQHandler
                0x080020d6                USIC0_2_IRQHandler_Veneer
                0x080020e2                USIC0_3_IRQHandler
                0x080020e4                USIC0_3_IRQHandler_Veneer
                0x080020f0                USIC0_4_IRQHandler
                0x080020f2                USIC0_4_IRQHandler_Veneer
                0x080020fe                USIC0_5_IRQHandler
                0x08002100                USIC0_5_IRQHandler_Veneer
                0x0800210c                USIC1_0_IRQHandler
                0x0800210e                USIC1_0_IRQHandler_Veneer
                0x0800211a                USIC1_1_IRQHandler
                0x0800211c                USIC1_1_IRQHandler_Veneer
                0x08002128                USIC1_2_IRQHandler
                0x0800212a                USIC1_2_IRQHandler_Veneer
                0x08002136                USIC1_3_IRQHandler
                0x08002138                USIC1_3_IRQHandler_Veneer
                0x08002144                USIC1_4_IRQHandler
                0x08002146                USIC1_4_IRQHandler_Veneer
                0x08002152                USIC1_5_IRQHandler
                0x08002154                USIC1_5_IRQHandler_Veneer
                0x08002160                USIC2_0_IRQHandler
                0x08002162                USIC2_0_IRQHandler_Veneer
                0x0800216e                USIC2_1_IRQHandler
                0x08002170                USIC2_1_IRQHandler_Veneer
                0x0800217c                USIC2_2_IRQHandler
                0x0800217e                USIC2_2_IRQHandler_Veneer
                0x0800218a                USIC2_3_IRQHandler
                0x0800218c                USIC2_3_IRQHandler_Veneer
                0x08002198                USIC2_4_IRQHandler
                0x0800219a                USIC2_4_IRQHandler_Veneer
                0x080021a6                USIC2_5_IRQHandler
                0x080021a8                USIC2_5_IRQHandler_Veneer
                0x080021b4                LEDTS0_0_IRQHandler
                0x080021b6                LEDTS0_0_IRQHandler_Veneer
                0x080021c2                FCE0_0_IRQHandler
                0x080021c4                FCE0_0_IRQHandler_Veneer
                0x080021d0                GPDMA0_0_IRQHandler
                0x080021d2                GPDMA0_0_IRQHandler_Veneer
                0x080021de                SDMMC0_0_IRQHandler
                0x080021e0                SDMMC0_0_IRQHandler_Veneer
                0x080021ec                USB0_0_IRQHandler
                0x080021ee                USB0_0_IRQHandler_Veneer
                0x080021fa                ETH0_0_IRQHandler
                0x080021fc                ETH0_0_IRQHandler_Veneer
                0x08002208                GPDMA1_0_IRQHandler
                0x0800220a                GPDMA1_0_IRQHandler_Veneer
 .text          0x080023d4        0x0 Startup/system_XMC4500.o
 .text.SystemInit
                0x080023d4       0x9c Startup/system_XMC4500.o
                0x080023d4                SystemInit
 .text.SystemCoreClockUpdate
                0x08002470      0x148 Startup/system_XMC4500.o
                0x08002470                SystemCoreClockUpdate
 .text.SystemClockSetup
                0x080025b8      0x4cc Startup/system_XMC4500.o
 .text          0x08002a84        0x0 Lib/System_LibcStubs.o
 .text._open    0x08002a84       0x1c Lib/System_LibcStubs.o
                0x08002a84                _open
 .text._lseek   0x08002aa0       0x1c Lib/System_LibcStubs.o
                0x08002aa0                _lseek
 .text._read    0x08002abc       0x1c Lib/System_LibcStubs.o
                0x08002abc                _read
 .text._write   0x08002ad8       0x1c Lib/System_LibcStubs.o
                0x08002ad8                _write
 .text._close   0x08002af4       0x10 Lib/System_LibcStubs.o
                0x08002af4                _close
 .text._fstat   0x08002b04       0x28 Lib/System_LibcStubs.o
                0x08002b04                _fstat
 .text._link    0x08002b2c       0x28 Lib/System_LibcStubs.o
                0x08002b2c                _link
 .text._unlink  0x08002b54       0x18 Lib/System_LibcStubs.o
                0x08002b54                _unlink
 .text._sbrk    0x08002b6c       0xa0 Lib/System_LibcStubs.o
                0x08002b6c                _sbrk
 .text._times   0x08002c0c       0x18 Lib/System_LibcStubs.o
                0x08002c0c                _times
 .text._wait    0x08002c24       0x18 Lib/System_LibcStubs.o
                0x08002c24                _wait
 .text._kill    0x08002c3c       0x1c Lib/System_LibcStubs.o
                0x08002c3c                _kill
 .text._fork    0x08002c58       0x10 Lib/System_LibcStubs.o
                0x08002c58                _fork
 .text._getpid  0x08002c68       0x10 Lib/System_LibcStubs.o
                0x08002c68                _getpid
 .text._exit    0x08002c78        0xc Lib/System_LibcStubs.o
                0x08002c78                _exit
 .text._init    0x08002c84        0xc Lib/System_LibcStubs.o
                0x08002c84                _init
 .text._isatty  0x08002c90       0x18 Lib/System_LibcStubs.o
                0x08002c90                _isatty
 .text          0x08002ca8        0x0 Dave/Generated/src/UART001/UART001.o
 .text.UART001_lInit
                0x08002ca8      0x1a8 Dave/Generated/src/UART001/UART001.o
                0x08002ca8                UART001_lInit
 .text.UART001_lConfigTXPin
                0x08002e50       0xfc Dave/Generated/src/UART001/UART001.o
                0x08002e50                UART001_lConfigTXPin
 .text.UART001_labsRealType
                0x08002f4c       0x38 Dave/Generated/src/UART001/UART001.o
                0x08002f4c                UART001_labsRealType
 .text.UART001_lConfigureBaudRate
                0x08002f84      0x4e8 Dave/Generated/src/UART001/UART001.o
                0x08002f84                UART001_lConfigureBaudRate
 .text.UART001_Init
                0x0800346c       0x68 Dave/Generated/src/UART001/UART001.o
                0x0800346c                UART001_Init
 .text.UART001_DeInit
                0x080034d4       0x14 Dave/Generated/src/UART001/UART001.o
                0x080034d4                UART001_DeInit
 .text.UART001_Configure
                0x080034e8      0x114 Dave/Generated/src/UART001/UART001.o
                0x080034e8                UART001_Configure
 .text.UART001_ReadDataMultiple
                0x080035fc       0x80 Dave/Generated/src/UART001/UART001.o
                0x080035fc                UART001_ReadDataMultiple
 .text.UART001_ReadDataBytes
                0x0800367c       0x80 Dave/Generated/src/UART001/UART001.o
                0x0800367c                UART001_ReadDataBytes
 .text.UART001_WriteDataMultiple
                0x080036fc       0x90 Dave/Generated/src/UART001/UART001.o
                0x080036fc                UART001_WriteDataMultiple
 .text.UART001_WriteDataBytes
                0x0800378c       0x90 Dave/Generated/src/UART001/UART001.o
                0x0800378c                UART001_WriteDataBytes
 .text.UART001_GetFlagStatus
                0x0800381c       0x98 Dave/Generated/src/UART001/UART001.o
                0x0800381c                UART001_GetFlagStatus
 .text.UART001_ClearFlag
                0x080038b4       0x78 Dave/Generated/src/UART001/UART001.o
                0x080038b4                UART001_ClearFlag
 .text          0x0800392c        0x0 Dave/Generated/src/UART001/UART001_Conf.o
 .text          0x0800392c        0x0 Dave/Generated/src/SYSTM001/SYSTM001.o
 .text.NVIC_GetPriorityGrouping
                0x0800392c       0x20 Dave/Generated/src/SYSTM001/SYSTM001.o
 .text.NVIC_SetPriority
                0x0800394c       0x5c Dave/Generated/src/SYSTM001/SYSTM001.o
 .text.NVIC_EncodePriority
                0x080039a8       0x78 Dave/Generated/src/SYSTM001/SYSTM001.o
 .text.SysTick_Config
                0x08003a20       0x64 Dave/Generated/src/SYSTM001/SYSTM001.o
 .text.SYSTM001_lInsertTimerList
                0x08003a84      0x214 Dave/Generated/src/SYSTM001/SYSTM001.o
 .text.SYSTM001_lRemoveTimerList
                0x08003c98       0xd8 Dave/Generated/src/SYSTM001/SYSTM001.o
 .text.SYSTM001_lTimerHandler
                0x08003d70       0x94 Dave/Generated/src/SYSTM001/SYSTM001.o
 .text.SysTick_Handler
                0x08003e04       0x5c Dave/Generated/src/SYSTM001/SYSTM001.o
                0x08003e04                SysTick_Handler
 .text.SYSTM001_Init
                0x08003e60       0x64 Dave/Generated/src/SYSTM001/SYSTM001.o
                0x08003e60                SYSTM001_Init
 .text.SYSTM001_CreateTimer
                0x08003ec4      0x1a0 Dave/Generated/src/SYSTM001/SYSTM001.o
                0x08003ec4                SYSTM001_CreateTimer
 .text.SYSTM001_StartTimer
                0x08004064       0xb4 Dave/Generated/src/SYSTM001/SYSTM001.o
                0x08004064                SYSTM001_StartTimer
 .text.SYSTM001_StopTimer
                0x08004118       0x90 Dave/Generated/src/SYSTM001/SYSTM001.o
                0x08004118                SYSTM001_StopTimer
 .text.SYSTM001_DeleteTimer
                0x080041a8       0x9c Dave/Generated/src/SYSTM001/SYSTM001.o
                0x080041a8                SYSTM001_DeleteTimer
 .text.SYSTM001_GetTime
                0x08004244       0x18 Dave/Generated/src/SYSTM001/SYSTM001.o
                0x08004244                SYSTM001_GetTime
 .text.SYSTM001_GetSysTickCount
                0x0800425c       0x28 Dave/Generated/src/SYSTM001/SYSTM001.o
                0x0800425c                SYSTM001_GetSysTickCount
 .text          0x08004284        0x0 Dave/Generated/src/RESET001/RESET001.o
 .text.RESET001_AssertReset
                0x08004284       0x54 Dave/Generated/src/RESET001/RESET001.o
                0x08004284                RESET001_AssertReset
 .text.RESET001_DeassertReset
                0x080042d8       0x54 Dave/Generated/src/RESET001/RESET001.o
                0x080042d8                RESET001_DeassertReset
 .text.RESET001_GetResetInfo
                0x0800432c       0x2c Dave/Generated/src/RESET001/RESET001.o
                0x0800432c                RESET001_GetResetInfo
 .text.RESET001_GetStatus
                0x08004358       0x7c Dave/Generated/src/RESET001/RESET001.o
                0x08004358                RESET001_GetStatus
 .text.RESET001_ClearResetInfo
                0x080043d4       0x28 Dave/Generated/src/RESET001/RESET001.o
                0x080043d4                RESET001_ClearResetInfo
 .text          0x080043fc        0x0 Dave/Generated/src/NVIC002/NVIC002.o
 .text.NVIC_GetPriorityGrouping
                0x080043fc       0x20 Dave/Generated/src/NVIC002/NVIC002.o
 .text.NVIC_EnableIRQ
                0x0800441c       0x38 Dave/Generated/src/NVIC002/NVIC002.o
 .text.NVIC_SetPriority
                0x08004454       0x5c Dave/Generated/src/NVIC002/NVIC002.o
 .text.NVIC_EncodePriority
                0x080044b0       0x78 Dave/Generated/src/NVIC002/NVIC002.o
 .text.NVIC002_EnableIRQ
                0x08004528       0x20 Dave/Generated/src/NVIC002/NVIC002.o
 .text.NVIC002_Init
                0x08004548       0x38 Dave/Generated/src/NVIC002/NVIC002.o
                0x08004548                NVIC002_Init
 .text.NVIC002_lInit
                0x08004580       0x4c Dave/Generated/src/NVIC002/NVIC002.o
 .text          0x080045cc        0x0 Dave/Generated/src/NVIC002/NVIC002_Conf.o
 .text          0x080045cc        0x0 Dave/Generated/src/LIBS/CCU8PWMLIB.o
 .text          0x080045cc        0x0 Dave/Generated/src/LIBS/MOTORLIB.o
 .text          0x080045cc        0x0 Dave/Generated/src/IO004/IO004.o
 .text.IO004_Init
                0x080045cc      0x18c Dave/Generated/src/IO004/IO004.o
                0x080045cc                IO004_Init
 .text.IO004_DisableOutputDriver
                0x08004758      0x17c Dave/Generated/src/IO004/IO004.o
                0x08004758                IO004_DisableOutputDriver
 .text.IO004_EnableOutputDriver
                0x080048d4      0x17c Dave/Generated/src/IO004/IO004.o
                0x080048d4                IO004_EnableOutputDriver
 .text          0x08004a50        0x0 Dave/Generated/src/IO004/IO004_Conf.o
 .text          0x08004a50        0x0 Dave/Generated/src/DAVESupport/DAVE3.o
 .text.NVIC_SetPriorityGrouping
                0x08004a50       0x50 Dave/Generated/src/DAVESupport/DAVE3.o
 .text.DAVE_Init
                0x08004aa0       0x30 Dave/Generated/src/DAVESupport/DAVE3.o
                0x08004aa0                DAVE_Init
 .text.SystemInit_DAVE3
                0x08004ad0        0xc Dave/Generated/src/DAVESupport/DAVE3.o
                0x08004ad0                SystemInit_DAVE3
 .text          0x08004adc        0x0 Dave/Generated/src/DAVESupport/MULTIPLEXER.o
 .text.DAVE_MUX_Init
                0x08004adc      0x1c8 Dave/Generated/src/DAVESupport/MULTIPLEXER.o
                0x08004adc                DAVE_MUX_Init
 .text.DAVE_MUX_PreInit
                0x08004ca4        0xc Dave/Generated/src/DAVESupport/MULTIPLEXER.o
                0x08004ca4                DAVE_MUX_PreInit
 .text          0x08004cb0        0x0 Dave/Generated/src/CLK001/CLK001.o
 .text.CLK001_Delay
                0x08004cb0       0x34 Dave/Generated/src/CLK001/CLK001.o
 .text.CLK001_SysClk_Valid
                0x08004ce4       0x38 Dave/Generated/src/CLK001/CLK001.o
 .text.CLK001_BackupClkTrim
                0x08004d1c       0x94 Dave/Generated/src/CLK001/CLK001.o
 .text.CLK001_SetMainPLLClkSrc
                0x08004db0       0xf0 Dave/Generated/src/CLK001/CLK001.o
 .text.CLK001_ConfigMainPLL
                0x08004ea0      0x15c Dave/Generated/src/CLK001/CLK001.o
 .text.CLK001_FreqStepupMainPLL
                0x08004ffc      0x164 Dave/Generated/src/CLK001/CLK001.o
 .text.CLK001_SysClk_Init
                0x08005160       0x50 Dave/Generated/src/CLK001/CLK001.o
 .text.CLK001_Init
                0x080051b0       0x30 Dave/Generated/src/CLK001/CLK001.o
                0x080051b0                CLK001_Init
 .text.AllowPLLInitByStartup
                0x080051e0       0x10 Dave/Generated/src/CLK001/CLK001.o
                0x080051e0                AllowPLLInitByStartup
 .text          0x080051f0        0x0 Dave/Generated/src/CANGLOBAL/CANGLOBAL.o
 .text.CANGLOBAL_Init
                0x080051f0       0x9c Dave/Generated/src/CANGLOBAL/CANGLOBAL.o
                0x080051f0                CANGLOBAL_Init
 .text          0x0800528c        0x0 Dave/Generated/src/CAN001/CAN001.o
 .text.CAN001_lAllocateMOtoNodeList
                0x0800528c       0x50 Dave/Generated/src/CAN001/CAN001.o
 .text.CAN001_lDeallocateMsgObj
                0x080052dc       0x5c Dave/Generated/src/CAN001/CAN001.o
 .text.CAN001_lConfigMORegs
                0x08005338      0x1bc Dave/Generated/src/CAN001/CAN001.o
 .text.CAN001_lNodeInit
                0x080054f4       0xf0 Dave/Generated/src/CAN001/CAN001.o
 .text.CAN001_Init
                0x080055e4       0x84 Dave/Generated/src/CAN001/CAN001.o
                0x080055e4                CAN001_Init
 .text.CAN001_NodeDeInit
                0x08005668      0x100 Dave/Generated/src/CAN001/CAN001.o
                0x08005668                CAN001_NodeDeInit
 .text.CAN001_ConfigMsgObj
                0x08005768       0xb0 Dave/Generated/src/CAN001/CAN001.o
                0x08005768                CAN001_ConfigMsgObj
 .text.CAN001_SendDataFrame
                0x08005818       0x98 Dave/Generated/src/CAN001/CAN001.o
                0x08005818                CAN001_SendDataFrame
 .text.CAN001_SendRemoteFrame
                0x080058b0       0x98 Dave/Generated/src/CAN001/CAN001.o
                0x080058b0                CAN001_SendRemoteFrame
 .text.CAN001_ReadMsgObj
                0x08005948      0x204 Dave/Generated/src/CAN001/CAN001.o
                0x08005948                CAN001_ReadMsgObj
 .text.CAN001_UpdateMODataRegisters
                0x08005b4c      0x160 Dave/Generated/src/CAN001/CAN001.o
                0x08005b4c                CAN001_UpdateMODataRegisters
 .text.CAN001_GetMOFlagStatus
                0x08005cac       0x60 Dave/Generated/src/CAN001/CAN001.o
                0x08005cac                CAN001_GetMOFlagStatus
 .text.CAN001_GetNodeFlagStatus
                0x08005d0c       0x40 Dave/Generated/src/CAN001/CAN001.o
                0x08005d0c                CAN001_GetNodeFlagStatus
 .text.CAN001_GetMOPndRegisterBitStatus
                0x08005d4c       0x58 Dave/Generated/src/CAN001/CAN001.o
                0x08005d4c                CAN001_GetMOPndRegisterBitStatus
 .text.CAN001_ClearMOFlagStatus
                0x08005da4       0x6c Dave/Generated/src/CAN001/CAN001.o
                0x08005da4                CAN001_ClearMOFlagStatus
 .text.CAN001_ClearNodeFlagStatus
                0x08005e10       0x30 Dave/Generated/src/CAN001/CAN001.o
                0x08005e10                CAN001_ClearNodeFlagStatus
 .text.CAN001_ClearMOPndRegisterBit
                0x08005e40       0x78 Dave/Generated/src/CAN001/CAN001.o
                0x08005e40                CAN001_ClearMOPndRegisterBit
 .text          0x08005eb8        0x0 Dave/Generated/src/CAN001/CAN001_Conf.o
 .text          0x08005eb8      0x370 c:/dave-3.1.10/arm-gcc/bin/../lib/gcc/arm-none-eabi/4.7.4/armv7e-m\libgcc.a(_arm_addsubdf3.o)
                0x08005eb8                __aeabi_drsub
                0x08005ec0                __aeabi_dsub
                0x08005ec0                __subdf3
                0x08005ec4                __aeabi_dadd
                0x08005ec4                __adddf3
                0x0800613c                __floatunsidf
                0x0800613c                __aeabi_ui2d
                0x0800615c                __floatsidf
                0x0800615c                __aeabi_i2d
                0x08006180                __aeabi_f2d
                0x08006180                __extendsfdf2
                0x080061bc                __floatundidf
                0x080061bc                __aeabi_ul2d
                0x080061cc                __floatdidf
                0x080061cc                __aeabi_l2d
 .text          0x08006228      0x110 c:/dave-3.1.10/arm-gcc/bin/../lib/gcc/arm-none-eabi/4.7.4/armv7e-m\libgcc.a(_arm_cmpdf2.o)
                0x08006228                __gtdf2
                0x08006228                __gedf2
                0x08006230                __ltdf2
                0x08006230                __ledf2
                0x08006238                __nedf2
                0x08006238                __eqdf2
                0x08006238                __cmpdf2
                0x080062b4                __aeabi_cdrcmple
                0x080062c4                __aeabi_cdcmpeq
                0x080062c4                __aeabi_cdcmple
                0x080062d4                __aeabi_dcmpeq
                0x080062e8                __aeabi_dcmplt
                0x080062fc                __aeabi_dcmple
                0x08006310                __aeabi_dcmpge
                0x08006324                __aeabi_dcmpgt
 .text          0x08006338        0x0 c:/dave-3.1.10/arm-gcc/bin/../lib/gcc/arm-none-eabi/4.7.4/../../../../arm-none-eabi/lib/armv7e-m\libg.a(lib_a-init.o)
 .text.__libc_init_array
                0x08006338       0x94 c:/dave-3.1.10/arm-gcc/bin/../lib/gcc/arm-none-eabi/4.7.4/../../../../arm-none-eabi/lib/armv7e-m\libg.a(lib_a-init.o)
                0x08006338                __libc_init_array
 .text          0x080063cc        0x0 c:/dave-3.1.10/arm-gcc/bin/../lib/gcc/arm-none-eabi/4.7.4/../../../../arm-none-eabi/lib/armv7e-m\libg.a(lib_a-memcpy.o)
 .text.memcpy   0x080063cc      0x144 c:/dave-3.1.10/arm-gcc/bin/../lib/gcc/arm-none-eabi/4.7.4/../../../../arm-none-eabi/lib/armv7e-m\libg.a(lib_a-memcpy.o)
                0x080063cc                memcpy
 .text          0x08006510        0x0 c:/dave-3.1.10/arm-gcc/bin/../lib/gcc/arm-none-eabi/4.7.4/../../../../arm-none-eabi/lib/armv7e-m\libg.a(lib_a-sprintf.o)
 .text._sprintf_r
                0x08006510       0x44 c:/dave-3.1.10/arm-gcc/bin/../lib/gcc/arm-none-eabi/4.7.4/../../../../arm-none-eabi/lib/armv7e-m\libg.a(lib_a-sprintf.o)
                0x08006510                _sprintf_r
 .text.sprintf  0x08006554       0x50 c:/dave-3.1.10/arm-gcc/bin/../lib/gcc/arm-none-eabi/4.7.4/../../../../arm-none-eabi/lib/armv7e-m\libg.a(lib_a-sprintf.o)
                0x08006554                sprintf
 .text          0x080065a4        0x0 c:/dave-3.1.10/arm-gcc/bin/../lib/gcc/arm-none-eabi/4.7.4/../../../../arm-none-eabi/lib/armv7e-m\libg.a(lib_a-strlen.o)
 .text.strlen   0x080065a4       0x60 c:/dave-3.1.10/arm-gcc/bin/../lib/gcc/arm-none-eabi/4.7.4/../../../../arm-none-eabi/lib/armv7e-m\libg.a(lib_a-strlen.o)
                0x080065a4                strlen
 .text          0x08006604        0x0 c:/dave-3.1.10/arm-gcc/bin/../lib/gcc/arm-none-eabi/4.7.4/../../../../arm-none-eabi/lib/armv7e-m\libg.a(lib_a-svfprintf.o)
 .text._svfprintf_r
                0x08006604     0x1adc c:/dave-3.1.10/arm-gcc/bin/../lib/gcc/arm-none-eabi/4.7.4/../../../../arm-none-eabi/lib/armv7e-m\libg.a(lib_a-svfprintf.o)
                0x08006604                _svfprintf_r
 .text          0x080080e0        0x0 c:/dave-3.1.10/arm-gcc/bin/../lib/gcc/arm-none-eabi/4.7.4/../../../../arm-none-eabi/lib/armv7e-m\libg.a(lib_a-dtoa.o)
 .text.quorem   0x080080e0      0x2ec c:/dave-3.1.10/arm-gcc/bin/../lib/gcc/arm-none-eabi/4.7.4/../../../../arm-none-eabi/lib/armv7e-m\libg.a(lib_a-dtoa.o)
 *fill*         0x080083cc        0x4 00
 .text._dtoa_r  0x080083d0     0x1258 c:/dave-3.1.10/arm-gcc/bin/../lib/gcc/arm-none-eabi/4.7.4/../../../../arm-none-eabi/lib/armv7e-m\libg.a(lib_a-dtoa.o)
                0x080083d0                _dtoa_r
 .text          0x08009628        0x0 c:/dave-3.1.10/arm-gcc/bin/../lib/gcc/arm-none-eabi/4.7.4/../../../../arm-none-eabi/lib/armv7e-m\libg.a(lib_a-impure.o)
 .text          0x08009628        0x0 c:/dave-3.1.10/arm-gcc/bin/../lib/gcc/arm-none-eabi/4.7.4/../../../../arm-none-eabi/lib/armv7e-m\libg.a(lib_a-locale.o)
 .text._setlocale_r
                0x08009628       0x40 c:/dave-3.1.10/arm-gcc/bin/../lib/gcc/arm-none-eabi/4.7.4/../../../../arm-none-eabi/lib/armv7e-m\libg.a(lib_a-locale.o)
                0x08009628                _setlocale_r
 .text.__locale_charset
                0x08009668        0xc c:/dave-3.1.10/arm-gcc/bin/../lib/gcc/arm-none-eabi/4.7.4/../../../../arm-none-eabi/lib/armv7e-m\libg.a(lib_a-locale.o)
                0x08009668                __locale_charset
 .text.__locale_mb_cur_max
                0x08009674        0xc c:/dave-3.1.10/arm-gcc/bin/../lib/gcc/arm-none-eabi/4.7.4/../../../../arm-none-eabi/lib/armv7e-m\libg.a(lib_a-locale.o)
                0x08009674                __locale_mb_cur_max
 .text.__locale_msgcharset
                0x08009680        0xc c:/dave-3.1.10/arm-gcc/bin/../lib/gcc/arm-none-eabi/4.7.4/../../../../arm-none-eabi/lib/armv7e-m\libg.a(lib_a-locale.o)
                0x08009680                __locale_msgcharset
 .text.__locale_cjk_lang
                0x0800968c        0x4 c:/dave-3.1.10/arm-gcc/bin/../lib/gcc/arm-none-eabi/4.7.4/../../../../arm-none-eabi/lib/armv7e-m\libg.a(lib_a-locale.o)
                0x0800968c                __locale_cjk_lang
 .text._localeconv_r
                0x08009690        0xc c:/dave-3.1.10/arm-gcc/bin/../lib/gcc/arm-none-eabi/4.7.4/../../../../arm-none-eabi/lib/armv7e-m\libg.a(lib_a-locale.o)
                0x08009690                _localeconv_r
 .text.setlocale
                0x0800969c       0x18 c:/dave-3.1.10/arm-gcc/bin/../lib/gcc/arm-none-eabi/4.7.4/../../../../arm-none-eabi/lib/armv7e-m\libg.a(lib_a-locale.o)
                0x0800969c                setlocale
 .text.localeconv
                0x080096b4        0xc c:/dave-3.1.10/arm-gcc/bin/../lib/gcc/arm-none-eabi/4.7.4/../../../../arm-none-eabi/lib/armv7e-m\libg.a(lib_a-locale.o)
                0x080096b4                localeconv
 .text          0x080096c0        0x0 c:/dave-3.1.10/arm-gcc/bin/../lib/gcc/arm-none-eabi/4.7.4/../../../../arm-none-eabi/lib/armv7e-m\libg.a(lib_a-mallocr.o)
 .text._malloc_r
                0x080096c0      0x55c c:/dave-3.1.10/arm-gcc/bin/../lib/gcc/arm-none-eabi/4.7.4/../../../../arm-none-eabi/lib/armv7e-m\libg.a(lib_a-mallocr.o)
                0x080096c0                _malloc_r
 .text          0x08009c1c        0x0 c:/dave-3.1.10/arm-gcc/bin/../lib/gcc/arm-none-eabi/4.7.4/../../../../arm-none-eabi/lib/armv7e-m\libg.a(lib_a-memchr.o)
 .text.memchr   0x08009c1c      0x140 c:/dave-3.1.10/arm-gcc/bin/../lib/gcc/arm-none-eabi/4.7.4/../../../../arm-none-eabi/lib/armv7e-m\libg.a(lib_a-memchr.o)
                0x08009c1c                memchr
 .text          0x08009d5c        0x0 c:/dave-3.1.10/arm-gcc/bin/../lib/gcc/arm-none-eabi/4.7.4/../../../../arm-none-eabi/lib/armv7e-m\libg.a(lib_a-mlock.o)
 .text.__malloc_lock
                0x08009d5c        0x4 c:/dave-3.1.10/arm-gcc/bin/../lib/gcc/arm-none-eabi/4.7.4/../../../../arm-none-eabi/lib/armv7e-m\libg.a(lib_a-mlock.o)
                0x08009d5c                __malloc_lock
 .text.__malloc_unlock
                0x08009d60        0x4 c:/dave-3.1.10/arm-gcc/bin/../lib/gcc/arm-none-eabi/4.7.4/../../../../arm-none-eabi/lib/armv7e-m\libg.a(lib_a-mlock.o)
                0x08009d60                __malloc_unlock
 .text          0x08009d64        0x0 c:/dave-3.1.10/arm-gcc/bin/../lib/gcc/arm-none-eabi/4.7.4/../../../../arm-none-eabi/lib/armv7e-m\libg.a(lib_a-mprec.o)
 .text._Balloc  0x08009d64       0x4c c:/dave-3.1.10/arm-gcc/bin/../lib/gcc/arm-none-eabi/4.7.4/../../../../arm-none-eabi/lib/armv7e-m\libg.a(lib_a-mprec.o)
                0x08009d64                _Balloc
 .text._Bfree   0x08009db0       0x14 c:/dave-3.1.10/arm-gcc/bin/../lib/gcc/arm-none-eabi/4.7.4/../../../../arm-none-eabi/lib/armv7e-m\libg.a(lib_a-mprec.o)
                0x08009db0                _Bfree
 .text.__multadd
                0x08009dc4       0xf8 c:/dave-3.1.10/arm-gcc/bin/../lib/gcc/arm-none-eabi/4.7.4/../../../../arm-none-eabi/lib/armv7e-m\libg.a(lib_a-mprec.o)
                0x08009dc4                __multadd
 .text.__s2b    0x08009ebc      0x140 c:/dave-3.1.10/arm-gcc/bin/../lib/gcc/arm-none-eabi/4.7.4/../../../../arm-none-eabi/lib/armv7e-m\libg.a(lib_a-mprec.o)
                0x08009ebc                __s2b
 .text.__hi0bits
                0x08009ffc       0x3c c:/dave-3.1.10/arm-gcc/bin/../lib/gcc/arm-none-eabi/4.7.4/../../../../arm-none-eabi/lib/armv7e-m\libg.a(lib_a-mprec.o)
                0x08009ffc                __hi0bits
 .text.__lo0bits
                0x0800a038       0x5c c:/dave-3.1.10/arm-gcc/bin/../lib/gcc/arm-none-eabi/4.7.4/../../../../arm-none-eabi/lib/armv7e-m\libg.a(lib_a-mprec.o)
                0x0800a038                __lo0bits
 .text.__i2b    0x0800a094       0x14 c:/dave-3.1.10/arm-gcc/bin/../lib/gcc/arm-none-eabi/4.7.4/../../../../arm-none-eabi/lib/armv7e-m\libg.a(lib_a-mprec.o)
                0x0800a094                __i2b
 .text.__multiply
                0x0800a0a8      0x2d0 c:/dave-3.1.10/arm-gcc/bin/../lib/gcc/arm-none-eabi/4.7.4/../../../../arm-none-eabi/lib/armv7e-m\libg.a(lib_a-mprec.o)
                0x0800a0a8                __multiply
 .text.__pow5mult
                0x0800a378       0x94 c:/dave-3.1.10/arm-gcc/bin/../lib/gcc/arm-none-eabi/4.7.4/../../../../arm-none-eabi/lib/armv7e-m\libg.a(lib_a-mprec.o)
                0x0800a378                __pow5mult
 .text.__lshift
                0x0800a40c      0x188 c:/dave-3.1.10/arm-gcc/bin/../lib/gcc/arm-none-eabi/4.7.4/../../../../arm-none-eabi/lib/armv7e-m\libg.a(lib_a-mprec.o)
                0x0800a40c                __lshift
 .text.__mcmp   0x0800a594       0x5c c:/dave-3.1.10/arm-gcc/bin/../lib/gcc/arm-none-eabi/4.7.4/../../../../arm-none-eabi/lib/armv7e-m\libg.a(lib_a-mprec.o)
                0x0800a594                __mcmp
 .text.__mdiff  0x0800a5f0      0x20c c:/dave-3.1.10/arm-gcc/bin/../lib/gcc/arm-none-eabi/4.7.4/../../../../arm-none-eabi/lib/armv7e-m\libg.a(lib_a-mprec.o)
                0x0800a5f0                __mdiff
 .text.__ulp    0x0800a7fc       0x44 c:/dave-3.1.10/arm-gcc/bin/../lib/gcc/arm-none-eabi/4.7.4/../../../../arm-none-eabi/lib/armv7e-m\libg.a(lib_a-mprec.o)
                0x0800a7fc                __ulp
 .text.__b2d    0x0800a840       0xbc c:/dave-3.1.10/arm-gcc/bin/../lib/gcc/arm-none-eabi/4.7.4/../../../../arm-none-eabi/lib/armv7e-m\libg.a(lib_a-mprec.o)
                0x0800a840                __b2d
 .text.__d2b    0x0800a8fc       0xc0 c:/dave-3.1.10/arm-gcc/bin/../lib/gcc/arm-none-eabi/4.7.4/../../../../arm-none-eabi/lib/armv7e-m\libg.a(lib_a-mprec.o)
                0x0800a8fc                __d2b
 .text.__ratio  0x0800a9bc       0x54 c:/dave-3.1.10/arm-gcc/bin/../lib/gcc/arm-none-eabi/4.7.4/../../../../arm-none-eabi/lib/armv7e-m\libg.a(lib_a-mprec.o)
                0x0800a9bc                __ratio
 .text._mprec_log10
                0x0800aa10       0x68 c:/dave-3.1.10/arm-gcc/bin/../lib/gcc/arm-none-eabi/4.7.4/../../../../arm-none-eabi/lib/armv7e-m\libg.a(lib_a-mprec.o)
                0x0800aa10                _mprec_log10
 .text.__copybits
                0x0800aa78       0xa4 c:/dave-3.1.10/arm-gcc/bin/../lib/gcc/arm-none-eabi/4.7.4/../../../../arm-none-eabi/lib/armv7e-m\libg.a(lib_a-mprec.o)
                0x0800aa78                __copybits
 .text.__any_on
                0x0800ab1c       0x74 c:/dave-3.1.10/arm-gcc/bin/../lib/gcc/arm-none-eabi/4.7.4/../../../../arm-none-eabi/lib/armv7e-m\libg.a(lib_a-mprec.o)
                0x0800ab1c                __any_on
 .text          0x0800ab90        0x0 c:/dave-3.1.10/arm-gcc/bin/../lib/gcc/arm-none-eabi/4.7.4/../../../../arm-none-eabi/lib/armv7e-m\libg.a(lib_a-s_fpclassify.o)
 .text.__fpclassifyd
                0x0800ab90       0x68 c:/dave-3.1.10/arm-gcc/bin/../lib/gcc/arm-none-eabi/4.7.4/../../../../arm-none-eabi/lib/armv7e-m\libg.a(lib_a-s_fpclassify.o)
                0x0800ab90                __fpclassifyd
 .text          0x0800abf8        0x0 c:/dave-3.1.10/arm-gcc/bin/../lib/gcc/arm-none-eabi/4.7.4/../../../../arm-none-eabi/lib/armv7e-m\libg.a(lib_a-sbrkr.o)
 .text._sbrk_r  0x0800abf8       0x24 c:/dave-3.1.10/arm-gcc/bin/../lib/gcc/arm-none-eabi/4.7.4/../../../../arm-none-eabi/lib/armv7e-m\libg.a(lib_a-sbrkr.o)
                0x0800abf8                _sbrk_r
 .text          0x0800ac1c        0x0 c:/dave-3.1.10/arm-gcc/bin/../lib/gcc/arm-none-eabi/4.7.4/../../../../arm-none-eabi/lib/armv7e-m\libg.a(lib_a-strcmp.o)
 .text.strcmp   0x0800ac1c       0x80 c:/dave-3.1.10/arm-gcc/bin/../lib/gcc/arm-none-eabi/4.7.4/../../../../arm-none-eabi/lib/armv7e-m\libg.a(lib_a-strcmp.o)
                0x0800ac1c                strcmp
 .text.strcmp_unaligned
                0x0800ac9c      0x15c c:/dave-3.1.10/arm-gcc/bin/../lib/gcc/arm-none-eabi/4.7.4/../../../../arm-none-eabi/lib/armv7e-m\libg.a(lib_a-strcmp.o)
 .text          0x0800adf8        0x0 c:/dave-3.1.10/arm-gcc/bin/../lib/gcc/arm-none-eabi/4.7.4/../../../../arm-none-eabi/lib/armv7e-m\libg.a(lib_a-svfiprintf.o)
 .text.__ssprint_r
                0x0800adf8      0x100 c:/dave-3.1.10/arm-gcc/bin/../lib/gcc/arm-none-eabi/4.7.4/../../../../arm-none-eabi/lib/armv7e-m\libg.a(lib_a-svfiprintf.o)
                0x0800adf8                __ssprint_r
 .text._svfiprintf_r
                0x0800aef8      0xde0 c:/dave-3.1.10/arm-gcc/bin/../lib/gcc/arm-none-eabi/4.7.4/../../../../arm-none-eabi/lib/armv7e-m\libg.a(lib_a-svfiprintf.o)
                0x0800aef8                _svfiprintf_r
 .text          0x0800bcd8        0x0 c:/dave-3.1.10/arm-gcc/bin/../lib/gcc/arm-none-eabi/4.7.4/../../../../arm-none-eabi/lib/armv7e-m\libg.a(lib_a-callocr.o)
 .text._calloc_r
                0x0800bcd8       0x60 c:/dave-3.1.10/arm-gcc/bin/../lib/gcc/arm-none-eabi/4.7.4/../../../../arm-none-eabi/lib/armv7e-m\libg.a(lib_a-callocr.o)
                0x0800bcd8                _calloc_r
 .text          0x0800bd38        0x0 c:/dave-3.1.10/arm-gcc/bin/../lib/gcc/arm-none-eabi/4.7.4/../../../../arm-none-eabi/lib/armv7e-m\libg.a(lib_a-freer.o)
 .text._malloc_trim_r
                0x0800bd38       0x98 c:/dave-3.1.10/arm-gcc/bin/../lib/gcc/arm-none-eabi/4.7.4/../../../../arm-none-eabi/lib/armv7e-m\libg.a(lib_a-freer.o)
                0x0800bd38                _malloc_trim_r
 .text._free_r  0x0800bdd0      0x194 c:/dave-3.1.10/arm-gcc/bin/../lib/gcc/arm-none-eabi/4.7.4/../../../../arm-none-eabi/lib/armv7e-m\libg.a(lib_a-freer.o)
                0x0800bdd0                _free_r
 .text          0x0800bf64        0x0 c:/dave-3.1.10/arm-gcc/bin/../lib/gcc/arm-none-eabi/4.7.4/../../../../arm-none-eabi/lib/armv7e-m\libg.a(lib_a-memmove.o)
 .text.memmove  0x0800bf64      0x198 c:/dave-3.1.10/arm-gcc/bin/../lib/gcc/arm-none-eabi/4.7.4/../../../../arm-none-eabi/lib/armv7e-m\libg.a(lib_a-memmove.o)
                0x0800bf64                memmove
 .text          0x0800c0fc        0x0 c:/dave-3.1.10/arm-gcc/bin/../lib/gcc/arm-none-eabi/4.7.4/../../../../arm-none-eabi/lib/armv7e-m\libg.a(lib_a-memset.o)
 .text.memset   0x0800c0fc      0x12c c:/dave-3.1.10/arm-gcc/bin/../lib/gcc/arm-none-eabi/4.7.4/../../../../arm-none-eabi/lib/armv7e-m\libg.a(lib_a-memset.o)
                0x0800c0fc                memset
 .text          0x0800c228        0x0 c:/dave-3.1.10/arm-gcc/bin/../lib/gcc/arm-none-eabi/4.7.4/../../../../arm-none-eabi/lib/armv7e-m\libg.a(lib_a-reallocr.o)
 .text._realloc_r
                0x0800c228      0x3dc c:/dave-3.1.10/arm-gcc/bin/../lib/gcc/arm-none-eabi/4.7.4/../../../../arm-none-eabi/lib/armv7e-m\libg.a(lib_a-reallocr.o)
                0x0800c228                _realloc_r
 .text          0x0800c604        0x0 c:/dave-3.1.10/arm-gcc/bin/../lib/gcc/arm-none-eabi/4.7.4/../../../../arm-none-eabi/lib/armv7e-m\libg.a(lib_a-reent.o)
 .text.cleanup_glue
                0x0800c604       0x1c c:/dave-3.1.10/arm-gcc/bin/../lib/gcc/arm-none-eabi/4.7.4/../../../../arm-none-eabi/lib/armv7e-m\libg.a(lib_a-reent.o)
                0x0800c604                cleanup_glue
 .text._reclaim_reent
                0x0800c620       0x8c c:/dave-3.1.10/arm-gcc/bin/../lib/gcc/arm-none-eabi/4.7.4/../../../../arm-none-eabi/lib/armv7e-m\libg.a(lib_a-reent.o)
                0x0800c620                _reclaim_reent
 .text._wrapup_reent
                0x0800c6ac       0x74 c:/dave-3.1.10/arm-gcc/bin/../lib/gcc/arm-none-eabi/4.7.4/../../../../arm-none-eabi/lib/armv7e-m\libg.a(lib_a-reent.o)
                0x0800c6ac                _wrapup_reent
 .text          0x0800c720      0x424 c:/dave-3.1.10/arm-gcc/bin/../lib/gcc/arm-none-eabi/4.7.4/armv7e-m\libgcc.a(_arm_muldivdf3.o)
                0x0800c720                __aeabi_dmul
                0x0800c720                __muldf3
                0x0800c974                __divdf3
                0x0800c974                __aeabi_ddiv
 .text          0x0800cb44       0x50 c:/dave-3.1.10/arm-gcc/bin/../lib/gcc/arm-none-eabi/4.7.4/armv7e-m\libgcc.a(_arm_fixdfsi.o)
                0x0800cb44                __aeabi_d2iz
                0x0800cb44                __fixdfsi
 .text          0x0800cb94       0x2c c:/dave-3.1.10/arm-gcc/bin/../lib/gcc/arm-none-eabi/4.7.4/armv7e-m\libgcc.a(_aeabi_uldivmod.o)
                0x0800cb94                __aeabi_uldivmod
 .text          0x0800cbc0       0x58 c:/dave-3.1.10/arm-gcc/bin/../lib/gcc/arm-none-eabi/4.7.4/armv7e-m\libgcc.a(bpabi.o)
                0x0800cbc0                __gnu_ldivmod_helper
                0x0800cbec                __gnu_uldivmod_helper
 .text          0x0800cc18        0x4 c:/dave-3.1.10/arm-gcc/bin/../lib/gcc/arm-none-eabi/4.7.4/armv7e-m\libgcc.a(_dvmd_tls.o)
                0x0800cc18                __aeabi_idiv0
                0x0800cc18                __aeabi_ldiv0
 .text          0x0800cc1c      0x2bc c:/dave-3.1.10/arm-gcc/bin/../lib/gcc/arm-none-eabi/4.7.4/armv7e-m\libgcc.a(_divdi3.o)
                0x0800cc1c                __divdi3
 .text          0x0800ced8      0x288 c:/dave-3.1.10/arm-gcc/bin/../lib/gcc/arm-none-eabi/4.7.4/armv7e-m\libgcc.a(_udivdi3.o)
                0x0800ced8                __udivdi3
 *(.glue*)
 .glue_7        0x00000000        0x0 linker stubs
 .glue_7t       0x00000000        0x0 linker stubs
 *(.v4*)
 .v4_bx         0x00000000        0x0 linker stubs
 *(.vfp11_veneer)
 .vfp11_veneer  0x00000000        0x0 linker stubs
 *(.init)
                0x0800d160                __preinit_array_start = .
 *(.preinit_array)
                0x0800d160                __preinit_array_end = .
                0x0800d160                __init_array_start = .
 *(SORT(.init_array.*))
 *(.init_array)
                0x0800d160                __init_array_end = .
 *crtbegin.o(.ctors)
 *(EXCLUDE_FILE(*crtend.o) .ctors)
 *(SORT(.ctors.*))
 *crtend.o(.ctors)
 *(.fini)
                0x0800d160                __fini_array_start = .
 *(.fini_array)
 *(SORT(.fini_array.*))
                0x0800d160                __fini_array_end = .
 *crtbegin.o(.dtors)
 *(EXCLUDE_FILE(*crtend.o) .dtors)
 *(SORT(.dtors.*))
 *crtend.o(.dtors)
                0x0800d160                __extab_start = .
 *(.ARM.extab* .gnu.linkonce.armextab.*)
 .ARM.extab.Xmc4500.reset
                0x0800d160        0x0 Startup/startup_XMC4500.o
 .ARM.extab.Xmc4500.postreset
                0x0800d160        0x0 Startup/startup_XMC4500.o
 .ARM.extab     0x0800d160        0x0 c:/dave-3.1.10/arm-gcc/bin/../lib/gcc/arm-none-eabi/4.7.4/armv7e-m\libgcc.a(_divdi3.o)
 .ARM.extab     0x0800d160        0x0 c:/dave-3.1.10/arm-gcc/bin/../lib/gcc/arm-none-eabi/4.7.4/armv7e-m\libgcc.a(_udivdi3.o)
                0x0800d160                . = ALIGN (0x4)
                0x0800d160                __extab_end = ABSOLUTE (.)

.iplt           0x0800d160        0x0 load address 0x0c00d160
 .iplt          0x00000000        0x0 Main.o

.ARM.exidx      0x0800d160       0x10 load address 0x0c00d160
                0x0800d160                __exidx_start = .
 *(.ARM.exidx* .gnu.linkonce.armexidx.*)
 .ARM.exidx.Xmc4500.reset
                0x0800d160        0x8 Startup/startup_XMC4500.o
 .ARM.exidx.Xmc4500.postreset
                0x0800d168        0x8 Startup/startup_XMC4500.o
 .ARM.exidx     0x0800d170        0x0 c:/dave-3.1.10/arm-gcc/bin/../lib/gcc/arm-none-eabi/4.7.4/armv7e-m\libgcc.a(_divdi3.o)
                                  0x8 (size before relaxing)
 .ARM.exidx     0x0800d170        0x0 c:/dave-3.1.10/arm-gcc/bin/../lib/gcc/arm-none-eabi/4.7.4/armv7e-m\libgcc.a(_udivdi3.o)
                                  0x8 (size before relaxing)
                0x0800d170                . = ALIGN (0x4)
                0x0800d170                __exidx_end = ABSOLUTE (.)

.rodata         0x0800d170      0x380 load address 0x0c00d170
 *(.rodata .rodata.*)
 .rodata        0x0800d170      0x14c Main.o
 .rodata        0x0800d2bc       0x34 Dave/Generated/src/UART001/UART001_Conf.o
                0x0800d2bc                UART001_Handle0
 .rodata        0x0800d2f0        0x4 Dave/Generated/src/NVIC002/NVIC002_Conf.o
                0x0800d2f0                NVIC002_Handle0
 .rodata        0x0800d2f4       0x20 Dave/Generated/src/IO004/IO004_Conf.o
                0x0800d2f4                IO004_Handle0
                0x0800d2fc                IO004_Handle1
                0x0800d304                IO004_Handle2
                0x0800d30c                IO004_Handle3
 .rodata        0x0800d314       0x10 Dave/Generated/src/CAN001/CAN001_Conf.o
                0x0800d314                CAN001_Handle0
 .rodata.str1.4
                0x0800d324       0x42 c:/dave-3.1.10/arm-gcc/bin/../lib/gcc/arm-none-eabi/4.7.4/../../../../arm-none-eabi/lib/armv7e-m\libg.a(lib_a-svfprintf.o)
                                 0x44 (size before relaxing)
 *fill*         0x0800d366        0x2 00
 .rodata.zeroes.6721
                0x0800d368       0x10 c:/dave-3.1.10/arm-gcc/bin/../lib/gcc/arm-none-eabi/4.7.4/../../../../arm-none-eabi/lib/armv7e-m\libg.a(lib_a-svfprintf.o)
 .rodata.blanks.6720
                0x0800d378       0x10 c:/dave-3.1.10/arm-gcc/bin/../lib/gcc/arm-none-eabi/4.7.4/../../../../arm-none-eabi/lib/armv7e-m\libg.a(lib_a-svfprintf.o)
 .rodata.str1.4
                0x0800d388       0x10 c:/dave-3.1.10/arm-gcc/bin/../lib/gcc/arm-none-eabi/4.7.4/../../../../arm-none-eabi/lib/armv7e-m\libg.a(lib_a-dtoa.o)
                                 0x14 (size before relaxing)
 .rodata.str1.4
                0x0800d398        0x2 c:/dave-3.1.10/arm-gcc/bin/../lib/gcc/arm-none-eabi/4.7.4/../../../../arm-none-eabi/lib/armv7e-m\libg.a(lib_a-impure.o)
                                  0x4 (size before relaxing)
 *fill*         0x0800d39a        0x2 00
 .rodata._global_impure_ptr
                0x0800d39c        0x4 c:/dave-3.1.10/arm-gcc/bin/../lib/gcc/arm-none-eabi/4.7.4/../../../../arm-none-eabi/lib/armv7e-m\libg.a(lib_a-impure.o)
                0x0800d39c                _global_impure_ptr
 .rodata.str1.4
                0x0800d3a0        0xc c:/dave-3.1.10/arm-gcc/bin/../lib/gcc/arm-none-eabi/4.7.4/../../../../arm-none-eabi/lib/armv7e-m\libg.a(lib_a-locale.o)
                                 0x14 (size before relaxing)
 .rodata.p05.5242
                0x0800d3ac        0xc c:/dave-3.1.10/arm-gcc/bin/../lib/gcc/arm-none-eabi/4.7.4/../../../../arm-none-eabi/lib/armv7e-m\libg.a(lib_a-mprec.o)
 .rodata.__mprec_tens
                0x0800d3b8       0xc8 c:/dave-3.1.10/arm-gcc/bin/../lib/gcc/arm-none-eabi/4.7.4/../../../../arm-none-eabi/lib/armv7e-m\libg.a(lib_a-mprec.o)
                0x0800d3b8                __mprec_tens
 .rodata.__mprec_bigtens
                0x0800d480       0x28 c:/dave-3.1.10/arm-gcc/bin/../lib/gcc/arm-none-eabi/4.7.4/../../../../arm-none-eabi/lib/armv7e-m\libg.a(lib_a-mprec.o)
                0x0800d480                __mprec_bigtens
 .rodata.__mprec_tinytens
                0x0800d4a8       0x28 c:/dave-3.1.10/arm-gcc/bin/../lib/gcc/arm-none-eabi/4.7.4/../../../../arm-none-eabi/lib/armv7e-m\libg.a(lib_a-mprec.o)
                0x0800d4a8                __mprec_tinytens
 .rodata.zeroes.6665
                0x0800d4d0       0x10 c:/dave-3.1.10/arm-gcc/bin/../lib/gcc/arm-none-eabi/4.7.4/../../../../arm-none-eabi/lib/armv7e-m\libg.a(lib_a-svfiprintf.o)
 .rodata.str1.4
                0x00000000       0x30 c:/dave-3.1.10/arm-gcc/bin/../lib/gcc/arm-none-eabi/4.7.4/../../../../arm-none-eabi/lib/armv7e-m\libg.a(lib_a-svfiprintf.o)
 .rodata.blanks.6664
                0x0800d4e0       0x10 c:/dave-3.1.10/arm-gcc/bin/../lib/gcc/arm-none-eabi/4.7.4/../../../../arm-none-eabi/lib/armv7e-m\libg.a(lib_a-svfiprintf.o)
 *(.gnu.linkonce.r*)

.rel.dyn        0x0800d4f0        0x0 load address 0x0c00d4f0
 .rel.iplt      0x00000000        0x0 Main.o
                0x0800d4f0                . = ALIGN (0x10)
                0x0c00d4f0                eROData = (. | 0x4000000)

Stack           0x20000000      0x800
                0x20000800                . = (. + stack_size)
 *fill*         0x20000000      0x800 00
                0x20000800                __Xmc4500_stack = .

Communication_Buffers
 *DMA_Descriptors.o(COMMON)

USB_RAM

.bss            0x20000800      0x694
                0x20000800                __Xmc4500_sBSS = .
 *(.bss)
 .bss           0x20000800       0x18 Main.o
                0x20000800                Timer_Wait_Expired
                0x20000801                Timer_Flag
                0x20000802                Timer_Flag_1sec
                0x20000803                time_secs
                0x20000804                Engine_RPM
                0x20000808                Vehicle_Speed
                0x2000080c                Fuel_Level
                0x20000810                VIN_Flag
                0x20000811                CAN_Rx_Flag
                0x20000812                CAN_Tx_FLAG
                0x20000813                CAN_RX_Pkt_Count
                0x20000814                temp
 .bss           0x20000818        0x0 Timer.o
 .bss           0x20000818        0x0 Startup/startup_XMC4500.o
 .bss           0x20000818        0x0 Startup/system_XMC4500.o
 .bss           0x20000818        0xc Lib/System_LibcStubs.o
                0x20000818                __dso_handle
 .bss           0x20000824        0x0 Dave/Generated/src/UART001/UART001.o
 .bss           0x20000824        0x0 Dave/Generated/src/UART001/UART001_Conf.o
 .bss           0x20000824        0xc Dave/Generated/src/SYSTM001/SYSTM001.o
                0x20000824                TimerList
                0x20000828                TimerTracker
                0x2000082c                SysTickCount
 .bss           0x20000830        0x0 Dave/Generated/src/RESET001/RESET001.o
 .bss           0x20000830        0x0 Dave/Generated/src/NVIC002/NVIC002.o
 .bss           0x20000830        0x0 Dave/Generated/src/NVIC002/NVIC002_Conf.o
 .bss           0x20000830        0x0 Dave/Generated/src/LIBS/CCU8PWMLIB.o
 .bss           0x20000830        0x0 Dave/Generated/src/LIBS/MOTORLIB.o
 .bss           0x20000830        0x0 Dave/Generated/src/IO004/IO004.o
 .bss           0x20000830        0x0 Dave/Generated/src/IO004/IO004_Conf.o
 .bss           0x20000830        0x0 Dave/Generated/src/DAVESupport/DAVE3.o
 .bss           0x20000830        0x0 Dave/Generated/src/DAVESupport/MULTIPLEXER.o
 .bss           0x20000830        0x8 Dave/Generated/src/CLK001/CLK001.o
 .bss           0x20000838        0x1 Dave/Generated/src/CANGLOBAL/CANGLOBAL.o
 .bss           0x20000839        0x0 Dave/Generated/src/CAN001/CAN001.o
 .bss           0x20000839        0x0 Dave/Generated/src/CAN001/CAN001_Conf.o
 .bss           0x20000839        0x0 c:/dave-3.1.10/arm-gcc/bin/../lib/gcc/arm-none-eabi/4.7.4/armv7e-m\libgcc.a(_arm_addsubdf3.o)
 .bss           0x20000839        0x0 c:/dave-3.1.10/arm-gcc/bin/../lib/gcc/arm-none-eabi/4.7.4/armv7e-m\libgcc.a(_arm_cmpdf2.o)
 .bss           0x20000839        0x0 c:/dave-3.1.10/arm-gcc/bin/../lib/gcc/arm-none-eabi/4.7.4/../../../../arm-none-eabi/lib/armv7e-m\libg.a(lib_a-init.o)
 .bss           0x20000839        0x0 c:/dave-3.1.10/arm-gcc/bin/../lib/gcc/arm-none-eabi/4.7.4/../../../../arm-none-eabi/lib/armv7e-m\libg.a(lib_a-memcpy.o)
 .bss           0x20000839        0x0 c:/dave-3.1.10/arm-gcc/bin/../lib/gcc/arm-none-eabi/4.7.4/../../../../arm-none-eabi/lib/armv7e-m\libg.a(lib_a-sprintf.o)
 .bss           0x20000839        0x0 c:/dave-3.1.10/arm-gcc/bin/../lib/gcc/arm-none-eabi/4.7.4/../../../../arm-none-eabi/lib/armv7e-m\libg.a(lib_a-strlen.o)
 .bss           0x20000839        0x0 c:/dave-3.1.10/arm-gcc/bin/../lib/gcc/arm-none-eabi/4.7.4/../../../../arm-none-eabi/lib/armv7e-m\libg.a(lib_a-svfprintf.o)
 .bss           0x20000839        0x0 c:/dave-3.1.10/arm-gcc/bin/../lib/gcc/arm-none-eabi/4.7.4/../../../../arm-none-eabi/lib/armv7e-m\libg.a(lib_a-dtoa.o)
 .bss           0x20000839        0x0 c:/dave-3.1.10/arm-gcc/bin/../lib/gcc/arm-none-eabi/4.7.4/../../../../arm-none-eabi/lib/armv7e-m\libg.a(lib_a-impure.o)
 .bss           0x20000839        0x0 c:/dave-3.1.10/arm-gcc/bin/../lib/gcc/arm-none-eabi/4.7.4/../../../../arm-none-eabi/lib/armv7e-m\libg.a(lib_a-locale.o)
 .bss           0x20000839        0x0 c:/dave-3.1.10/arm-gcc/bin/../lib/gcc/arm-none-eabi/4.7.4/../../../../arm-none-eabi/lib/armv7e-m\libg.a(lib_a-mallocr.o)
 .bss           0x20000839        0x0 c:/dave-3.1.10/arm-gcc/bin/../lib/gcc/arm-none-eabi/4.7.4/../../../../arm-none-eabi/lib/armv7e-m\libg.a(lib_a-memchr.o)
 .bss           0x20000839        0x0 c:/dave-3.1.10/arm-gcc/bin/../lib/gcc/arm-none-eabi/4.7.4/../../../../arm-none-eabi/lib/armv7e-m\libg.a(lib_a-mlock.o)
 .bss           0x20000839        0x0 c:/dave-3.1.10/arm-gcc/bin/../lib/gcc/arm-none-eabi/4.7.4/../../../../arm-none-eabi/lib/armv7e-m\libg.a(lib_a-mprec.o)
 .bss           0x20000839        0x0 c:/dave-3.1.10/arm-gcc/bin/../lib/gcc/arm-none-eabi/4.7.4/../../../../arm-none-eabi/lib/armv7e-m\libg.a(lib_a-s_fpclassify.o)
 .bss           0x20000839        0x0 c:/dave-3.1.10/arm-gcc/bin/../lib/gcc/arm-none-eabi/4.7.4/../../../../arm-none-eabi/lib/armv7e-m\libg.a(lib_a-sbrkr.o)
 .bss           0x20000839        0x0 c:/dave-3.1.10/arm-gcc/bin/../lib/gcc/arm-none-eabi/4.7.4/../../../../arm-none-eabi/lib/armv7e-m\libg.a(lib_a-strcmp.o)
 .bss           0x20000839        0x0 c:/dave-3.1.10/arm-gcc/bin/../lib/gcc/arm-none-eabi/4.7.4/../../../../arm-none-eabi/lib/armv7e-m\libg.a(lib_a-svfiprintf.o)
 .bss           0x20000839        0x0 c:/dave-3.1.10/arm-gcc/bin/../lib/gcc/arm-none-eabi/4.7.4/../../../../arm-none-eabi/lib/armv7e-m\libg.a(lib_a-callocr.o)
 .bss           0x20000839        0x0 c:/dave-3.1.10/arm-gcc/bin/../lib/gcc/arm-none-eabi/4.7.4/../../../../arm-none-eabi/lib/armv7e-m\libg.a(lib_a-freer.o)
 .bss           0x20000839        0x0 c:/dave-3.1.10/arm-gcc/bin/../lib/gcc/arm-none-eabi/4.7.4/../../../../arm-none-eabi/lib/armv7e-m\libg.a(lib_a-memmove.o)
 .bss           0x20000839        0x0 c:/dave-3.1.10/arm-gcc/bin/../lib/gcc/arm-none-eabi/4.7.4/../../../../arm-none-eabi/lib/armv7e-m\libg.a(lib_a-memset.o)
 .bss           0x20000839        0x0 c:/dave-3.1.10/arm-gcc/bin/../lib/gcc/arm-none-eabi/4.7.4/../../../../arm-none-eabi/lib/armv7e-m\libg.a(lib_a-reallocr.o)
 .bss           0x20000839        0x0 c:/dave-3.1.10/arm-gcc/bin/../lib/gcc/arm-none-eabi/4.7.4/../../../../arm-none-eabi/lib/armv7e-m\libg.a(lib_a-reent.o)
 .bss           0x20000839        0x0 c:/dave-3.1.10/arm-gcc/bin/../lib/gcc/arm-none-eabi/4.7.4/armv7e-m\libgcc.a(_arm_muldivdf3.o)
 .bss           0x20000839        0x0 c:/dave-3.1.10/arm-gcc/bin/../lib/gcc/arm-none-eabi/4.7.4/armv7e-m\libgcc.a(_arm_fixdfsi.o)
 .bss           0x20000839        0x0 c:/dave-3.1.10/arm-gcc/bin/../lib/gcc/arm-none-eabi/4.7.4/armv7e-m\libgcc.a(_aeabi_uldivmod.o)
 .bss           0x20000839        0x0 c:/dave-3.1.10/arm-gcc/bin/../lib/gcc/arm-none-eabi/4.7.4/armv7e-m\libgcc.a(bpabi.o)
 .bss           0x20000839        0x0 c:/dave-3.1.10/arm-gcc/bin/../lib/gcc/arm-none-eabi/4.7.4/armv7e-m\libgcc.a(_dvmd_tls.o)
 .bss           0x20000839        0x0 c:/dave-3.1.10/arm-gcc/bin/../lib/gcc/arm-none-eabi/4.7.4/armv7e-m\libgcc.a(_divdi3.o)
 .bss           0x20000839        0x0 c:/dave-3.1.10/arm-gcc/bin/../lib/gcc/arm-none-eabi/4.7.4/armv7e-m\libgcc.a(_udivdi3.o)
 *(.bss*)
 *fill*         0x20000839        0x3 00
 .bss._PathLocale
                0x2000083c        0x4 c:/dave-3.1.10/arm-gcc/bin/../lib/gcc/arm-none-eabi/4.7.4/../../../../arm-none-eabi/lib/armv7e-m\libg.a(lib_a-locale.o)
                0x2000083c                _PathLocale
 .bss.__nlocale_changed
                0x20000840        0x4 c:/dave-3.1.10/arm-gcc/bin/../lib/gcc/arm-none-eabi/4.7.4/../../../../arm-none-eabi/lib/armv7e-m\libg.a(lib_a-locale.o)
                0x20000840                __nlocale_changed
 .bss.__mlocale_changed
                0x20000844        0x4 c:/dave-3.1.10/arm-gcc/bin/../lib/gcc/arm-none-eabi/4.7.4/../../../../arm-none-eabi/lib/armv7e-m\libg.a(lib_a-locale.o)
                0x20000844                __mlocale_changed
 .bss.__malloc_max_total_mem
                0x20000848        0x4 c:/dave-3.1.10/arm-gcc/bin/../lib/gcc/arm-none-eabi/4.7.4/../../../../arm-none-eabi/lib/armv7e-m\libg.a(lib_a-mallocr.o)
                0x20000848                __malloc_max_total_mem
 .bss.__malloc_max_sbrked_mem
                0x2000084c        0x4 c:/dave-3.1.10/arm-gcc/bin/../lib/gcc/arm-none-eabi/4.7.4/../../../../arm-none-eabi/lib/armv7e-m\libg.a(lib_a-mallocr.o)
                0x2000084c                __malloc_max_sbrked_mem
 .bss.__malloc_top_pad
                0x20000850        0x4 c:/dave-3.1.10/arm-gcc/bin/../lib/gcc/arm-none-eabi/4.7.4/../../../../arm-none-eabi/lib/armv7e-m\libg.a(lib_a-mallocr.o)
                0x20000850                __malloc_top_pad
 .bss.__malloc_current_mallinfo
                0x20000854       0x28 c:/dave-3.1.10/arm-gcc/bin/../lib/gcc/arm-none-eabi/4.7.4/../../../../arm-none-eabi/lib/armv7e-m\libg.a(lib_a-mallocr.o)
                0x20000854                __malloc_current_mallinfo
 *(EXCLUDE_FILE(*DMA_Descriptors.o) COMMON)
 COMMON         0x2000087c      0x214 Main.o
                0x2000087c                CAN_RX_Buffer
                0x2000089c                Timer_WaitId
                0x200008a0                PID_Val
                0x200008a4                CanRecMsgObj
                0x20000934                CanTxMsgObj
                0x2000094c                Data_Len
                0x20000950                can_uart_buffer
                0x20000982                MODE_Val
                0x20000984                TimerId1Sec
                0x20000988                ECU_Test
                0x20000a88                ECU_Val
                0x20000a8c                TimerId
 COMMON         0x20000a90      0x400 Dave/Generated/src/SYSTM001/SYSTM001.o
                0x20000a90                TimerTbl
 COMMON         0x20000e90        0x4 c:/dave-3.1.10/arm-gcc/bin/../lib/gcc/arm-none-eabi/4.7.4/../../../../arm-none-eabi/lib/armv7e-m\libg.a(lib_a-reent.o)
                0x20000e90                errno
 *(.gnu.linkonce.b*)
                0x20000e94                __Xmc4500_eBSS = ALIGN (0x4)
                0x00000694                __Xmc4500_BSS_Size = (__Xmc4500_eBSS - __Xmc4500_sBSS)

.data           0x20000ea0     0x1340 load address 0x0c00d4f0
                0x20000ea0                __Xmc4500_sData = .
 *(.data)
 .data          0x20000ea0      0xa48 Main.o
                0x20000ea0                PID_Desc
                0x200017a0                obd_std_strings
                0x2000184c                pid_reslen
                0x2000189c                Data_Control_Frame
                0x200018a4                Data
                0x200018ac                data_uart
                0x200018bc                can_uart_error
                0x200018e0                data_uart_end
 .data          0x200018e8        0x0 Timer.o
 .data          0x200018e8        0x0 Startup/startup_XMC4500.o
 .data          0x200018e8        0x4 Startup/system_XMC4500.o
                0x200018e8                SystemCoreClock
 .data          0x200018ec        0x0 Lib/System_LibcStubs.o
 .data          0x200018ec        0x0 Dave/Generated/src/UART001/UART001.o
 .data          0x200018ec        0x4 Dave/Generated/src/UART001/UART001_Conf.o
                0x200018ec                UART001_HandleArray
 .data          0x200018f0        0x0 Dave/Generated/src/SYSTM001/SYSTM001.o
 .data          0x200018f0        0x0 Dave/Generated/src/RESET001/RESET001.o
 .data          0x200018f0        0x0 Dave/Generated/src/NVIC002/NVIC002.o
 .data          0x200018f0        0x4 Dave/Generated/src/NVIC002/NVIC002_Conf.o
                0x200018f0                NVIC002_HandleArray
 .data          0x200018f4        0x0 Dave/Generated/src/LIBS/CCU8PWMLIB.o
 .data          0x200018f4        0x0 Dave/Generated/src/LIBS/MOTORLIB.o
 .data          0x200018f4        0x0 Dave/Generated/src/IO004/IO004.o
 .data          0x200018f4        0x0 Dave/Generated/src/IO004/IO004_Conf.o
 .data          0x200018f4        0x0 Dave/Generated/src/DAVESupport/DAVE3.o
 .data          0x200018f4        0x0 Dave/Generated/src/DAVESupport/MULTIPLEXER.o
 .data          0x200018f4        0x0 Dave/Generated/src/CLK001/CLK001.o
 .data          0x200018f4        0x0 Dave/Generated/src/CANGLOBAL/CANGLOBAL.o
 .data          0x200018f4        0x0 Dave/Generated/src/CAN001/CAN001.o
 .data          0x200018f4       0x30 Dave/Generated/src/CAN001/CAN001_Conf.o
                0x200018f4                CAN001_MessageHandle0_1
                0x2000190c                CAN001_MessageHandle0_2
 .data          0x20001924        0x0 c:/dave-3.1.10/arm-gcc/bin/../lib/gcc/arm-none-eabi/4.7.4/armv7e-m\libgcc.a(_arm_addsubdf3.o)
 .data          0x20001924        0x0 c:/dave-3.1.10/arm-gcc/bin/../lib/gcc/arm-none-eabi/4.7.4/armv7e-m\libgcc.a(_arm_cmpdf2.o)
 .data          0x20001924        0x0 c:/dave-3.1.10/arm-gcc/bin/../lib/gcc/arm-none-eabi/4.7.4/../../../../arm-none-eabi/lib/armv7e-m\libg.a(lib_a-init.o)
 .data          0x20001924        0x0 c:/dave-3.1.10/arm-gcc/bin/../lib/gcc/arm-none-eabi/4.7.4/../../../../arm-none-eabi/lib/armv7e-m\libg.a(lib_a-memcpy.o)
 .data          0x20001924        0x0 c:/dave-3.1.10/arm-gcc/bin/../lib/gcc/arm-none-eabi/4.7.4/../../../../arm-none-eabi/lib/armv7e-m\libg.a(lib_a-sprintf.o)
 .data          0x20001924        0x0 c:/dave-3.1.10/arm-gcc/bin/../lib/gcc/arm-none-eabi/4.7.4/../../../../arm-none-eabi/lib/armv7e-m\libg.a(lib_a-strlen.o)
 .data          0x20001924        0x0 c:/dave-3.1.10/arm-gcc/bin/../lib/gcc/arm-none-eabi/4.7.4/../../../../arm-none-eabi/lib/armv7e-m\libg.a(lib_a-svfprintf.o)
 .data          0x20001924        0x0 c:/dave-3.1.10/arm-gcc/bin/../lib/gcc/arm-none-eabi/4.7.4/../../../../arm-none-eabi/lib/armv7e-m\libg.a(lib_a-dtoa.o)
 .data          0x20001924        0x0 c:/dave-3.1.10/arm-gcc/bin/../lib/gcc/arm-none-eabi/4.7.4/../../../../arm-none-eabi/lib/armv7e-m\libg.a(lib_a-impure.o)
 .data          0x20001924        0x0 c:/dave-3.1.10/arm-gcc/bin/../lib/gcc/arm-none-eabi/4.7.4/../../../../arm-none-eabi/lib/armv7e-m\libg.a(lib_a-locale.o)
 .data          0x20001924        0x0 c:/dave-3.1.10/arm-gcc/bin/../lib/gcc/arm-none-eabi/4.7.4/../../../../arm-none-eabi/lib/armv7e-m\libg.a(lib_a-mallocr.o)
 .data          0x20001924        0x0 c:/dave-3.1.10/arm-gcc/bin/../lib/gcc/arm-none-eabi/4.7.4/../../../../arm-none-eabi/lib/armv7e-m\libg.a(lib_a-memchr.o)
 .data          0x20001924        0x0 c:/dave-3.1.10/arm-gcc/bin/../lib/gcc/arm-none-eabi/4.7.4/../../../../arm-none-eabi/lib/armv7e-m\libg.a(lib_a-mlock.o)
 .data          0x20001924        0x0 c:/dave-3.1.10/arm-gcc/bin/../lib/gcc/arm-none-eabi/4.7.4/../../../../arm-none-eabi/lib/armv7e-m\libg.a(lib_a-mprec.o)
 .data          0x20001924        0x0 c:/dave-3.1.10/arm-gcc/bin/../lib/gcc/arm-none-eabi/4.7.4/../../../../arm-none-eabi/lib/armv7e-m\libg.a(lib_a-s_fpclassify.o)
 .data          0x20001924        0x0 c:/dave-3.1.10/arm-gcc/bin/../lib/gcc/arm-none-eabi/4.7.4/../../../../arm-none-eabi/lib/armv7e-m\libg.a(lib_a-sbrkr.o)
 .data          0x20001924        0x0 c:/dave-3.1.10/arm-gcc/bin/../lib/gcc/arm-none-eabi/4.7.4/../../../../arm-none-eabi/lib/armv7e-m\libg.a(lib_a-strcmp.o)
 .data          0x20001924        0x0 c:/dave-3.1.10/arm-gcc/bin/../lib/gcc/arm-none-eabi/4.7.4/../../../../arm-none-eabi/lib/armv7e-m\libg.a(lib_a-svfiprintf.o)
 .data          0x20001924        0x0 c:/dave-3.1.10/arm-gcc/bin/../lib/gcc/arm-none-eabi/4.7.4/../../../../arm-none-eabi/lib/armv7e-m\libg.a(lib_a-callocr.o)
 .data          0x20001924        0x0 c:/dave-3.1.10/arm-gcc/bin/../lib/gcc/arm-none-eabi/4.7.4/../../../../arm-none-eabi/lib/armv7e-m\libg.a(lib_a-freer.o)
 .data          0x20001924        0x0 c:/dave-3.1.10/arm-gcc/bin/../lib/gcc/arm-none-eabi/4.7.4/../../../../arm-none-eabi/lib/armv7e-m\libg.a(lib_a-memmove.o)
 .data          0x20001924        0x0 c:/dave-3.1.10/arm-gcc/bin/../lib/gcc/arm-none-eabi/4.7.4/../../../../arm-none-eabi/lib/armv7e-m\libg.a(lib_a-memset.o)
 .data          0x20001924        0x0 c:/dave-3.1.10/arm-gcc/bin/../lib/gcc/arm-none-eabi/4.7.4/../../../../arm-none-eabi/lib/armv7e-m\libg.a(lib_a-reallocr.o)
 .data          0x20001924        0x0 c:/dave-3.1.10/arm-gcc/bin/../lib/gcc/arm-none-eabi/4.7.4/../../../../arm-none-eabi/lib/armv7e-m\libg.a(lib_a-reent.o)
 .data          0x20001924        0x0 c:/dave-3.1.10/arm-gcc/bin/../lib/gcc/arm-none-eabi/4.7.4/armv7e-m\libgcc.a(_arm_muldivdf3.o)
 .data          0x20001924        0x0 c:/dave-3.1.10/arm-gcc/bin/../lib/gcc/arm-none-eabi/4.7.4/armv7e-m\libgcc.a(_arm_fixdfsi.o)
 .data          0x20001924        0x0 c:/dave-3.1.10/arm-gcc/bin/../lib/gcc/arm-none-eabi/4.7.4/armv7e-m\libgcc.a(_aeabi_uldivmod.o)
 .data          0x20001924        0x0 c:/dave-3.1.10/arm-gcc/bin/../lib/gcc/arm-none-eabi/4.7.4/armv7e-m\libgcc.a(bpabi.o)
 .data          0x20001924        0x0 c:/dave-3.1.10/arm-gcc/bin/../lib/gcc/arm-none-eabi/4.7.4/armv7e-m\libgcc.a(_dvmd_tls.o)
 .data          0x20001924        0x0 c:/dave-3.1.10/arm-gcc/bin/../lib/gcc/arm-none-eabi/4.7.4/armv7e-m\libgcc.a(_divdi3.o)
 .data          0x20001924        0x0 c:/dave-3.1.10/arm-gcc/bin/../lib/gcc/arm-none-eabi/4.7.4/armv7e-m\libgcc.a(_udivdi3.o)
 *(.data*)
 *fill*         0x20001924        0x4 00
 .data.impure_data
                0x20001928      0x428 c:/dave-3.1.10/arm-gcc/bin/../lib/gcc/arm-none-eabi/4.7.4/../../../../arm-none-eabi/lib/armv7e-m\libg.a(lib_a-impure.o)
 .data._impure_ptr
                0x20001d50        0x4 c:/dave-3.1.10/arm-gcc/bin/../lib/gcc/arm-none-eabi/4.7.4/../../../../arm-none-eabi/lib/armv7e-m\libg.a(lib_a-impure.o)
                0x20001d50                _impure_ptr
 .data.lc_message_charset
                0x20001d54       0x20 c:/dave-3.1.10/arm-gcc/bin/../lib/gcc/arm-none-eabi/4.7.4/../../../../arm-none-eabi/lib/armv7e-m\libg.a(lib_a-locale.o)
 .data.lconv    0x20001d74       0x38 c:/dave-3.1.10/arm-gcc/bin/../lib/gcc/arm-none-eabi/4.7.4/../../../../arm-none-eabi/lib/armv7e-m\libg.a(lib_a-locale.o)
 .data.lc_ctype_charset
                0x20001dac       0x20 c:/dave-3.1.10/arm-gcc/bin/../lib/gcc/arm-none-eabi/4.7.4/../../../../arm-none-eabi/lib/armv7e-m\libg.a(lib_a-locale.o)
 .data.__mb_cur_max
                0x20001dcc        0x4 c:/dave-3.1.10/arm-gcc/bin/../lib/gcc/arm-none-eabi/4.7.4/../../../../arm-none-eabi/lib/armv7e-m\libg.a(lib_a-locale.o)
                0x20001dcc                __mb_cur_max
 .data.__malloc_av_
                0x20001dd0      0x408 c:/dave-3.1.10/arm-gcc/bin/../lib/gcc/arm-none-eabi/4.7.4/../../../../arm-none-eabi/lib/armv7e-m\libg.a(lib_a-mallocr.o)
                0x20001dd0                __malloc_av_
 .data.__malloc_trim_threshold
                0x200021d8        0x4 c:/dave-3.1.10/arm-gcc/bin/../lib/gcc/arm-none-eabi/4.7.4/../../../../arm-none-eabi/lib/armv7e-m\libg.a(lib_a-mallocr.o)
                0x200021d8                __malloc_trim_threshold
 .data.__malloc_sbrk_base
                0x200021dc        0x4 c:/dave-3.1.10/arm-gcc/bin/../lib/gcc/arm-none-eabi/4.7.4/../../../../arm-none-eabi/lib/armv7e-m\libg.a(lib_a-mallocr.o)
                0x200021dc                __malloc_sbrk_base
 *(*.data)
 *(.gnu.linkonce.d*)
                0x200021e0                __Xmc4500_eData = ALIGN (0x4)
                0x00001340                __Xmc4500_Data_Size = (__Xmc4500_eData - __Xmc4500_sData)
                0x200021e0                __Xmc4500_heap_start = ALIGN (0x8)
                0x20010000                __Xmc4500_heap_end = (ORIGIN (DSRAM_1_system) + 0x10000)
                0x200021e0                Heap_Bank1_Start = __Xmc4500_heap_start
                0x0000de20                Heap_Bank1_Size = (__Xmc4500_heap_end - __Xmc4500_heap_start)
                0x20010000                Heap_Bank1_End = ABSOLUTE (__Xmc4500_heap_end)

.igot.plt       0x200021e0        0x0 load address 0x0c00e830
 .igot.plt      0x00000000        0x0 Main.o

DSRAM2_Heap     0x30000000        0x0
                0x30000000                Heap_Bank2_Start = .
                0x00008000                Heap_Bank2_Size = (0x8000 - (Heap_Bank2_Start - ORIGIN (DSRAM_2_comm)))

PSRAM_Heap      0x10000000        0x0
                0x10000000                Heap_Bank3_Start = .
                0x00010000                Heap_Bank3_Size = (0x10000 - (Heap_Bank3_Start - ORIGIN (PSRAM_1)))

/DISCARD/
 *(.comment)

.stab
 *(.stab)

.stabstr
 *(.stabstr)

.debug
 *(.debug)

.line
 *(.line)

.debug_srcinfo
 *(.debug_srcinfo)

.debug_sfnames
 *(.debug_sfnames)

.debug_aranges  0x00000000      0x568
 *(.debug_aranges)
 .debug_aranges
                0x00000000       0x70 Main.o
 .debug_aranges
                0x00000070       0x18 Timer.o
 .debug_aranges
                0x00000088       0x38 Startup/startup_XMC4500.o
 .debug_aranges
                0x000000c0       0x30 Startup/system_XMC4500.o
 .debug_aranges
                0x000000f0       0xa0 Lib/System_LibcStubs.o
 .debug_aranges
                0x00000190       0x80 Dave/Generated/src/UART001/UART001.o
 .debug_aranges
                0x00000210       0x18 Dave/Generated/src/UART001/UART001_Conf.o
 .debug_aranges
                0x00000228       0x90 Dave/Generated/src/SYSTM001/SYSTM001.o
 .debug_aranges
                0x000002b8       0x40 Dave/Generated/src/RESET001/RESET001.o
 .debug_aranges
                0x000002f8       0x50 Dave/Generated/src/NVIC002/NVIC002.o
 .debug_aranges
                0x00000348       0x18 Dave/Generated/src/NVIC002/NVIC002_Conf.o
 .debug_aranges
                0x00000360       0x18 Dave/Generated/src/LIBS/CCU8PWMLIB.o
 .debug_aranges
                0x00000378       0x18 Dave/Generated/src/LIBS/MOTORLIB.o
 .debug_aranges
                0x00000390       0x30 Dave/Generated/src/IO004/IO004.o
 .debug_aranges
                0x000003c0       0x18 Dave/Generated/src/IO004/IO004_Conf.o
 .debug_aranges
                0x000003d8       0x30 Dave/Generated/src/DAVESupport/DAVE3.o
 .debug_aranges
                0x00000408       0x28 Dave/Generated/src/DAVESupport/MULTIPLEXER.o
 .debug_aranges
                0x00000430       0x60 Dave/Generated/src/CLK001/CLK001.o
 .debug_aranges
                0x00000490       0x20 Dave/Generated/src/CANGLOBAL/CANGLOBAL.o
 .debug_aranges
                0x000004b0       0xa0 Dave/Generated/src/CAN001/CAN001.o
 .debug_aranges
                0x00000550       0x18 Dave/Generated/src/CAN001/CAN001_Conf.o

.debug_pubnames
 *(.debug_pubnames)

.debug_pubtypes
 *(.debug_pubtypes)

.debug_info     0x00000000     0x85ab
 *(.debug_info .gnu.linkonce.wi.*)
 .debug_info    0x00000000     0x153d Main.o
 .debug_info    0x0000153d       0x21 Timer.o
 .debug_info    0x0000155e       0x6f Startup/startup_XMC4500.o
 .debug_info    0x000015cd      0xaf0 Startup/system_XMC4500.o
 .debug_info    0x000020bd      0x65f Lib/System_LibcStubs.o
 .debug_info    0x0000271c      0xfc2 Dave/Generated/src/UART001/UART001.o
 .debug_info    0x000036de      0x805 Dave/Generated/src/UART001/UART001_Conf.o
 .debug_info    0x00003ee3      0xc2e Dave/Generated/src/SYSTM001/SYSTM001.o
 .debug_info    0x00004b11      0x47c Dave/Generated/src/RESET001/RESET001.o
 .debug_info    0x00004f8d      0x884 Dave/Generated/src/NVIC002/NVIC002.o
 .debug_info    0x00005811      0x127 Dave/Generated/src/NVIC002/NVIC002_Conf.o
 .debug_info    0x00005938       0x94 Dave/Generated/src/LIBS/CCU8PWMLIB.o
 .debug_info    0x000059cc       0x94 Dave/Generated/src/LIBS/MOTORLIB.o
 .debug_info    0x00005a60      0x3c6 Dave/Generated/src/IO004/IO004.o
 .debug_info    0x00005e26      0x2bc Dave/Generated/src/IO004/IO004_Conf.o
 .debug_info    0x000060e2      0x2e9 Dave/Generated/src/DAVESupport/DAVE3.o
 .debug_info    0x000063cb      0x805 Dave/Generated/src/DAVESupport/MULTIPLEXER.o
 .debug_info    0x00006bd0      0x689 Dave/Generated/src/CLK001/CLK001.o
 .debug_info    0x00007259      0x33a Dave/Generated/src/CANGLOBAL/CANGLOBAL.o
 .debug_info    0x00007593      0xd05 Dave/Generated/src/CAN001/CAN001.o
 .debug_info    0x00008298      0x313 Dave/Generated/src/CAN001/CAN001_Conf.o

.debug_abbrev   0x00000000     0x1870
 *(.debug_abbrev)
 .debug_abbrev  0x00000000      0x2a1 Main.o
 .debug_abbrev  0x000002a1       0x13 Timer.o
 .debug_abbrev  0x000002b4       0x12 Startup/startup_XMC4500.o
 .debug_abbrev  0x000002c6      0x154 Startup/system_XMC4500.o
 .debug_abbrev  0x0000041a      0x149 Lib/System_LibcStubs.o
 .debug_abbrev  0x00000563      0x203 Dave/Generated/src/UART001/UART001.o
 .debug_abbrev  0x00000766      0x12c Dave/Generated/src/UART001/UART001_Conf.o
 .debug_abbrev  0x00000892      0x26b Dave/Generated/src/SYSTM001/SYSTM001.o
 .debug_abbrev  0x00000afd      0x122 Dave/Generated/src/RESET001/RESET001.o
 .debug_abbrev  0x00000c1f      0x1c1 Dave/Generated/src/NVIC002/NVIC002.o
 .debug_abbrev  0x00000de0       0x9f Dave/Generated/src/NVIC002/NVIC002_Conf.o
 .debug_abbrev  0x00000e7f       0x4e Dave/Generated/src/LIBS/CCU8PWMLIB.o
 .debug_abbrev  0x00000ecd       0x4e Dave/Generated/src/LIBS/MOTORLIB.o
 .debug_abbrev  0x00000f1b      0x129 Dave/Generated/src/IO004/IO004.o
 .debug_abbrev  0x00001044       0xbb Dave/Generated/src/IO004/IO004_Conf.o
 .debug_abbrev  0x000010ff       0xf3 Dave/Generated/src/DAVESupport/DAVE3.o
 .debug_abbrev  0x000011f2      0x123 Dave/Generated/src/DAVESupport/MULTIPLEXER.o
 .debug_abbrev  0x00001315      0x186 Dave/Generated/src/CLK001/CLK001.o
 .debug_abbrev  0x0000149b       0xe6 Dave/Generated/src/CANGLOBAL/CANGLOBAL.o
 .debug_abbrev  0x00001581      0x20f Dave/Generated/src/CAN001/CAN001.o
 .debug_abbrev  0x00001790       0xe0 Dave/Generated/src/CAN001/CAN001_Conf.o

.debug_line     0x00000000     0x9522
 *(.debug_line)
 .debug_line    0x00000000      0xd09 Main.o
 .debug_line    0x00000d09       0x2b Timer.o
 .debug_line    0x00000d34      0x19d Startup/startup_XMC4500.o
 .debug_line    0x00000ed1      0x3b7 Startup/system_XMC4500.o
 .debug_line    0x00001288      0x3c1 Lib/System_LibcStubs.o
 .debug_line    0x00001649      0x6be Dave/Generated/src/UART001/UART001.o
 .debug_line    0x00001d07      0x3d4 Dave/Generated/src/UART001/UART001_Conf.o
 .debug_line    0x000020db      0xb77 Dave/Generated/src/SYSTM001/SYSTM001.o
 .debug_line    0x00002c52      0x41e Dave/Generated/src/RESET001/RESET001.o
 .debug_line    0x00003070      0x433 Dave/Generated/src/NVIC002/NVIC002.o
 .debug_line    0x000034a3      0x373 Dave/Generated/src/NVIC002/NVIC002_Conf.o
 .debug_line    0x00003816      0x9a1 Dave/Generated/src/LIBS/CCU8PWMLIB.o
 .debug_line    0x000041b7      0x99d Dave/Generated/src/LIBS/MOTORLIB.o
 .debug_line    0x00004b54      0xa00 Dave/Generated/src/IO004/IO004.o
 .debug_line    0x00005554      0x968 Dave/Generated/src/IO004/IO004_Conf.o
 .debug_line    0x00005ebc      0x940 Dave/Generated/src/DAVESupport/DAVE3.o
 .debug_line    0x000067fc      0x939 Dave/Generated/src/DAVESupport/MULTIPLEXER.o
 .debug_line    0x00007135      0x4af Dave/Generated/src/CLK001/CLK001.o
 .debug_line    0x000075e4      0x98a Dave/Generated/src/CANGLOBAL/CANGLOBAL.o
 .debug_line    0x00007f6e      0xc4a Dave/Generated/src/CAN001/CAN001.o
 .debug_line    0x00008bb8      0x96a Dave/Generated/src/CAN001/CAN001_Conf.o

.debug_frame    0x00000000     0x1508
 *(.debug_frame)
 .debug_frame   0x00000000      0x184 Main.o
 .debug_frame   0x00000184       0x6c Startup/system_XMC4500.o
 .debug_frame   0x000001f0      0x1ec Lib/System_LibcStubs.o
 .debug_frame   0x000003dc      0x190 Dave/Generated/src/UART001/UART001.o
 .debug_frame   0x0000056c      0x1d0 Dave/Generated/src/SYSTM001/SYSTM001.o
 .debug_frame   0x0000073c       0x9c Dave/Generated/src/RESET001/RESET001.o
 .debug_frame   0x000007d8       0xe4 Dave/Generated/src/NVIC002/NVIC002.o
 .debug_frame   0x000008bc       0x64 Dave/Generated/src/IO004/IO004.o
 .debug_frame   0x00000920       0x64 Dave/Generated/src/DAVESupport/DAVE3.o
 .debug_frame   0x00000984       0x48 Dave/Generated/src/DAVESupport/MULTIPLEXER.o
 .debug_frame   0x000009cc      0x120 Dave/Generated/src/CLK001/CLK001.o
 .debug_frame   0x00000aec       0x2c Dave/Generated/src/CANGLOBAL/CANGLOBAL.o
 .debug_frame   0x00000b18      0x1f8 Dave/Generated/src/CAN001/CAN001.o
 .debug_frame   0x00000d10       0x30 c:/dave-3.1.10/arm-gcc/bin/../lib/gcc/arm-none-eabi/4.7.4/../../../../arm-none-eabi/lib/armv7e-m\libg.a(lib_a-init.o)
 .debug_frame   0x00000d40       0x30 c:/dave-3.1.10/arm-gcc/bin/../lib/gcc/arm-none-eabi/4.7.4/../../../../arm-none-eabi/lib/armv7e-m\libg.a(lib_a-memcpy.o)
 .debug_frame   0x00000d70       0x60 c:/dave-3.1.10/arm-gcc/bin/../lib/gcc/arm-none-eabi/4.7.4/../../../../arm-none-eabi/lib/armv7e-m\libg.a(lib_a-sprintf.o)
 .debug_frame   0x00000dd0       0x20 c:/dave-3.1.10/arm-gcc/bin/../lib/gcc/arm-none-eabi/4.7.4/../../../../arm-none-eabi/lib/armv7e-m\libg.a(lib_a-strlen.o)
 .debug_frame   0x00000df0       0x3c c:/dave-3.1.10/arm-gcc/bin/../lib/gcc/arm-none-eabi/4.7.4/../../../../arm-none-eabi/lib/armv7e-m\libg.a(lib_a-svfprintf.o)
 .debug_frame   0x00000e2c       0x64 c:/dave-3.1.10/arm-gcc/bin/../lib/gcc/arm-none-eabi/4.7.4/../../../../arm-none-eabi/lib/armv7e-m\libg.a(lib_a-dtoa.o)
 .debug_frame   0x00000e90       0xa0 c:/dave-3.1.10/arm-gcc/bin/../lib/gcc/arm-none-eabi/4.7.4/../../../../arm-none-eabi/lib/armv7e-m\libg.a(lib_a-locale.o)
 .debug_frame   0x00000f30       0x38 c:/dave-3.1.10/arm-gcc/bin/../lib/gcc/arm-none-eabi/4.7.4/../../../../arm-none-eabi/lib/armv7e-m\libg.a(lib_a-mallocr.o)
 .debug_frame   0x00000f68       0x2c c:/dave-3.1.10/arm-gcc/bin/../lib/gcc/arm-none-eabi/4.7.4/../../../../arm-none-eabi/lib/armv7e-m\libg.a(lib_a-memchr.o)
 .debug_frame   0x00000f94       0x30 c:/dave-3.1.10/arm-gcc/bin/../lib/gcc/arm-none-eabi/4.7.4/../../../../arm-none-eabi/lib/armv7e-m\libg.a(lib_a-mlock.o)
 .debug_frame   0x00000fc4      0x234 c:/dave-3.1.10/arm-gcc/bin/../lib/gcc/arm-none-eabi/4.7.4/../../../../arm-none-eabi/lib/armv7e-m\libg.a(lib_a-mprec.o)
 .debug_frame   0x000011f8       0x20 c:/dave-3.1.10/arm-gcc/bin/../lib/gcc/arm-none-eabi/4.7.4/../../../../arm-none-eabi/lib/armv7e-m\libg.a(lib_a-s_fpclassify.o)
 .debug_frame   0x00001218       0x2c c:/dave-3.1.10/arm-gcc/bin/../lib/gcc/arm-none-eabi/4.7.4/../../../../arm-none-eabi/lib/armv7e-m\libg.a(lib_a-sbrkr.o)
 .debug_frame   0x00001244       0x30 c:/dave-3.1.10/arm-gcc/bin/../lib/gcc/arm-none-eabi/4.7.4/../../../../arm-none-eabi/lib/armv7e-m\libg.a(lib_a-strcmp.o)
 .debug_frame   0x00001274       0x64 c:/dave-3.1.10/arm-gcc/bin/../lib/gcc/arm-none-eabi/4.7.4/../../../../arm-none-eabi/lib/armv7e-m\libg.a(lib_a-svfiprintf.o)
 .debug_frame   0x000012d8       0x28 c:/dave-3.1.10/arm-gcc/bin/../lib/gcc/arm-none-eabi/4.7.4/../../../../arm-none-eabi/lib/armv7e-m\libg.a(lib_a-callocr.o)
 .debug_frame   0x00001300       0x50 c:/dave-3.1.10/arm-gcc/bin/../lib/gcc/arm-none-eabi/4.7.4/../../../../arm-none-eabi/lib/armv7e-m\libg.a(lib_a-freer.o)
 .debug_frame   0x00001350       0x30 c:/dave-3.1.10/arm-gcc/bin/../lib/gcc/arm-none-eabi/4.7.4/../../../../arm-none-eabi/lib/armv7e-m\libg.a(lib_a-memmove.o)
 .debug_frame   0x00001380       0x2c c:/dave-3.1.10/arm-gcc/bin/../lib/gcc/arm-none-eabi/4.7.4/../../../../arm-none-eabi/lib/armv7e-m\libg.a(lib_a-memset.o)
 .debug_frame   0x000013ac       0x38 c:/dave-3.1.10/arm-gcc/bin/../lib/gcc/arm-none-eabi/4.7.4/../../../../arm-none-eabi/lib/armv7e-m\libg.a(lib_a-reallocr.o)
 .debug_frame   0x000013e4       0x6c c:/dave-3.1.10/arm-gcc/bin/../lib/gcc/arm-none-eabi/4.7.4/../../../../arm-none-eabi/lib/armv7e-m\libg.a(lib_a-reent.o)
 .debug_frame   0x00001450       0x50 c:/dave-3.1.10/arm-gcc/bin/../lib/gcc/arm-none-eabi/4.7.4/armv7e-m\libgcc.a(bpabi.o)
 .debug_frame   0x000014a0       0x34 c:/dave-3.1.10/arm-gcc/bin/../lib/gcc/arm-none-eabi/4.7.4/armv7e-m\libgcc.a(_divdi3.o)
 .debug_frame   0x000014d4       0x34 c:/dave-3.1.10/arm-gcc/bin/../lib/gcc/arm-none-eabi/4.7.4/armv7e-m\libgcc.a(_udivdi3.o)

.debug_str      0x00000000    0x99dc4
 *(.debug_str)
 .debug_str     0x00000000    0x96184 Main.o
                              0x966a2 (size before relaxing)
 .debug_str     0x00096184        0xb Timer.o
                               0x22a1 (size before relaxing)
 .debug_str     0x0009618f      0x62d Startup/system_XMC4500.o
                              0x90469 (size before relaxing)
 .debug_str     0x000967bc     0x1505 Lib/System_LibcStubs.o
                               0x5889 (size before relaxing)
 .debug_str     0x00097cc1      0x7c1 Dave/Generated/src/UART001/UART001.o
                              0x9156b (size before relaxing)
 .debug_str     0x00098482       0x2d Dave/Generated/src/UART001/UART001_Conf.o
                              0x90db7 (size before relaxing)
 .debug_str     0x000984af      0xc5b Dave/Generated/src/SYSTM001/SYSTM001.o
                              0x9419f (size before relaxing)
 .debug_str     0x0009910a      0x225 Dave/Generated/src/RESET001/RESET001.o
                              0x907c8 (size before relaxing)
 .debug_str     0x0009932f       0x9b Dave/Generated/src/NVIC002/NVIC002.o
                              0x908fb (size before relaxing)
 .debug_str     0x000993ca       0x3d Dave/Generated/src/NVIC002/NVIC002_Conf.o
                              0x90170 (size before relaxing)
 .debug_str     0x00099407       0x28 Dave/Generated/src/LIBS/CCU8PWMLIB.o
                              0x933e1 (size before relaxing)
 .debug_str     0x0009942f       0x26 Dave/Generated/src/LIBS/MOTORLIB.o
                              0x933df (size before relaxing)
 .debug_str     0x00099455      0x164 Dave/Generated/src/IO004/IO004.o
                              0x93602 (size before relaxing)
 .debug_str     0x000995b9       0x29 Dave/Generated/src/IO004/IO004_Conf.o
                              0x934c9 (size before relaxing)
 .debug_str     0x000995e2       0x68 Dave/Generated/src/DAVESupport/DAVE3.o
                              0x934af (size before relaxing)
 .debug_str     0x0009964a       0xbb Dave/Generated/src/DAVESupport/MULTIPLEXER.o
                              0x9361e (size before relaxing)
 .debug_str     0x00099705      0x1a6 Dave/Generated/src/CLK001/CLK001.o
                              0x90a51 (size before relaxing)
 .debug_str     0x000998ab       0x80 Dave/Generated/src/CANGLOBAL/CANGLOBAL.o
                              0x935a0 (size before relaxing)
 .debug_str     0x0009992b      0x46e Dave/Generated/src/CAN001/CAN001.o
                              0x93e84 (size before relaxing)
 .debug_str     0x00099d99       0x2b Dave/Generated/src/CAN001/CAN001_Conf.o
                              0x9357c (size before relaxing)

.debug_loc      0x00000000     0x168f
 *(.debug_loc)
 .debug_loc     0x00000000      0x26d Main.o
 .debug_loc     0x0000026d       0xa8 Startup/system_XMC4500.o
 .debug_loc     0x00000315      0x388 Lib/System_LibcStubs.o
 .debug_loc     0x0000069d      0x2e6 Dave/Generated/src/UART001/UART001.o
 .debug_loc     0x00000983      0x330 Dave/Generated/src/SYSTM001/SYSTM001.o
 .debug_loc     0x00000cb3      0x118 Dave/Generated/src/RESET001/RESET001.o
 .debug_loc     0x00000dcb      0x17c Dave/Generated/src/NVIC002/NVIC002.o
 .debug_loc     0x00000f47       0x9c Dave/Generated/src/IO004/IO004.o
 .debug_loc     0x00000fe3       0x90 Dave/Generated/src/DAVESupport/DAVE3.o
 .debug_loc     0x00001073       0x64 Dave/Generated/src/DAVESupport/MULTIPLEXER.o
 .debug_loc     0x000010d7      0x1e0 Dave/Generated/src/CLK001/CLK001.o
 .debug_loc     0x000012b7       0x2c Dave/Generated/src/CANGLOBAL/CANGLOBAL.o
 .debug_loc     0x000012e3      0x3ac Dave/Generated/src/CAN001/CAN001.o

.debug_macinfo
 *(.debug_macinfo)

.debug_ranges   0x00000000      0x3e8
 *(.debug_ranges)
 .debug_ranges  0x00000000       0x60 Main.o
 .debug_ranges  0x00000060       0x30 Startup/startup_XMC4500.o
 .debug_ranges  0x00000090       0x20 Startup/system_XMC4500.o
 .debug_ranges  0x000000b0       0x90 Lib/System_LibcStubs.o
 .debug_ranges  0x00000140       0x70 Dave/Generated/src/UART001/UART001.o
 .debug_ranges  0x000001b0       0x80 Dave/Generated/src/SYSTM001/SYSTM001.o
 .debug_ranges  0x00000230       0x30 Dave/Generated/src/RESET001/RESET001.o
 .debug_ranges  0x00000260       0x40 Dave/Generated/src/NVIC002/NVIC002.o
 .debug_ranges  0x000002a0       0x20 Dave/Generated/src/IO004/IO004.o
 .debug_ranges  0x000002c0       0x20 Dave/Generated/src/DAVESupport/DAVE3.o
 .debug_ranges  0x000002e0       0x18 Dave/Generated/src/DAVESupport/MULTIPLEXER.o
 .debug_ranges  0x000002f8       0x50 Dave/Generated/src/CLK001/CLK001.o
 .debug_ranges  0x00000348       0x10 Dave/Generated/src/CANGLOBAL/CANGLOBAL.o
 .debug_ranges  0x00000358       0x90 Dave/Generated/src/CAN001/CAN001.o

.debug_weaknames
 *(.debug_weaknames)

.debug_funcnames
 *(.debug_funcnames)

.debug_typenames
 *(.debug_typenames)

.debug_varnames
 *(.debug_varnames)

.build_attributes
                0x00000000      0x9cd
 *(.ARM.attributes)
 .ARM.attributes
                0x00000000       0x39 Main.o
 .ARM.attributes